src/app/api/admin/approvals/route.ts(80,7): error TS2353: Object literal may only specify known properties, and 'isEmailVerified' does not exist in type 'SQL<unknown> | ((fields: { id: SQLiteColumn<{ name: "id"; tableName: "Student"; dataType: "string"; columnType: "SQLiteText"; data: string; driverParam: string; notNull: true; hasDefault: true; isPrimaryKey: true; ... 5 more ...; generated: undefined; }, {}, { ...; }>; ... 29 more ...; updatedAt: SQLiteColumn<...>; ...'.
src/app/api/admin/approvals/route.ts(147,14): error TS2353: Object literal may only specify known properties, and 'id' does not exist in type 'SQL<unknown> | ((fields: { id: SQLiteColumn<{ name: "id"; tableName: "PlacementDrive"; dataType: "string"; columnType: "SQLiteText"; data: string; driverParam: string; notNull: true; hasDefault: true; isPrimaryKey: true; ... 5 more ...; generated: undefined; }, {}, { ...; }>; ... 20 more ...; allowAlumni: SQLiteColu...'.
src/app/api/admin/approvals/route.ts(180,14): error TS2353: Object literal may only specify known properties, and 'id' does not exist in type 'SQL<unknown> | ((fields: { id: SQLiteColumn<{ name: "id"; tableName: "PlacementDrive"; dataType: "string"; columnType: "SQLiteText"; data: string; driverParam: string; notNull: true; hasDefault: true; isPrimaryKey: true; ... 5 more ...; generated: undefined; }, {}, { ...; }>; ... 20 more ...; allowAlumni: SQLiteColu...'.
src/app/api/admin/approvals/route.ts(188,18): error TS2551: Property 'recruiter' does not exist on type '{ duration: string | null; id: string; course: string; createdAt: string; updatedAt: string; companyName: string; roleName: string; jobDescription: string; ctc: string; minCGPA: number; jobType: string; ... 10 more ...; allowAlumni: boolean; }'. Did you mean 'recruiterId'?
src/app/api/admin/approvals/route.ts(191,21): error TS2551: Property 'recruiter' does not exist on type '{ duration: string | null; id: string; course: string; createdAt: string; updatedAt: string; companyName: string; roleName: string; jobDescription: string; ctc: string; minCGPA: number; jobType: string; ... 10 more ...; allowAlumni: boolean; }'. Did you mean 'recruiterId'?
src/app/api/admin/approvals/route.ts(193,46): error TS2551: Property 'recruiter' does not exist on type '{ duration: string | null; id: string; course: string; createdAt: string; updatedAt: string; companyName: string; roleName: string; jobDescription: string; ctc: string; minCGPA: number; jobType: string; ... 10 more ...; allowAlumni: boolean; }'. Did you mean 'recruiterId'?
src/app/api/admin/approvals/route.ts(203,21): error TS2551: Property 'recruiter' does not exist on type '{ duration: string | null; id: string; course: string; createdAt: string; updatedAt: string; companyName: string; roleName: string; jobDescription: string; ctc: string; minCGPA: number; jobType: string; ... 10 more ...; allowAlumni: boolean; }'. Did you mean 'recruiterId'?
src/app/api/admin/approvals/route.ts(214,12): error TS2769: No overload matches this call.
  Overload 1 of 3, '(left: SQLiteColumn<{ name: "id"; tableName: "Referral"; dataType: "string"; columnType: "SQLiteText"; data: string; driverParam: string; notNull: true; hasDefault: true; isPrimaryKey: true; isAutoincrement: false; ... 4 more ...; generated: undefined; }, {}, { ...; }>, right: string | SQLWrapper): SQL<...>', gave the following error.
    Object literal may only specify known properties, and 'in' does not exist in type 'SQLWrapper'.
  Overload 2 of 3, '(left: Aliased<{ in: string[]; }>, right: SQLWrapper | { in: string[]; }): SQL<unknown>', gave the following error.
    Argument of type 'SQLiteColumn<{ name: "id"; tableName: "Referral"; dataType: "string"; columnType: "SQLiteText"; data: string; driverParam: string; notNull: true; hasDefault: true; isPrimaryKey: true; isAutoincrement: false; ... 4 more ...; generated: undefined; }, {}, { ...; }>' is not assignable to parameter of type 'Aliased<{ in: string[]; }>'.
      Type 'SQLiteColumn<{ name: "id"; tableName: "Referral"; dataType: "string"; columnType: "SQLiteText"; data: string; driverParam: string; notNull: true; hasDefault: true; isPrimaryKey: true; isAutoincrement: false; ... 4 more ...; generated: undefined; }, {}, { ...; }>' is missing the following properties from type 'Aliased<{ in: string[]; }>': sql, fieldAlias
  Overload 3 of 3, '(left: never, right: unknown): SQL<unknown>', gave the following error.
    Argument of type 'SQLiteColumn<{ name: "id"; tableName: "Referral"; dataType: "string"; columnType: "SQLiteText"; data: string; driverParam: string; notNull: true; hasDefault: true; isPrimaryKey: true; isAutoincrement: false; ... 4 more ...; generated: undefined; }, {}, { ...; }>' is not assignable to parameter of type 'never'.
src/app/api/admin/approvals/route.ts(215,5): error TS2322: Type '{ alumni: { select: { id: true; name: true; personalEmail: true; }; }; }' is not assignable to type 'never'.
src/app/api/admin/approvals/route.ts(224,19): error TS2551: Property 'alumni' does not exist on type '{ id: string; createdAt: string; updatedAt: string; companyName: string; minCGPA: number | null; jobType: string | null; status: string; alumniId: string; position: string; description: string; ... 6 more ...; applyLink: string | null; }'. Did you mean 'alumniId'?
src/app/api/admin/approvals/route.ts(226,50): error TS2551: Property 'alumni' does not exist on type '{ id: string; createdAt: string; updatedAt: string; companyName: string; minCGPA: number | null; jobType: string | null; status: string; alumniId: string; position: string; description: string; ... 6 more ...; applyLink: string | null; }'. Did you mean 'alumniId'?
src/app/api/admin/approvals/route.ts(236,19): error TS2551: Property 'alumni' does not exist on type '{ id: string; createdAt: string; updatedAt: string; companyName: string; minCGPA: number | null; jobType: string | null; status: string; alumniId: string; position: string; description: string; ... 6 more ...; applyLink: string | null; }'. Did you mean 'alumniId'?
src/app/api/admin/approvals/route.ts(247,12): error TS2769: No overload matches this call.
  Overload 1 of 3, '(left: SQLiteColumn<{ name: "id"; tableName: "Memory"; dataType: "string"; columnType: "SQLiteText"; data: string; driverParam: string; notNull: true; hasDefault: true; isPrimaryKey: true; isAutoincrement: false; ... 4 more ...; generated: undefined; }, {}, { ...; }>, right: string | SQLWrapper): SQL<...>', gave the following error.
    Object literal may only specify known properties, and 'in' does not exist in type 'SQLWrapper'.
  Overload 2 of 3, '(left: Aliased<{ in: string[]; }>, right: SQLWrapper | { in: string[]; }): SQL<unknown>', gave the following error.
    Argument of type 'SQLiteColumn<{ name: "id"; tableName: "Memory"; dataType: "string"; columnType: "SQLiteText"; data: string; driverParam: string; notNull: true; hasDefault: true; isPrimaryKey: true; isAutoincrement: false; ... 4 more ...; generated: undefined; }, {}, { ...; }>' is not assignable to parameter of type 'Aliased<{ in: string[]; }>'.
      Type 'SQLiteColumn<{ name: "id"; tableName: "Memory"; dataType: "string"; columnType: "SQLiteText"; data: string; driverParam: string; notNull: true; hasDefault: true; isPrimaryKey: true; isAutoincrement: false; ... 4 more ...; generated: undefined; }, {}, { ...; }>' is missing the following properties from type 'Aliased<{ in: string[]; }>': sql, fieldAlias
  Overload 3 of 3, '(left: never, right: unknown): SQL<unknown>', gave the following error.
    Argument of type 'SQLiteColumn<{ name: "id"; tableName: "Memory"; dataType: "string"; columnType: "SQLiteText"; data: string; driverParam: string; notNull: true; hasDefault: true; isPrimaryKey: true; isAutoincrement: false; ... 4 more ...; generated: undefined; }, {}, { ...; }>' is not assignable to parameter of type 'never'.
src/app/api/admin/approvals/route.ts(248,5): error TS2322: Type '{ id: true; title: true; studentId: true; alumniId: true; student: { select: { email: true; name: true; }; }; alumni: { select: { personalEmail: true; name: true; }; }; }' is not assignable to type 'never'.
src/app/api/admin/approvals/route.ts(285,12): error TS2769: No overload matches this call.
  Overload 1 of 3, '(left: SQLiteColumn<{ name: "id"; tableName: "Volunteer"; dataType: "string"; columnType: "SQLiteText"; data: string; driverParam: string; notNull: true; hasDefault: true; isPrimaryKey: true; isAutoincrement: false; ... 4 more ...; generated: undefined; }, {}, { ...; }>, right: string | SQLWrapper): SQL<...>', gave the following error.
    Object literal may only specify known properties, and 'in' does not exist in type 'SQLWrapper'.
  Overload 2 of 3, '(left: Aliased<{ in: string[]; }>, right: SQLWrapper | { in: string[]; }): SQL<unknown>', gave the following error.
    Argument of type 'SQLiteColumn<{ name: "id"; tableName: "Volunteer"; dataType: "string"; columnType: "SQLiteText"; data: string; driverParam: string; notNull: true; hasDefault: true; isPrimaryKey: true; isAutoincrement: false; ... 4 more ...; generated: undefined; }, {}, { ...; }>' is not assignable to parameter of type 'Aliased<{ in: string[]; }>'.
      Type 'SQLiteColumn<{ name: "id"; tableName: "Volunteer"; dataType: "string"; columnType: "SQLiteText"; data: string; driverParam: string; notNull: true; hasDefault: true; isPrimaryKey: true; isAutoincrement: false; ... 4 more ...; generated: undefined; }, {}, { ...; }>' is missing the following properties from type 'Aliased<{ in: string[]; }>': sql, fieldAlias
  Overload 3 of 3, '(left: never, right: unknown): SQL<unknown>', gave the following error.
    Argument of type 'SQLiteColumn<{ name: "id"; tableName: "Volunteer"; dataType: "string"; columnType: "SQLiteText"; data: string; driverParam: string; notNull: true; hasDefault: true; isPrimaryKey: true; isAutoincrement: false; ... 4 more ...; generated: undefined; }, {}, { ...; }>' is not assignable to parameter of type 'never'.
src/app/api/admin/approvals/route.ts(286,5): error TS2322: Type '{ student: { select: { id: true; name: true; email: true; }; }; }' is not assignable to type 'never'.
src/app/api/admin/approvals/route.ts(293,14): error TS2551: Property 'student' does not exist on type '{ id: string; isVerified: boolean; createdAt: string; updatedAt: string; studentId: string | null; designation: string; assignedBy: string | null; assignedAt: Date | null; verificationNotes: string | null; isActive: boolean; }'. Did you mean 'studentId'?
src/app/api/admin/approvals/route.ts(296,17): error TS2551: Property 'student' does not exist on type '{ id: string; isVerified: boolean; createdAt: string; updatedAt: string; studentId: string | null; designation: string; assignedBy: string | null; assignedAt: Date | null; verificationNotes: string | null; isActive: boolean; }'. Did you mean 'studentId'?
src/app/api/admin/approvals/route.ts(298,45): error TS2551: Property 'student' does not exist on type '{ id: string; isVerified: boolean; createdAt: string; updatedAt: string; studentId: string | null; designation: string; assignedBy: string | null; assignedAt: Date | null; verificationNotes: string | null; isActive: boolean; }'. Did you mean 'studentId'?
src/app/api/admin/approvals/route.ts(308,17): error TS2551: Property 'student' does not exist on type '{ id: string; isVerified: boolean; createdAt: string; updatedAt: string; studentId: string | null; designation: string; assignedBy: string | null; assignedAt: Date | null; verificationNotes: string | null; isActive: boolean; }'. Did you mean 'studentId'?
src/app/api/admin/approvals/route.ts(326,11): error TS2322: Type '{ status: string; }' is not assignable to type 'SQL<unknown> | ((fields: { id: SQLiteColumn<{ name: "id"; tableName: "PlacementDrive"; dataType: "string"; columnType: "SQLiteText"; data: string; driverParam: string; notNull: true; hasDefault: true; isPrimaryKey: true; ... 5 more ...; generated: undefined; }, {}, { ...; }>; ... 20 more ...; allowAlumni: SQLiteColu...'.
src/app/api/admin/approvals/route.ts(330,22): error TS2353: Object literal may only specify known properties, and 'driveDate' does not exist in type 'ValueOrArray<SQL<unknown> | AnyColumn> | ((fields: { id: SQLiteColumn<{ name: "id"; tableName: "PlacementDrive"; dataType: "string"; columnType: "SQLiteText"; data: string; driverParam: string; ... 8 more ...; generated: undefined; }, {}, { ...; }>; ... 20 more ...; allowAlumni: SQLiteColumn<...>; }, operators: { .....'.
src/app/api/admin/approvals/route.ts(334,12): error TS2339: Property 'placementDrive' does not exist on type 'DrizzleD1Database<typeof import("C:/Users/91953/OneDrive/Desktop/Full-Stack/NextJS Projects/rgi-tnp/src/lib/schema")> & { $client: D1Database; }'.
src/app/api/admin/approvals/route.ts(343,11): error TS2322: Type '{ isApproved: boolean; }' is not assignable to type 'SQL<unknown> | ((fields: { id: SQLiteColumn<{ name: "id"; tableName: "StudentFeedback"; dataType: "string"; columnType: "SQLiteText"; data: string; driverParam: string; notNull: true; hasDefault: true; isPrimaryKey: true; ... 5 more ...; generated: undefined; }, {}, { ...; }>; ... 5 more ...; studentId: SQLiteColumn...'.
src/app/api/admin/approvals/route.ts(349,22): error TS2353: Object literal may only specify known properties, and 'createdAt' does not exist in type 'ValueOrArray<SQL<unknown> | AnyColumn> | ((fields: { id: SQLiteColumn<{ name: "id"; tableName: "StudentFeedback"; dataType: "string"; columnType: "SQLiteText"; data: string; ... 9 more ...; generated: undefined; }, {}, { ...; }>; ... 5 more ...; studentId: SQLiteColumn<...>; }, operators: { ...; }) => ValueOrArray<....'.
src/app/api/admin/approvals/route.ts(353,12): error TS2339: Property 'studentFeedback' does not exist on type 'DrizzleD1Database<typeof import("C:/Users/91953/OneDrive/Desktop/Full-Stack/NextJS Projects/rgi-tnp/src/lib/schema")> & { $client: D1Database; }'.
src/app/api/admin/approvals/route.ts(362,11): error TS2322: Type '{ isApproved: boolean; }' is not assignable to type 'SQL<unknown> | ((fields: { id: SQLiteColumn<{ name: "id"; tableName: "AlumniFeedback"; dataType: "string"; columnType: "SQLiteText"; data: string; driverParam: string; notNull: true; hasDefault: true; isPrimaryKey: true; ... 5 more ...; generated: undefined; }, {}, { ...; }>; ... 5 more ...; alumniId: SQLiteColumn<....'.
src/app/api/admin/approvals/route.ts(368,22): error TS2353: Object literal may only specify known properties, and 'createdAt' does not exist in type 'ValueOrArray<SQL<unknown> | AnyColumn> | ((fields: { id: SQLiteColumn<{ name: "id"; tableName: "AlumniFeedback"; dataType: "string"; columnType: "SQLiteText"; data: string; driverParam: string; ... 8 more ...; generated: undefined; }, {}, { ...; }>; ... 5 more ...; alumniId: SQLiteColumn<...>; }, operators: { ...; }...'.
src/app/api/admin/approvals/route.ts(372,12): error TS2339: Property 'alumniFeedback' does not exist on type 'DrizzleD1Database<typeof import("C:/Users/91953/OneDrive/Desktop/Full-Stack/NextJS Projects/rgi-tnp/src/lib/schema")> & { $client: D1Database; }'.
src/app/api/admin/approvals/route.ts(381,11): error TS2322: Type '{ isApproved: boolean; }' is not assignable to type 'SQL<unknown> | ((fields: { id: SQLiteColumn<{ name: "id"; tableName: "CorporateFeedback"; dataType: "string"; columnType: "SQLiteText"; data: string; driverParam: string; notNull: true; hasDefault: true; isPrimaryKey: true; ... 5 more ...; generated: undefined; }, {}, { ...; }>; ... 5 more ...; recruiterId: SQLiteCo...'.
src/app/api/admin/approvals/route.ts(385,22): error TS2353: Object literal may only specify known properties, and 'createdAt' does not exist in type 'ValueOrArray<SQL<unknown> | AnyColumn> | ((fields: { id: SQLiteColumn<{ name: "id"; tableName: "CorporateFeedback"; dataType: "string"; columnType: "SQLiteText"; data: string; ... 9 more ...; generated: undefined; }, {}, { ...; }>; ... 5 more ...; recruiterId: SQLiteColumn<...>; }, operators: { ...; }) => ValueOrArr...'.
src/app/api/admin/approvals/route.ts(389,12): error TS2339: Property 'corporateFeedback' does not exist on type 'DrizzleD1Database<typeof import("C:/Users/91953/OneDrive/Desktop/Full-Stack/NextJS Projects/rgi-tnp/src/lib/schema")> & { $client: D1Database; }'.
src/app/api/admin/approvals/route.ts(398,11): error TS2322: Type '{ status: string; }' is not assignable to type 'SQL<unknown> | ((fields: { id: SQLiteColumn<{ name: "id"; tableName: "Referral"; dataType: "string"; columnType: "SQLiteText"; data: string; driverParam: string; notNull: true; hasDefault: true; isPrimaryKey: true; ... 5 more ...; generated: undefined; }, {}, { ...; }>; ... 15 more ...; updatedAt: SQLiteColumn<...>;...'.
src/app/api/admin/approvals/route.ts(407,12): error TS2339: Property 'referral' does not exist on type 'DrizzleD1Database<typeof import("C:/Users/91953/OneDrive/Desktop/Full-Stack/NextJS Projects/rgi-tnp/src/lib/schema")> & { $client: D1Database; }'.
src/app/api/admin/approvals/route.ts(416,11): error TS2322: Type '{ isVerified: boolean; }' is not assignable to type 'SQL<unknown> | ((fields: { id: SQLiteColumn<{ name: "id"; tableName: "ExternalStudent"; dataType: "string"; columnType: "SQLiteText"; data: string; driverParam: string; notNull: true; hasDefault: true; isPrimaryKey: true; ... 5 more ...; generated: undefined; }, {}, { ...; }>; ... 29 more ...; updatedAt: SQLiteColum...'.
src/app/api/admin/approvals/route.ts(436,12): error TS2339: Property 'externalStudent' does not exist on type 'DrizzleD1Database<typeof import("C:/Users/91953/OneDrive/Desktop/Full-Stack/NextJS Projects/rgi-tnp/src/lib/schema")> & { $client: D1Database; }'.
src/app/api/admin/approvals/route.ts(447,11): error TS2322: Type '{ OR: { status: string; }[]; }' is not assignable to type 'SQL<unknown> | ((fields: { id: SQLiteColumn<{ name: "id"; tableName: "Memory"; dataType: "string"; columnType: "SQLiteText"; data: string; driverParam: string; notNull: true; hasDefault: true; isPrimaryKey: true; ... 5 more ...; generated: undefined; }, {}, { ...; }>; ... 6 more ...; createdAt: SQLiteColumn<...>; },...'.
src/app/api/admin/approvals/route.ts(456,22): error TS2353: Object literal may only specify known properties, and 'createdAt' does not exist in type 'ValueOrArray<SQL<unknown> | AnyColumn> | ((fields: { id: SQLiteColumn<{ name: "id"; tableName: "Memory"; dataType: "string"; columnType: "SQLiteText"; data: string; driverParam: string; ... 8 more ...; generated: undefined; }, {}, { ...; }>; ... 6 more ...; createdAt: SQLiteColumn<...>; }, operators: { ...; }) => Va...'.
src/app/api/admin/approvals/route.ts(460,12): error TS2339: Property 'memory' does not exist on type 'DrizzleD1Database<typeof import("C:/Users/91953/OneDrive/Desktop/Full-Stack/NextJS Projects/rgi-tnp/src/lib/schema")> & { $client: D1Database; }'.
src/app/api/admin/approvals/route.ts(469,11): error TS2322: Type '{ emailVerificationFailed: boolean; }' is not assignable to type 'SQL<unknown> | ((fields: { id: SQLiteColumn<{ name: "id"; tableName: "Student"; dataType: "string"; columnType: "SQLiteText"; data: string; driverParam: string; notNull: true; hasDefault: true; isPrimaryKey: true; ... 5 more ...; generated: undefined; }, {}, { ...; }>; ... 29 more ...; updatedAt: SQLiteColumn<...>; ...'.
src/app/api/admin/approvals/route.ts(484,22): error TS2353: Object literal may only specify known properties, and 'createdAt' does not exist in type 'ValueOrArray<SQL<unknown> | AnyColumn> | ((fields: { id: SQLiteColumn<{ name: "id"; tableName: "Student"; dataType: "string"; columnType: "SQLiteText"; data: string; driverParam: string; ... 8 more ...; generated: undefined; }, {}, { ...; }>; ... 29 more ...; updatedAt: SQLiteColumn<...>; }, operators: { ...; }) => ...'.
src/app/api/admin/approvals/route.ts(488,12): error TS2339: Property 'student' does not exist on type 'DrizzleD1Database<typeof import("C:/Users/91953/OneDrive/Desktop/Full-Stack/NextJS Projects/rgi-tnp/src/lib/schema")> & { $client: D1Database; }'.
src/app/api/admin/approvals/route.ts(497,11): error TS2322: Type '{ emailVerificationFailed: boolean; }' is not assignable to type 'SQL<unknown> | ((fields: { id: SQLiteColumn<{ name: "id"; tableName: "Alumni"; dataType: "string"; columnType: "SQLiteText"; data: string; driverParam: string; notNull: true; hasDefault: true; isPrimaryKey: true; ... 5 more ...; generated: undefined; }, {}, { ...; }>; ... 31 more ...; isTransferred: SQLiteColumn<......'.
src/app/api/admin/approvals/route.ts(511,22): error TS2353: Object literal may only specify known properties, and 'createdAt' does not exist in type 'ValueOrArray<SQL<unknown> | AnyColumn> | ((fields: { id: SQLiteColumn<{ name: "id"; tableName: "Alumni"; dataType: "string"; columnType: "SQLiteText"; data: string; driverParam: string; ... 8 more ...; generated: undefined; }, {}, { ...; }>; ... 31 more ...; isTransferred: SQLiteColumn<...>; }, operators: { ...; }) ...'.
src/app/api/admin/approvals/route.ts(515,12): error TS2339: Property 'alumni' does not exist on type 'DrizzleD1Database<typeof import("C:/Users/91953/OneDrive/Desktop/Full-Stack/NextJS Projects/rgi-tnp/src/lib/schema")> & { $client: D1Database; }'.
src/app/api/admin/approvals/route.ts(524,11): error TS2322: Type '{ emailVerificationFailed: boolean; }' is not assignable to type 'SQL<unknown> | ((fields: { id: SQLiteColumn<{ name: "id"; tableName: "ExternalStudent"; dataType: "string"; columnType: "SQLiteText"; data: string; driverParam: string; notNull: true; hasDefault: true; isPrimaryKey: true; ... 5 more ...; generated: undefined; }, {}, { ...; }>; ... 29 more ...; updatedAt: SQLiteColum...'.
src/app/api/admin/approvals/route.ts(540,22): error TS2353: Object literal may only specify known properties, and 'createdAt' does not exist in type 'ValueOrArray<SQL<unknown> | AnyColumn> | ((fields: { id: SQLiteColumn<{ name: "id"; tableName: "ExternalStudent"; dataType: "string"; columnType: "SQLiteText"; data: string; ... 9 more ...; generated: undefined; }, {}, { ...; }>; ... 29 more ...; updatedAt: SQLiteColumn<...>; }, operators: { ...; }) => ValueOrArray<...'.
src/app/api/admin/approvals/route.ts(544,12): error TS2339: Property 'externalStudent' does not exist on type 'DrizzleD1Database<typeof import("C:/Users/91953/OneDrive/Desktop/Full-Stack/NextJS Projects/rgi-tnp/src/lib/schema")> & { $client: D1Database; }'.
src/app/api/admin/approvals/route.ts(553,11): error TS2322: Type '{ isVerified: boolean; }' is not assignable to type 'SQL<unknown> | ((fields: { id: SQLiteColumn<{ name: "id"; tableName: "Volunteer"; dataType: "string"; columnType: "SQLiteText"; data: string; driverParam: string; notNull: true; hasDefault: true; isPrimaryKey: true; ... 5 more ...; generated: undefined; }, {}, { ...; }>; ... 8 more ...; updatedAt: SQLiteColumn<...>;...'.
src/app/api/admin/approvals/route.ts(573,22): error TS2353: Object literal may only specify known properties, and 'createdAt' does not exist in type 'ValueOrArray<SQL<unknown> | AnyColumn> | ((fields: { id: SQLiteColumn<{ name: "id"; tableName: "Volunteer"; dataType: "string"; columnType: "SQLiteText"; data: string; driverParam: string; ... 8 more ...; generated: undefined; }, {}, { ...; }>; ... 8 more ...; updatedAt: SQLiteColumn<...>; }, operators: { ...; }) =>...'.
src/app/api/admin/approvals/route.ts(577,12): error TS2339: Property 'volunteer' does not exist on type 'DrizzleD1Database<typeof import("C:/Users/91953/OneDrive/Desktop/Full-Stack/NextJS Projects/rgi-tnp/src/lib/schema")> & { $client: D1Database; }'.
src/app/api/admin/approvals/route.ts(619,16): error TS2339: Property 'placementDrive' does not exist on type 'DrizzleD1Database<typeof import("C:/Users/91953/OneDrive/Desktop/Full-Stack/NextJS Projects/rgi-tnp/src/lib/schema")> & { $client: D1Database; }'.
src/app/api/admin/approvals/route.ts(636,16): error TS2339: Property 'referral' does not exist on type 'DrizzleD1Database<typeof import("C:/Users/91953/OneDrive/Desktop/Full-Stack/NextJS Projects/rgi-tnp/src/lib/schema")> & { $client: D1Database; }'.
src/app/api/admin/approvals/route.ts(647,18): error TS2339: Property 'externalStudent' does not exist on type 'DrizzleD1Database<typeof import("C:/Users/91953/OneDrive/Desktop/Full-Stack/NextJS Projects/rgi-tnp/src/lib/schema")> & { $client: D1Database; }'.
src/app/api/admin/approvals/route.ts(656,22): error TS2769: No overload matches this call.
  Overload 1 of 3, '(left: SQLiteColumn<{ name: "id"; tableName: "ExternalStudent"; dataType: "string"; columnType: "SQLiteText"; data: string; driverParam: string; notNull: true; hasDefault: true; isPrimaryKey: true; isAutoincrement: false; ... 4 more ...; generated: undefined; }, {}, { ...; }>, right: string | SQLWrapper): SQL<...>', gave the following error.
    Object literal may only specify known properties, and 'in' does not exist in type 'SQLWrapper'.
  Overload 2 of 3, '(left: Aliased<{ in: string[]; }>, right: SQLWrapper | { in: string[]; }): SQL<unknown>', gave the following error.
    Argument of type 'SQLiteColumn<{ name: "id"; tableName: "ExternalStudent"; dataType: "string"; columnType: "SQLiteText"; data: string; driverParam: string; notNull: true; hasDefault: true; isPrimaryKey: true; isAutoincrement: false; ... 4 more ...; generated: undefined; }, {}, { ...; }>' is not assignable to parameter of type 'Aliased<{ in: string[]; }>'.
      Type 'SQLiteColumn<{ name: "id"; tableName: "ExternalStudent"; dataType: "string"; columnType: "SQLiteText"; data: string; driverParam: string; notNull: true; hasDefault: true; isPrimaryKey: true; isAutoincrement: false; ... 4 more ...; generated: undefined; }, {}, { ...; }>' is missing the following properties from type 'Aliased<{ in: string[]; }>': sql, fieldAlias
  Overload 3 of 3, '(left: never, right: unknown): SQL<unknown>', gave the following error.
    Argument of type 'SQLiteColumn<{ name: "id"; tableName: "ExternalStudent"; dataType: "string"; columnType: "SQLiteText"; data: string; driverParam: string; notNull: true; hasDefault: true; isPrimaryKey: true; isAutoincrement: false; ... 4 more ...; generated: undefined; }, {}, { ...; }>' is not assignable to parameter of type 'never'.
src/app/api/admin/approvals/route.ts(657,15): error TS2322: Type '{ id: true; name: true; email: true; }' is not assignable to type 'never'.
src/app/api/admin/approvals/route.ts(684,18): error TS2769: No overload matches this call.
  Overload 1 of 3, '(left: SQLiteColumn<{ name: "id"; tableName: "ExternalStudent"; dataType: "string"; columnType: "SQLiteText"; data: string; driverParam: string; notNull: true; hasDefault: true; isPrimaryKey: true; isAutoincrement: false; ... 4 more ...; generated: undefined; }, {}, { ...; }>, right: string | SQLWrapper): SQL<...>', gave the following error.
    Object literal may only specify known properties, and 'in' does not exist in type 'SQLWrapper'.
  Overload 2 of 3, '(left: Aliased<{ in: string[]; }>, right: SQLWrapper | { in: string[]; }): SQL<unknown>', gave the following error.
    Argument of type 'SQLiteColumn<{ name: "id"; tableName: "ExternalStudent"; dataType: "string"; columnType: "SQLiteText"; data: string; driverParam: string; notNull: true; hasDefault: true; isPrimaryKey: true; isAutoincrement: false; ... 4 more ...; generated: undefined; }, {}, { ...; }>' is not assignable to parameter of type 'Aliased<{ in: string[]; }>'.
      Type 'SQLiteColumn<{ name: "id"; tableName: "ExternalStudent"; dataType: "string"; columnType: "SQLiteText"; data: string; driverParam: string; notNull: true; hasDefault: true; isPrimaryKey: true; isAutoincrement: false; ... 4 more ...; generated: undefined; }, {}, { ...; }>' is missing the following properties from type 'Aliased<{ in: string[]; }>': sql, fieldAlias
  Overload 3 of 3, '(left: never, right: unknown): SQL<unknown>', gave the following error.
    Argument of type 'SQLiteColumn<{ name: "id"; tableName: "ExternalStudent"; dataType: "string"; columnType: "SQLiteText"; data: string; driverParam: string; notNull: true; hasDefault: true; isPrimaryKey: true; isAutoincrement: false; ... 4 more ...; generated: undefined; }, {}, { ...; }>' is not assignable to parameter of type 'never'.
src/app/api/admin/approvals/route.ts(685,11): error TS2322: Type '{ profileImageUrl: true; resumeUrl: true; }' is not assignable to type 'never'.
src/app/api/admin/approvals/route.ts(691,18): error TS2339: Property 'externalStudent' does not exist on type 'DrizzleD1Database<typeof import("C:/Users/91953/OneDrive/Desktop/Full-Stack/NextJS Projects/rgi-tnp/src/lib/schema")> & { $client: D1Database; }'.
src/app/api/admin/approvals/route.ts(699,18): error TS2339: Property 'memory' does not exist on type 'DrizzleD1Database<typeof import("C:/Users/91953/OneDrive/Desktop/Full-Stack/NextJS Projects/rgi-tnp/src/lib/schema")> & { $client: D1Database; }'.
src/app/api/admin/approvals/route.ts(711,18): error TS2769: No overload matches this call.
  Overload 1 of 3, '(left: SQLiteColumn<{ name: "id"; tableName: "Memory"; dataType: "string"; columnType: "SQLiteText"; data: string; driverParam: string; notNull: true; hasDefault: true; isPrimaryKey: true; isAutoincrement: false; ... 4 more ...; generated: undefined; }, {}, { ...; }>, right: string | SQLWrapper): SQL<...>', gave the following error.
    Object literal may only specify known properties, and 'in' does not exist in type 'SQLWrapper'.
  Overload 2 of 3, '(left: Aliased<{ in: string[]; }>, right: SQLWrapper | { in: string[]; }): SQL<unknown>', gave the following error.
    Argument of type 'SQLiteColumn<{ name: "id"; tableName: "Memory"; dataType: "string"; columnType: "SQLiteText"; data: string; driverParam: string; notNull: true; hasDefault: true; isPrimaryKey: true; isAutoincrement: false; ... 4 more ...; generated: undefined; }, {}, { ...; }>' is not assignable to parameter of type 'Aliased<{ in: string[]; }>'.
      Type 'SQLiteColumn<{ name: "id"; tableName: "Memory"; dataType: "string"; columnType: "SQLiteText"; data: string; driverParam: string; notNull: true; hasDefault: true; isPrimaryKey: true; isAutoincrement: false; ... 4 more ...; generated: undefined; }, {}, { ...; }>' is missing the following properties from type 'Aliased<{ in: string[]; }>': sql, fieldAlias
  Overload 3 of 3, '(left: never, right: unknown): SQL<unknown>', gave the following error.
    Argument of type 'SQLiteColumn<{ name: "id"; tableName: "Memory"; dataType: "string"; columnType: "SQLiteText"; data: string; driverParam: string; notNull: true; hasDefault: true; isPrimaryKey: true; isAutoincrement: false; ... 4 more ...; generated: undefined; }, {}, { ...; }>' is not assignable to parameter of type 'never'.
src/app/api/admin/approvals/route.ts(712,11): error TS2322: Type '{ imageUrl: true; }' is not assignable to type 'never'.
src/app/api/admin/approvals/route.ts(716,18): error TS2339: Property 'memory' does not exist on type 'DrizzleD1Database<typeof import("C:/Users/91953/OneDrive/Desktop/Full-Stack/NextJS Projects/rgi-tnp/src/lib/schema")> & { $client: D1Database; }'.
src/app/api/admin/approvals/route.ts(724,18): error TS2339: Property 'studentFeedback' does not exist on type 'DrizzleD1Database<typeof import("C:/Users/91953/OneDrive/Desktop/Full-Stack/NextJS Projects/rgi-tnp/src/lib/schema")> & { $client: D1Database; }'.
src/app/api/admin/approvals/route.ts(729,18): error TS2339: Property 'studentFeedback' does not exist on type 'DrizzleD1Database<typeof import("C:/Users/91953/OneDrive/Desktop/Full-Stack/NextJS Projects/rgi-tnp/src/lib/schema")> & { $client: D1Database; }'.
src/app/api/admin/approvals/route.ts(735,18): error TS2339: Property 'alumniFeedback' does not exist on type 'DrizzleD1Database<typeof import("C:/Users/91953/OneDrive/Desktop/Full-Stack/NextJS Projects/rgi-tnp/src/lib/schema")> & { $client: D1Database; }'.
src/app/api/admin/approvals/route.ts(740,18): error TS2339: Property 'alumniFeedback' does not exist on type 'DrizzleD1Database<typeof import("C:/Users/91953/OneDrive/Desktop/Full-Stack/NextJS Projects/rgi-tnp/src/lib/schema")> & { $client: D1Database; }'.
src/app/api/admin/approvals/route.ts(746,18): error TS2339: Property 'corporateFeedback' does not exist on type 'DrizzleD1Database<typeof import("C:/Users/91953/OneDrive/Desktop/Full-Stack/NextJS Projects/rgi-tnp/src/lib/schema")> & { $client: D1Database; }'.
src/app/api/admin/approvals/route.ts(751,18): error TS2339: Property 'corporateFeedback' does not exist on type 'DrizzleD1Database<typeof import("C:/Users/91953/OneDrive/Desktop/Full-Stack/NextJS Projects/rgi-tnp/src/lib/schema")> & { $client: D1Database; }'.
src/app/api/admin/approvals/route.ts(757,18): error TS2339: Property 'student' does not exist on type 'DrizzleD1Database<typeof import("C:/Users/91953/OneDrive/Desktop/Full-Stack/NextJS Projects/rgi-tnp/src/lib/schema")> & { $client: D1Database; }'.
src/app/api/admin/approvals/route.ts(770,22): error TS2769: No overload matches this call.
  Overload 1 of 3, '(left: SQLiteColumn<{ name: "id"; tableName: "Student"; dataType: "string"; columnType: "SQLiteText"; data: string; driverParam: string; notNull: true; hasDefault: true; isPrimaryKey: true; isAutoincrement: false; ... 4 more ...; generated: undefined; }, {}, { ...; }>, right: string | SQLWrapper): SQL<...>', gave the following error.
    Object literal may only specify known properties, and 'in' does not exist in type 'SQLWrapper'.
  Overload 2 of 3, '(left: Aliased<{ in: string[]; }>, right: SQLWrapper | { in: string[]; }): SQL<unknown>', gave the following error.
    Argument of type 'SQLiteColumn<{ name: "id"; tableName: "Student"; dataType: "string"; columnType: "SQLiteText"; data: string; driverParam: string; notNull: true; hasDefault: true; isPrimaryKey: true; isAutoincrement: false; ... 4 more ...; generated: undefined; }, {}, { ...; }>' is not assignable to parameter of type 'Aliased<{ in: string[]; }>'.
      Type 'SQLiteColumn<{ name: "id"; tableName: "Student"; dataType: "string"; columnType: "SQLiteText"; data: string; driverParam: string; notNull: true; hasDefault: true; isPrimaryKey: true; isAutoincrement: false; ... 4 more ...; generated: undefined; }, {}, { ...; }>' is missing the following properties from type 'Aliased<{ in: string[]; }>': sql, fieldAlias
  Overload 3 of 3, '(left: never, right: unknown): SQL<unknown>', gave the following error.
    Argument of type 'SQLiteColumn<{ name: "id"; tableName: "Student"; dataType: "string"; columnType: "SQLiteText"; data: string; driverParam: string; notNull: true; hasDefault: true; isPrimaryKey: true; isAutoincrement: false; ... 4 more ...; generated: undefined; }, {}, { ...; }>' is not assignable to parameter of type 'never'.
src/app/api/admin/approvals/route.ts(771,15): error TS2322: Type '{ id: true; name: true; email: true; }' is not assignable to type 'never'.
src/app/api/admin/approvals/route.ts(797,18): error TS2769: No overload matches this call.
  Overload 1 of 3, '(left: SQLiteColumn<{ name: "id"; tableName: "Student"; dataType: "string"; columnType: "SQLiteText"; data: string; driverParam: string; notNull: true; hasDefault: true; isPrimaryKey: true; isAutoincrement: false; ... 4 more ...; generated: undefined; }, {}, { ...; }>, right: string | SQLWrapper): SQL<...>', gave the following error.
    Object literal may only specify known properties, and 'in' does not exist in type 'SQLWrapper'.
  Overload 2 of 3, '(left: Aliased<{ in: string[]; }>, right: SQLWrapper | { in: string[]; }): SQL<unknown>', gave the following error.
    Argument of type 'SQLiteColumn<{ name: "id"; tableName: "Student"; dataType: "string"; columnType: "SQLiteText"; data: string; driverParam: string; notNull: true; hasDefault: true; isPrimaryKey: true; isAutoincrement: false; ... 4 more ...; generated: undefined; }, {}, { ...; }>' is not assignable to parameter of type 'Aliased<{ in: string[]; }>'.
      Type 'SQLiteColumn<{ name: "id"; tableName: "Student"; dataType: "string"; columnType: "SQLiteText"; data: string; driverParam: string; notNull: true; hasDefault: true; isPrimaryKey: true; isAutoincrement: false; ... 4 more ...; generated: undefined; }, {}, { ...; }>' is missing the following properties from type 'Aliased<{ in: string[]; }>': sql, fieldAlias
  Overload 3 of 3, '(left: never, right: unknown): SQL<unknown>', gave the following error.
    Argument of type 'SQLiteColumn<{ name: "id"; tableName: "Student"; dataType: "string"; columnType: "SQLiteText"; data: string; driverParam: string; notNull: true; hasDefault: true; isPrimaryKey: true; isAutoincrement: false; ... 4 more ...; generated: undefined; }, {}, { ...; }>' is not assignable to parameter of type 'never'.
src/app/api/admin/approvals/route.ts(798,11): error TS2322: Type '{ profileImageUrl: true; resumeUrl: true; }' is not assignable to type 'never'.
src/app/api/admin/approvals/route.ts(804,18): error TS2339: Property 'student' does not exist on type 'DrizzleD1Database<typeof import("C:/Users/91953/OneDrive/Desktop/Full-Stack/NextJS Projects/rgi-tnp/src/lib/schema")> & { $client: D1Database; }'.
src/app/api/admin/approvals/route.ts(812,18): error TS2339: Property 'alumni' does not exist on type 'DrizzleD1Database<typeof import("C:/Users/91953/OneDrive/Desktop/Full-Stack/NextJS Projects/rgi-tnp/src/lib/schema")> & { $client: D1Database; }'.
src/app/api/admin/approvals/route.ts(824,22): error TS2769: No overload matches this call.
  Overload 1 of 3, '(left: SQLiteColumn<{ name: "id"; tableName: "Alumni"; dataType: "string"; columnType: "SQLiteText"; data: string; driverParam: string; notNull: true; hasDefault: true; isPrimaryKey: true; isAutoincrement: false; ... 4 more ...; generated: undefined; }, {}, { ...; }>, right: string | SQLWrapper): SQL<...>', gave the following error.
    Object literal may only specify known properties, and 'in' does not exist in type 'SQLWrapper'.
  Overload 2 of 3, '(left: Aliased<{ in: string[]; }>, right: SQLWrapper | { in: string[]; }): SQL<unknown>', gave the following error.
    Argument of type 'SQLiteColumn<{ name: "id"; tableName: "Alumni"; dataType: "string"; columnType: "SQLiteText"; data: string; driverParam: string; notNull: true; hasDefault: true; isPrimaryKey: true; isAutoincrement: false; ... 4 more ...; generated: undefined; }, {}, { ...; }>' is not assignable to parameter of type 'Aliased<{ in: string[]; }>'.
      Type 'SQLiteColumn<{ name: "id"; tableName: "Alumni"; dataType: "string"; columnType: "SQLiteText"; data: string; driverParam: string; notNull: true; hasDefault: true; isPrimaryKey: true; isAutoincrement: false; ... 4 more ...; generated: undefined; }, {}, { ...; }>' is missing the following properties from type 'Aliased<{ in: string[]; }>': sql, fieldAlias
  Overload 3 of 3, '(left: never, right: unknown): SQL<unknown>', gave the following error.
    Argument of type 'SQLiteColumn<{ name: "id"; tableName: "Alumni"; dataType: "string"; columnType: "SQLiteText"; data: string; driverParam: string; notNull: true; hasDefault: true; isPrimaryKey: true; isAutoincrement: false; ... 4 more ...; generated: undefined; }, {}, { ...; }>' is not assignable to parameter of type 'never'.
src/app/api/admin/approvals/route.ts(825,15): error TS2322: Type '{ id: true; name: true; personalEmail: true; }' is not assignable to type 'never'.
src/app/api/admin/approvals/route.ts(851,18): error TS2769: No overload matches this call.
  Overload 1 of 3, '(left: SQLiteColumn<{ name: "id"; tableName: "Alumni"; dataType: "string"; columnType: "SQLiteText"; data: string; driverParam: string; notNull: true; hasDefault: true; isPrimaryKey: true; isAutoincrement: false; ... 4 more ...; generated: undefined; }, {}, { ...; }>, right: string | SQLWrapper): SQL<...>', gave the following error.
    Object literal may only specify known properties, and 'in' does not exist in type 'SQLWrapper'.
  Overload 2 of 3, '(left: Aliased<{ in: string[]; }>, right: SQLWrapper | { in: string[]; }): SQL<unknown>', gave the following error.
    Argument of type 'SQLiteColumn<{ name: "id"; tableName: "Alumni"; dataType: "string"; columnType: "SQLiteText"; data: string; driverParam: string; notNull: true; hasDefault: true; isPrimaryKey: true; isAutoincrement: false; ... 4 more ...; generated: undefined; }, {}, { ...; }>' is not assignable to parameter of type 'Aliased<{ in: string[]; }>'.
      Type 'SQLiteColumn<{ name: "id"; tableName: "Alumni"; dataType: "string"; columnType: "SQLiteText"; data: string; driverParam: string; notNull: true; hasDefault: true; isPrimaryKey: true; isAutoincrement: false; ... 4 more ...; generated: undefined; }, {}, { ...; }>' is missing the following properties from type 'Aliased<{ in: string[]; }>': sql, fieldAlias
  Overload 3 of 3, '(left: never, right: unknown): SQL<unknown>', gave the following error.
    Argument of type 'SQLiteColumn<{ name: "id"; tableName: "Alumni"; dataType: "string"; columnType: "SQLiteText"; data: string; driverParam: string; notNull: true; hasDefault: true; isPrimaryKey: true; isAutoincrement: false; ... 4 more ...; generated: undefined; }, {}, { ...; }>' is not assignable to parameter of type 'never'.
src/app/api/admin/approvals/route.ts(852,11): error TS2322: Type '{ profileImageUrl: true; }' is not assignable to type 'never'.
src/app/api/admin/approvals/route.ts(858,18): error TS2339: Property 'alumni' does not exist on type 'DrizzleD1Database<typeof import("C:/Users/91953/OneDrive/Desktop/Full-Stack/NextJS Projects/rgi-tnp/src/lib/schema")> & { $client: D1Database; }'.
src/app/api/admin/approvals/route.ts(866,18): error TS2339: Property 'externalStudent' does not exist on type 'DrizzleD1Database<typeof import("C:/Users/91953/OneDrive/Desktop/Full-Stack/NextJS Projects/rgi-tnp/src/lib/schema")> & { $client: D1Database; }'.
src/app/api/admin/approvals/route.ts(878,22): error TS2769: No overload matches this call.
  Overload 1 of 3, '(left: SQLiteColumn<{ name: "id"; tableName: "ExternalStudent"; dataType: "string"; columnType: "SQLiteText"; data: string; driverParam: string; notNull: true; hasDefault: true; isPrimaryKey: true; isAutoincrement: false; ... 4 more ...; generated: undefined; }, {}, { ...; }>, right: string | SQLWrapper): SQL<...>', gave the following error.
    Object literal may only specify known properties, and 'in' does not exist in type 'SQLWrapper'.
  Overload 2 of 3, '(left: Aliased<{ in: string[]; }>, right: SQLWrapper | { in: string[]; }): SQL<unknown>', gave the following error.
    Argument of type 'SQLiteColumn<{ name: "id"; tableName: "ExternalStudent"; dataType: "string"; columnType: "SQLiteText"; data: string; driverParam: string; notNull: true; hasDefault: true; isPrimaryKey: true; isAutoincrement: false; ... 4 more ...; generated: undefined; }, {}, { ...; }>' is not assignable to parameter of type 'Aliased<{ in: string[]; }>'.
      Type 'SQLiteColumn<{ name: "id"; tableName: "ExternalStudent"; dataType: "string"; columnType: "SQLiteText"; data: string; driverParam: string; notNull: true; hasDefault: true; isPrimaryKey: true; isAutoincrement: false; ... 4 more ...; generated: undefined; }, {}, { ...; }>' is missing the following properties from type 'Aliased<{ in: string[]; }>': sql, fieldAlias
  Overload 3 of 3, '(left: never, right: unknown): SQL<unknown>', gave the following error.
    Argument of type 'SQLiteColumn<{ name: "id"; tableName: "ExternalStudent"; dataType: "string"; columnType: "SQLiteText"; data: string; driverParam: string; notNull: true; hasDefault: true; isPrimaryKey: true; isAutoincrement: false; ... 4 more ...; generated: undefined; }, {}, { ...; }>' is not assignable to parameter of type 'never'.
src/app/api/admin/approvals/route.ts(879,15): error TS2322: Type '{ id: true; name: true; email: true; }' is not assignable to type 'never'.
src/app/api/admin/approvals/route.ts(905,18): error TS2769: No overload matches this call.
  Overload 1 of 3, '(left: SQLiteColumn<{ name: "id"; tableName: "ExternalStudent"; dataType: "string"; columnType: "SQLiteText"; data: string; driverParam: string; notNull: true; hasDefault: true; isPrimaryKey: true; isAutoincrement: false; ... 4 more ...; generated: undefined; }, {}, { ...; }>, right: string | SQLWrapper): SQL<...>', gave the following error.
    Object literal may only specify known properties, and 'in' does not exist in type 'SQLWrapper'.
  Overload 2 of 3, '(left: Aliased<{ in: string[]; }>, right: SQLWrapper | { in: string[]; }): SQL<unknown>', gave the following error.
    Argument of type 'SQLiteColumn<{ name: "id"; tableName: "ExternalStudent"; dataType: "string"; columnType: "SQLiteText"; data: string; driverParam: string; notNull: true; hasDefault: true; isPrimaryKey: true; isAutoincrement: false; ... 4 more ...; generated: undefined; }, {}, { ...; }>' is not assignable to parameter of type 'Aliased<{ in: string[]; }>'.
      Type 'SQLiteColumn<{ name: "id"; tableName: "ExternalStudent"; dataType: "string"; columnType: "SQLiteText"; data: string; driverParam: string; notNull: true; hasDefault: true; isPrimaryKey: true; isAutoincrement: false; ... 4 more ...; generated: undefined; }, {}, { ...; }>' is missing the following properties from type 'Aliased<{ in: string[]; }>': sql, fieldAlias
  Overload 3 of 3, '(left: never, right: unknown): SQL<unknown>', gave the following error.
    Argument of type 'SQLiteColumn<{ name: "id"; tableName: "ExternalStudent"; dataType: "string"; columnType: "SQLiteText"; data: string; driverParam: string; notNull: true; hasDefault: true; isPrimaryKey: true; isAutoincrement: false; ... 4 more ...; generated: undefined; }, {}, { ...; }>' is not assignable to parameter of type 'never'.
src/app/api/admin/approvals/route.ts(906,11): error TS2322: Type '{ profileImageUrl: true; resumeUrl: true; }' is not assignable to type 'never'.
src/app/api/admin/approvals/route.ts(912,18): error TS2339: Property 'externalStudent' does not exist on type 'DrizzleD1Database<typeof import("C:/Users/91953/OneDrive/Desktop/Full-Stack/NextJS Projects/rgi-tnp/src/lib/schema")> & { $client: D1Database; }'.
src/app/api/admin/approvals/route.ts(920,18): error TS2339: Property 'volunteer' does not exist on type 'DrizzleD1Database<typeof import("C:/Users/91953/OneDrive/Desktop/Full-Stack/NextJS Projects/rgi-tnp/src/lib/schema")> & { $client: D1Database; }'.
src/app/api/admin/approvals/route.ts(930,18): error TS2339: Property 'volunteer' does not exist on type 'DrizzleD1Database<typeof import("C:/Users/91953/OneDrive/Desktop/Full-Stack/NextJS Projects/rgi-tnp/src/lib/schema")> & { $client: D1Database; }'.
src/app/api/admin/approvals/route.ts(952,18): error TS2339: Property 'volunteerStudentStatus' does not exist on type 'DrizzleD1Database<typeof import("C:/Users/91953/OneDrive/Desktop/Full-Stack/NextJS Projects/rgi-tnp/src/lib/schema")> & { $client: D1Database; }'.
src/app/api/admin/drive-images/[id]/route.ts(18,16): error TS2353: Object literal may only specify known properties, and 'id' does not exist in type 'SQL<unknown> | ((fields: { id: SQLiteColumn<{ name: "id"; tableName: "DriveImage"; dataType: "string"; columnType: "SQLiteText"; data: string; driverParam: string; notNull: true; hasDefault: true; isPrimaryKey: true; ... 5 more ...; generated: undefined; }, {}, { ...; }>; ... 4 more ...; createdAt: SQLiteColumn<...>...'.
src/app/api/admin/drive-images/[id]/route.ts(29,14): error TS2339: Property 'driveImage' does not exist on type 'DrizzleD1Database<typeof import("C:/Users/91953/OneDrive/Desktop/Full-Stack/NextJS Projects/rgi-tnp/src/lib/schema")> & { $client: D1Database; }'.
src/app/api/admin/drive-images/route.ts(69,36): error TS2339: Property 'driveImage' does not exist on type 'DrizzleD1Database<typeof import("C:/Users/91953/OneDrive/Desktop/Full-Stack/NextJS Projects/rgi-tnp/src/lib/schema")> & { $client: D1Database; }'.
src/app/api/admin/drive-images/route.ts(84,36): error TS2551: Property '$transaction' does not exist on type 'DrizzleD1Database<typeof import("C:/Users/91953/OneDrive/Desktop/Full-Stack/NextJS Projects/rgi-tnp/src/lib/schema")> & { $client: D1Database; }'. Did you mean 'transaction'?
src/app/api/admin/drive-images/route.ts(129,20): error TS2353: Object literal may only specify known properties, and 'createdAt' does not exist in type 'ValueOrArray<SQL<unknown> | AnyColumn> | ((fields: { id: SQLiteColumn<{ name: "id"; tableName: "DriveImage"; dataType: "string"; columnType: "SQLiteText"; data: string; driverParam: string; ... 8 more ...; generated: undefined; }, {}, { ...; }>; ... 4 more ...; createdAt: SQLiteColumn<...>; }, operators: { ...; }) =...'.
src/app/api/admin/drive-images/route.ts(131,10): error TS2339: Property 'driveImage' does not exist on type 'DrizzleD1Database<typeof import("C:/Users/91953/OneDrive/Desktop/Full-Stack/NextJS Projects/rgi-tnp/src/lib/schema")> & { $client: D1Database; }'.
src/app/api/admin/drives/[id]/attendance-qr/route.ts(19,7): error TS2322: Type '{ id: true; companyName: true; status: true; }' is not assignable to type 'never'.
src/app/api/admin/drives/[id]/participants/route.ts(3,24): error TS2307: Cannot find module '@prisma/client' or its corresponding type declarations.
src/app/api/admin/drives/[id]/participants/route.ts(97,10): error TS2339: Property 'driveRegistration' does not exist on type 'DrizzleD1Database<typeof import("C:/Users/91953/OneDrive/Desktop/Full-Stack/NextJS Projects/rgi-tnp/src/lib/schema")> & { $client: D1Database; }'.
src/app/api/admin/drives/[id]/participants/route.ts(99,18): error TS2353: Object literal may only specify known properties, and 'id' does not exist in type 'SQL<unknown> | ((fields: { id: SQLiteColumn<{ name: "id"; tableName: "PlacementDrive"; dataType: "string"; columnType: "SQLiteText"; data: string; driverParam: string; notNull: true; hasDefault: true; isPrimaryKey: true; ... 5 more ...; generated: undefined; }, {}, { ...; }>; ... 20 more ...; allowAlumni: SQLiteColu...'.
src/app/api/admin/drives/[id]/participants/route.ts(139,14): error TS2339: Property 'driveRegistration' does not exist on type 'DrizzleD1Database<typeof import("C:/Users/91953/OneDrive/Desktop/Full-Stack/NextJS Projects/rgi-tnp/src/lib/schema")> & { $client: D1Database; }'.
src/app/api/admin/drives/[id]/participants/route.ts(152,18): error TS2769: No overload matches this call.
  Overload 1 of 3, '(left: SQLiteColumn<{ name: "id"; tableName: "DriveRegistration"; dataType: "string"; columnType: "SQLiteText"; data: string; driverParam: string; notNull: true; hasDefault: true; isPrimaryKey: true; isAutoincrement: false; ... 4 more ...; generated: undefined; }, {}, { ...; }>, right: string | SQLWrapper): SQL<...>', gave the following error.
    Object literal may only specify known properties, and 'in' does not exist in type 'SQLWrapper'.
  Overload 2 of 3, '(left: Aliased<{ in: string[]; }>, right: SQLWrapper | { in: string[]; }): SQL<unknown>', gave the following error.
    Argument of type 'SQLiteColumn<{ name: "id"; tableName: "DriveRegistration"; dataType: "string"; columnType: "SQLiteText"; data: string; driverParam: string; notNull: true; hasDefault: true; isPrimaryKey: true; isAutoincrement: false; ... 4 more ...; generated: undefined; }, {}, { ...; }>' is not assignable to parameter of type 'Aliased<{ in: string[]; }>'.
      Type 'SQLiteColumn<{ name: "id"; tableName: "DriveRegistration"; dataType: "string"; columnType: "SQLiteText"; data: string; driverParam: string; notNull: true; hasDefault: true; isPrimaryKey: true; isAutoincrement: false; ... 4 more ...; generated: undefined; }, {}, { ...; }>' is missing the following properties from type 'Aliased<{ in: string[]; }>': sql, fieldAlias
  Overload 3 of 3, '(left: never, right: unknown): SQL<unknown>', gave the following error.
    Argument of type 'SQLiteColumn<{ name: "id"; tableName: "DriveRegistration"; dataType: "string"; columnType: "SQLiteText"; data: string; driverParam: string; notNull: true; hasDefault: true; isPrimaryKey: true; isAutoincrement: false; ... 4 more ...; generated: undefined; }, {}, { ...; }>' is not assignable to parameter of type 'never'.
src/app/api/admin/drives/[id]/participants/route.ts(153,11): error TS2322: Type '{ id: true; drive: { select: { companyName: true; roleName: true; ctc: true; id: true; }; }; student: { select: { name: true; email: true; id: true; }; }; externalStudent: { select: { name: true; email: true; id: true; }; }; alumni: { ...; }; }' is not assignable to type 'never'.
src/app/api/admin/drives/[id]/participants/route.ts(191,37): error TS2551: Property 'student' does not exist on type '{ id: string; createdAt: string; status: string; driveId: string; studentId: string | null; externalStudentId: string | null; alumniId: string | null; attended: boolean; }'. Did you mean 'studentId'?
src/app/api/admin/drives/[id]/participants/route.ts(191,52): error TS2551: Property 'externalStudent' does not exist on type '{ id: string; createdAt: string; status: string; driveId: string; studentId: string | null; externalStudentId: string | null; alumniId: string | null; attended: boolean; }'. Did you mean 'externalStudentId'?
src/app/api/admin/drives/[id]/participants/route.ts(191,76): error TS2551: Property 'alumni' does not exist on type '{ id: string; createdAt: string; status: string; driveId: string; studentId: string | null; externalStudentId: string | null; alumniId: string | null; attended: boolean; }'. Did you mean 'alumniId'?
src/app/api/admin/drives/[id]/participants/route.ts(191,94): error TS2551: Property 'alumni' does not exist on type '{ id: string; createdAt: string; status: string; driveId: string; studentId: string | null; externalStudentId: string | null; alumniId: string | null; attended: boolean; }'. Did you mean 'alumniId'?
src/app/api/admin/drives/[id]/participants/route.ts(191,113): error TS2551: Property 'alumni' does not exist on type '{ id: string; createdAt: string; status: string; driveId: string; studentId: string | null; externalStudentId: string | null; alumniId: string | null; attended: boolean; }'. Did you mean 'alumniId'?
src/app/api/admin/drives/[id]/participants/route.ts(192,67): error TS2551: Property 'drive' does not exist on type '{ id: string; createdAt: string; status: string; driveId: string; studentId: string | null; externalStudentId: string | null; alumniId: string | null; attended: boolean; }'. Did you mean 'driveId'?
src/app/api/admin/drives/[id]/participants/route.ts(192,93): error TS2551: Property 'drive' does not exist on type '{ id: string; createdAt: string; status: string; driveId: string; studentId: string | null; externalStudentId: string | null; alumniId: string | null; attended: boolean; }'. Did you mean 'driveId'?
src/app/api/admin/drives/[id]/participants/route.ts(192,116): error TS2551: Property 'drive' does not exist on type '{ id: string; createdAt: string; status: string; driveId: string; studentId: string | null; externalStudentId: string | null; alumniId: string | null; attended: boolean; }'. Did you mean 'driveId'?
src/app/api/admin/drives/[id]/participants/route.ts(195,37): error TS2551: Property 'student' does not exist on type '{ id: string; createdAt: string; status: string; driveId: string; studentId: string | null; externalStudentId: string | null; alumniId: string | null; attended: boolean; }'. Did you mean 'studentId'?
src/app/api/admin/drives/[id]/participants/route.ts(195,52): error TS2551: Property 'externalStudent' does not exist on type '{ id: string; createdAt: string; status: string; driveId: string; studentId: string | null; externalStudentId: string | null; alumniId: string | null; attended: boolean; }'. Did you mean 'externalStudentId'?
src/app/api/admin/drives/[id]/participants/route.ts(195,76): error TS2551: Property 'alumni' does not exist on type '{ id: string; createdAt: string; status: string; driveId: string; studentId: string | null; externalStudentId: string | null; alumniId: string | null; attended: boolean; }'. Did you mean 'alumniId'?
src/app/api/admin/drives/[id]/participants/route.ts(195,94): error TS2551: Property 'alumni' does not exist on type '{ id: string; createdAt: string; status: string; driveId: string; studentId: string | null; externalStudentId: string | null; alumniId: string | null; attended: boolean; }'. Did you mean 'alumniId'?
src/app/api/admin/drives/[id]/participants/route.ts(195,113): error TS2551: Property 'alumni' does not exist on type '{ id: string; createdAt: string; status: string; driveId: string; studentId: string | null; externalStudentId: string | null; alumniId: string | null; attended: boolean; }'. Did you mean 'alumniId'?
src/app/api/admin/drives/[id]/participants/route.ts(199,61): error TS2551: Property 'drive' does not exist on type '{ id: string; createdAt: string; status: string; driveId: string; studentId: string | null; externalStudentId: string | null; alumniId: string | null; attended: boolean; }'. Did you mean 'driveId'?
src/app/api/admin/drives/[id]/participants/route.ts(202,23): error TS2551: Property 'drive' does not exist on type '{ id: string; createdAt: string; status: string; driveId: string; studentId: string | null; externalStudentId: string | null; alumniId: string | null; attended: boolean; }'. Did you mean 'driveId'?
src/app/api/admin/drives/[id]/participants/route.ts(203,23): error TS2551: Property 'drive' does not exist on type '{ id: string; createdAt: string; status: string; driveId: string; studentId: string | null; externalStudentId: string | null; alumniId: string | null; attended: boolean; }'. Did you mean 'driveId'?
src/app/api/admin/drives/[id]/participants/route.ts(204,23): error TS2551: Property 'drive' does not exist on type '{ id: string; createdAt: string; status: string; driveId: string; studentId: string | null; externalStudentId: string | null; alumniId: string | null; attended: boolean; }'. Did you mean 'driveId'?
src/app/api/admin/drives/[id]/participants/route.ts(205,23): error TS2551: Property 'drive' does not exist on type '{ id: string; createdAt: string; status: string; driveId: string; studentId: string | null; externalStudentId: string | null; alumniId: string | null; attended: boolean; }'. Did you mean 'driveId'?
src/app/api/admin/drives/[id]/participants/route.ts(209,33): error TS2551: Property 'drive' does not exist on type '{ id: string; createdAt: string; status: string; driveId: string; studentId: string | null; externalStudentId: string | null; alumniId: string | null; attended: boolean; }'. Did you mean 'driveId'?
src/app/api/admin/drives/[id]/participants/route.ts(215,64): error TS2551: Property 'drive' does not exist on type '{ id: string; createdAt: string; status: string; driveId: string; studentId: string | null; externalStudentId: string | null; alumniId: string | null; attended: boolean; }'. Did you mean 'driveId'?
src/app/api/admin/drives/[id]/participants/route.ts(220,27): error TS2551: Property 'student' does not exist on type '{ id: string; createdAt: string; status: string; driveId: string; studentId: string | null; externalStudentId: string | null; alumniId: string | null; attended: boolean; }'. Did you mean 'studentId'?
src/app/api/admin/drives/[id]/participants/route.ts(220,53): error TS2551: Property 'externalStudent' does not exist on type '{ id: string; createdAt: string; status: string; driveId: string; studentId: string | null; externalStudentId: string | null; alumniId: string | null; attended: boolean; }'. Did you mean 'externalStudentId'?
src/app/api/admin/drives/[id]/participants/route.ts(244,14): error TS2769: No overload matches this call.
  Overload 1 of 3, '(left: SQLiteColumn<{ name: "id"; tableName: "DriveRegistration"; dataType: "string"; columnType: "SQLiteText"; data: string; driverParam: string; notNull: true; hasDefault: true; isPrimaryKey: true; isAutoincrement: false; ... 4 more ...; generated: undefined; }, {}, { ...; }>, right: string | SQLWrapper): SQL<...>', gave the following error.
    Object literal may only specify known properties, and 'in' does not exist in type 'SQLWrapper'.
  Overload 2 of 3, '(left: Aliased<{ in: string[]; }>, right: SQLWrapper | { in: string[]; }): SQL<unknown>', gave the following error.
    Argument of type 'SQLiteColumn<{ name: "id"; tableName: "DriveRegistration"; dataType: "string"; columnType: "SQLiteText"; data: string; driverParam: string; notNull: true; hasDefault: true; isPrimaryKey: true; isAutoincrement: false; ... 4 more ...; generated: undefined; }, {}, { ...; }>' is not assignable to parameter of type 'Aliased<{ in: string[]; }>'.
      Type 'SQLiteColumn<{ name: "id"; tableName: "DriveRegistration"; dataType: "string"; columnType: "SQLiteText"; data: string; driverParam: string; notNull: true; hasDefault: true; isPrimaryKey: true; isAutoincrement: false; ... 4 more ...; generated: undefined; }, {}, { ...; }>' is missing the following properties from type 'Aliased<{ in: string[]; }>': sql, fieldAlias
  Overload 3 of 3, '(left: never, right: unknown): SQL<unknown>', gave the following error.
    Argument of type 'SQLiteColumn<{ name: "id"; tableName: "DriveRegistration"; dataType: "string"; columnType: "SQLiteText"; data: string; driverParam: string; notNull: true; hasDefault: true; isPrimaryKey: true; isAutoincrement: false; ... 4 more ...; generated: undefined; }, {}, { ...; }>' is not assignable to parameter of type 'never'.
src/app/api/admin/drives/[id]/participants/route.ts(245,7): error TS2322: Type '{ id: true; drive: { select: { companyName: true; roleName: true; id: true; }; }; student: { select: { name: true; email: true; id: true; }; }; externalStudent: { select: { name: true; email: true; id: true; }; }; alumni: { ...; }; }' is not assignable to type 'never'.
src/app/api/admin/drives/[id]/participants/route.ts(282,33): error TS2551: Property 'student' does not exist on type '{ id: string; createdAt: string; status: string; driveId: string; studentId: string | null; externalStudentId: string | null; alumniId: string | null; attended: boolean; }'. Did you mean 'studentId'?
src/app/api/admin/drives/[id]/participants/route.ts(282,48): error TS2551: Property 'externalStudent' does not exist on type '{ id: string; createdAt: string; status: string; driveId: string; studentId: string | null; externalStudentId: string | null; alumniId: string | null; attended: boolean; }'. Did you mean 'externalStudentId'?
src/app/api/admin/drives/[id]/participants/route.ts(282,72): error TS2551: Property 'alumni' does not exist on type '{ id: string; createdAt: string; status: string; driveId: string; studentId: string | null; externalStudentId: string | null; alumniId: string | null; attended: boolean; }'. Did you mean 'alumniId'?
src/app/api/admin/drives/[id]/participants/route.ts(282,90): error TS2551: Property 'alumni' does not exist on type '{ id: string; createdAt: string; status: string; driveId: string; studentId: string | null; externalStudentId: string | null; alumniId: string | null; attended: boolean; }'. Did you mean 'alumniId'?
src/app/api/admin/drives/[id]/participants/route.ts(282,109): error TS2551: Property 'alumni' does not exist on type '{ id: string; createdAt: string; status: string; driveId: string; studentId: string | null; externalStudentId: string | null; alumniId: string | null; attended: boolean; }'. Did you mean 'alumniId'?
src/app/api/admin/drives/[id]/participants/route.ts(283,63): error TS2551: Property 'drive' does not exist on type '{ id: string; createdAt: string; status: string; driveId: string; studentId: string | null; externalStudentId: string | null; alumniId: string | null; attended: boolean; }'. Did you mean 'driveId'?
src/app/api/admin/drives/[id]/participants/route.ts(283,89): error TS2551: Property 'drive' does not exist on type '{ id: string; createdAt: string; status: string; driveId: string; studentId: string | null; externalStudentId: string | null; alumniId: string | null; attended: boolean; }'. Did you mean 'driveId'?
src/app/api/admin/drives/[id]/participants/route.ts(286,33): error TS2551: Property 'student' does not exist on type '{ id: string; createdAt: string; status: string; driveId: string; studentId: string | null; externalStudentId: string | null; alumniId: string | null; attended: boolean; }'. Did you mean 'studentId'?
src/app/api/admin/drives/[id]/participants/route.ts(286,48): error TS2551: Property 'externalStudent' does not exist on type '{ id: string; createdAt: string; status: string; driveId: string; studentId: string | null; externalStudentId: string | null; alumniId: string | null; attended: boolean; }'. Did you mean 'externalStudentId'?
src/app/api/admin/drives/[id]/participants/route.ts(286,72): error TS2551: Property 'alumni' does not exist on type '{ id: string; createdAt: string; status: string; driveId: string; studentId: string | null; externalStudentId: string | null; alumniId: string | null; attended: boolean; }'. Did you mean 'alumniId'?
src/app/api/admin/drives/[id]/participants/route.ts(286,90): error TS2551: Property 'alumni' does not exist on type '{ id: string; createdAt: string; status: string; driveId: string; studentId: string | null; externalStudentId: string | null; alumniId: string | null; attended: boolean; }'. Did you mean 'alumniId'?
src/app/api/admin/drives/[id]/participants/route.ts(286,109): error TS2551: Property 'alumni' does not exist on type '{ id: string; createdAt: string; status: string; driveId: string; studentId: string | null; externalStudentId: string | null; alumniId: string | null; attended: boolean; }'. Did you mean 'alumniId'?
src/app/api/admin/drives/[id]/participants/route.ts(290,39): error TS2551: Property 'drive' does not exist on type '{ id: string; createdAt: string; status: string; driveId: string; studentId: string | null; externalStudentId: string | null; alumniId: string | null; attended: boolean; }'. Did you mean 'driveId'?
src/app/api/admin/drives/[id]/participants/route.ts(293,19): error TS2551: Property 'drive' does not exist on type '{ id: string; createdAt: string; status: string; driveId: string; studentId: string | null; externalStudentId: string | null; alumniId: string | null; attended: boolean; }'. Did you mean 'driveId'?
src/app/api/admin/drives/[id]/participants/route.ts(294,19): error TS2551: Property 'drive' does not exist on type '{ id: string; createdAt: string; status: string; driveId: string; studentId: string | null; externalStudentId: string | null; alumniId: string | null; attended: boolean; }'. Did you mean 'driveId'?
src/app/api/admin/drives/[id]/participants/route.ts(297,29): error TS2551: Property 'drive' does not exist on type '{ id: string; createdAt: string; status: string; driveId: string; studentId: string | null; externalStudentId: string | null; alumniId: string | null; attended: boolean; }'. Did you mean 'driveId'?
src/app/api/admin/drives/[id]/participants/route.ts(304,50): error TS2551: Property 'drive' does not exist on type '{ id: string; createdAt: string; status: string; driveId: string; studentId: string | null; externalStudentId: string | null; alumniId: string | null; attended: boolean; }'. Did you mean 'driveId'?
src/app/api/admin/drives/[id]/participants/route.ts(309,23): error TS2551: Property 'student' does not exist on type '{ id: string; createdAt: string; status: string; driveId: string; studentId: string | null; externalStudentId: string | null; alumniId: string | null; attended: boolean; }'. Did you mean 'studentId'?
src/app/api/admin/drives/[id]/participants/route.ts(309,49): error TS2551: Property 'externalStudent' does not exist on type '{ id: string; createdAt: string; status: string; driveId: string; studentId: string | null; externalStudentId: string | null; alumniId: string | null; attended: boolean; }'. Did you mean 'externalStudentId'?
src/app/api/admin/drives/[id]/participants/route.ts(333,14): error TS2769: No overload matches this call.
  Overload 1 of 3, '(left: SQLiteColumn<{ name: "id"; tableName: "DriveRegistration"; dataType: "string"; columnType: "SQLiteText"; data: string; driverParam: string; notNull: true; hasDefault: true; isPrimaryKey: true; isAutoincrement: false; ... 4 more ...; generated: undefined; }, {}, { ...; }>, right: string | SQLWrapper): SQL<...>', gave the following error.
    Object literal may only specify known properties, and 'in' does not exist in type 'SQLWrapper'.
  Overload 2 of 3, '(left: Aliased<{ in: string[]; }>, right: SQLWrapper | { in: string[]; }): SQL<unknown>', gave the following error.
    Argument of type 'SQLiteColumn<{ name: "id"; tableName: "DriveRegistration"; dataType: "string"; columnType: "SQLiteText"; data: string; driverParam: string; notNull: true; hasDefault: true; isPrimaryKey: true; isAutoincrement: false; ... 4 more ...; generated: undefined; }, {}, { ...; }>' is not assignable to parameter of type 'Aliased<{ in: string[]; }>'.
      Type 'SQLiteColumn<{ name: "id"; tableName: "DriveRegistration"; dataType: "string"; columnType: "SQLiteText"; data: string; driverParam: string; notNull: true; hasDefault: true; isPrimaryKey: true; isAutoincrement: false; ... 4 more ...; generated: undefined; }, {}, { ...; }>' is missing the following properties from type 'Aliased<{ in: string[]; }>': sql, fieldAlias
  Overload 3 of 3, '(left: never, right: unknown): SQL<unknown>', gave the following error.
    Argument of type 'SQLiteColumn<{ name: "id"; tableName: "DriveRegistration"; dataType: "string"; columnType: "SQLiteText"; data: string; driverParam: string; notNull: true; hasDefault: true; isPrimaryKey: true; isAutoincrement: false; ... 4 more ...; generated: undefined; }, {}, { ...; }>' is not assignable to parameter of type 'never'.
src/app/api/admin/drives/[id]/participants/route.ts(334,7): error TS2322: Type '{ id: true; drive: { select: { companyName: true; roleName: true; id: true; }; }; student: { select: { name: true; email: true; id: true; }; }; externalStudent: { select: { name: true; email: true; id: true; }; }; alumni: { ...; }; }' is not assignable to type 'never'.
src/app/api/admin/drives/[id]/participants/route.ts(371,33): error TS2551: Property 'student' does not exist on type '{ id: string; createdAt: string; status: string; driveId: string; studentId: string | null; externalStudentId: string | null; alumniId: string | null; attended: boolean; }'. Did you mean 'studentId'?
src/app/api/admin/drives/[id]/participants/route.ts(371,48): error TS2551: Property 'externalStudent' does not exist on type '{ id: string; createdAt: string; status: string; driveId: string; studentId: string | null; externalStudentId: string | null; alumniId: string | null; attended: boolean; }'. Did you mean 'externalStudentId'?
src/app/api/admin/drives/[id]/participants/route.ts(371,72): error TS2551: Property 'alumni' does not exist on type '{ id: string; createdAt: string; status: string; driveId: string; studentId: string | null; externalStudentId: string | null; alumniId: string | null; attended: boolean; }'. Did you mean 'alumniId'?
src/app/api/admin/drives/[id]/participants/route.ts(371,90): error TS2551: Property 'alumni' does not exist on type '{ id: string; createdAt: string; status: string; driveId: string; studentId: string | null; externalStudentId: string | null; alumniId: string | null; attended: boolean; }'. Did you mean 'alumniId'?
src/app/api/admin/drives/[id]/participants/route.ts(371,109): error TS2551: Property 'alumni' does not exist on type '{ id: string; createdAt: string; status: string; driveId: string; studentId: string | null; externalStudentId: string | null; alumniId: string | null; attended: boolean; }'. Did you mean 'alumniId'?
src/app/api/admin/drives/[id]/participants/route.ts(372,63): error TS2551: Property 'drive' does not exist on type '{ id: string; createdAt: string; status: string; driveId: string; studentId: string | null; externalStudentId: string | null; alumniId: string | null; attended: boolean; }'. Did you mean 'driveId'?
src/app/api/admin/drives/[id]/participants/route.ts(372,89): error TS2551: Property 'drive' does not exist on type '{ id: string; createdAt: string; status: string; driveId: string; studentId: string | null; externalStudentId: string | null; alumniId: string | null; attended: boolean; }'. Did you mean 'driveId'?
src/app/api/admin/drives/[id]/participants/route.ts(375,33): error TS2551: Property 'student' does not exist on type '{ id: string; createdAt: string; status: string; driveId: string; studentId: string | null; externalStudentId: string | null; alumniId: string | null; attended: boolean; }'. Did you mean 'studentId'?
src/app/api/admin/drives/[id]/participants/route.ts(375,48): error TS2551: Property 'externalStudent' does not exist on type '{ id: string; createdAt: string; status: string; driveId: string; studentId: string | null; externalStudentId: string | null; alumniId: string | null; attended: boolean; }'. Did you mean 'externalStudentId'?
src/app/api/admin/drives/[id]/participants/route.ts(375,72): error TS2551: Property 'alumni' does not exist on type '{ id: string; createdAt: string; status: string; driveId: string; studentId: string | null; externalStudentId: string | null; alumniId: string | null; attended: boolean; }'. Did you mean 'alumniId'?
src/app/api/admin/drives/[id]/participants/route.ts(375,90): error TS2551: Property 'alumni' does not exist on type '{ id: string; createdAt: string; status: string; driveId: string; studentId: string | null; externalStudentId: string | null; alumniId: string | null; attended: boolean; }'. Did you mean 'alumniId'?
src/app/api/admin/drives/[id]/participants/route.ts(375,109): error TS2551: Property 'alumni' does not exist on type '{ id: string; createdAt: string; status: string; driveId: string; studentId: string | null; externalStudentId: string | null; alumniId: string | null; attended: boolean; }'. Did you mean 'alumniId'?
src/app/api/admin/drives/[id]/participants/route.ts(379,45): error TS2551: Property 'drive' does not exist on type '{ id: string; createdAt: string; status: string; driveId: string; studentId: string | null; externalStudentId: string | null; alumniId: string | null; attended: boolean; }'. Did you mean 'driveId'?
src/app/api/admin/drives/[id]/participants/route.ts(382,19): error TS2551: Property 'drive' does not exist on type '{ id: string; createdAt: string; status: string; driveId: string; studentId: string | null; externalStudentId: string | null; alumniId: string | null; attended: boolean; }'. Did you mean 'driveId'?
src/app/api/admin/drives/[id]/participants/route.ts(383,19): error TS2551: Property 'drive' does not exist on type '{ id: string; createdAt: string; status: string; driveId: string; studentId: string | null; externalStudentId: string | null; alumniId: string | null; attended: boolean; }'. Did you mean 'driveId'?
src/app/api/admin/drives/[id]/participants/route.ts(390,29): error TS2551: Property 'drive' does not exist on type '{ id: string; createdAt: string; status: string; driveId: string; studentId: string | null; externalStudentId: string | null; alumniId: string | null; attended: boolean; }'. Did you mean 'driveId'?
src/app/api/admin/drives/[id]/participants/route.ts(396,23): error TS2551: Property 'student' does not exist on type '{ id: string; createdAt: string; status: string; driveId: string; studentId: string | null; externalStudentId: string | null; alumniId: string | null; attended: boolean; }'. Did you mean 'studentId'?
src/app/api/admin/drives/[id]/participants/route.ts(396,49): error TS2551: Property 'externalStudent' does not exist on type '{ id: string; createdAt: string; status: string; driveId: string; studentId: string | null; externalStudentId: string | null; alumniId: string | null; attended: boolean; }'. Did you mean 'externalStudentId'?
src/app/api/admin/drives/route.ts(32,9): error TS2322: Type '{ status: { not: string; }; }' is not assignable to type 'SQL<unknown> | ((fields: { id: SQLiteColumn<{ name: "id"; tableName: "PlacementDrive"; dataType: "string"; columnType: "SQLiteText"; data: string; driverParam: string; notNull: true; hasDefault: true; isPrimaryKey: true; ... 5 more ...; generated: undefined; }, {}, { ...; }>; ... 20 more ...; allowAlumni: SQLiteColu...'.
src/app/api/admin/drives/route.ts(39,20): error TS2353: Object literal may only specify known properties, and 'driveDate' does not exist in type 'ValueOrArray<SQL<unknown> | AnyColumn> | ((fields: { id: SQLiteColumn<{ name: "id"; tableName: "PlacementDrive"; dataType: "string"; columnType: "SQLiteText"; data: string; driverParam: string; ... 8 more ...; generated: undefined; }, {}, { ...; }>; ... 20 more ...; allowAlumni: SQLiteColumn<...>; }, operators: { .....'.
src/app/api/admin/drives/route.ts(41,10): error TS2339: Property 'placementDrive' does not exist on type 'DrizzleD1Database<typeof import("C:/Users/91953/OneDrive/Desktop/Full-Stack/NextJS Projects/rgi-tnp/src/lib/schema")> & { $client: D1Database; }'.
src/app/api/admin/drives/route.ts(73,16): error TS2339: Property 'placementDrive' does not exist on type 'DrizzleD1Database<typeof import("C:/Users/91953/OneDrive/Desktop/Full-Stack/NextJS Projects/rgi-tnp/src/lib/schema")> & { $client: D1Database; }'.
src/app/api/admin/drives/route.ts(78,16): error TS2339: Property 'placementDrive' does not exist on type 'DrizzleD1Database<typeof import("C:/Users/91953/OneDrive/Desktop/Full-Stack/NextJS Projects/rgi-tnp/src/lib/schema")> & { $client: D1Database; }'.
src/app/api/admin/drives/route.ts(83,16): error TS2339: Property 'placementDrive' does not exist on type 'DrizzleD1Database<typeof import("C:/Users/91953/OneDrive/Desktop/Full-Stack/NextJS Projects/rgi-tnp/src/lib/schema")> & { $client: D1Database; }'.
src/app/api/admin/login/route.ts(27,7): error TS2322: Type '{ id: true; email: true; passwordHash: true; role: true; }' is not assignable to type 'never'.
src/app/api/admin/login/route.ts(51,28): error TS2339: Property 'admin' does not exist on type 'DrizzleD1Database<typeof import("C:/Users/91953/OneDrive/Desktop/Full-Stack/NextJS Projects/rgi-tnp/src/lib/schema")> & { $client: D1Database; }'.
src/app/api/admin/master-data/route.ts(63,18): error TS2339: Property '$executeRawUnsafe' does not exist on type 'DrizzleD1Database<typeof import("C:/Users/91953/OneDrive/Desktop/Full-Stack/NextJS Projects/rgi-tnp/src/lib/schema")> & { $client: D1Database; }'.
src/app/api/admin/master-data/route.ts(114,64): error TS2322: Type '{ name: string; }' is not assignable to type 'ValueOrArray<SQL<unknown> | AnyColumn> | ((fields: { id: SQLiteColumn<{ name: "id"; tableName: "StudentMaster"; dataType: "string"; columnType: "SQLiteText"; data: string; driverParam: string; ... 8 more ...; generated: undefined; }, {}, { ...; }>; ... 4 more ...; batch: SQLiteColumn<...>; }, operators: { ...; }) =>...'.
  Type '{ name: string; }' is not assignable to type 'undefined'.
src/app/api/admin/master-data/route.ts(115,14): error TS2339: Property 'studentMaster' does not exist on type 'DrizzleD1Database<typeof import("C:/Users/91953/OneDrive/Desktop/Full-Stack/NextJS Projects/rgi-tnp/src/lib/schema")> & { $client: D1Database; }'.
src/app/api/admin/master-data/route.ts(120,63): error TS2322: Type '{ name: string; }' is not assignable to type 'ValueOrArray<SQL<unknown> | AnyColumn> | ((fields: { id: SQLiteColumn<{ name: "id"; tableName: "AlumniMaster"; dataType: "string"; columnType: "SQLiteText"; data: string; driverParam: string; ... 8 more ...; generated: undefined; }, {}, { ...; }>; ... 4 more ...; batch: SQLiteColumn<...>; }, operators: { ...; }) => ...'.
  Type '{ name: string; }' is not assignable to type 'undefined'.
src/app/api/admin/master-data/route.ts(121,14): error TS2339: Property 'alumniMaster' does not exist on type 'DrizzleD1Database<typeof import("C:/Users/91953/OneDrive/Desktop/Full-Stack/NextJS Projects/rgi-tnp/src/lib/schema")> & { $client: D1Database; }'.
src/app/api/admin/master-data/route.ts(130,10): error TS2339: Property 'studentMaster' does not exist on type 'DrizzleD1Database<typeof import("C:/Users/91953/OneDrive/Desktop/Full-Stack/NextJS Projects/rgi-tnp/src/lib/schema")> & { $client: D1Database; }'.
src/app/api/admin/master-data/route.ts(131,10): error TS2339: Property 'alumniMaster' does not exist on type 'DrizzleD1Database<typeof import("C:/Users/91953/OneDrive/Desktop/Full-Stack/NextJS Projects/rgi-tnp/src/lib/schema")> & { $client: D1Database; }'.
src/app/api/admin/notifications/route.ts(48,20): error TS2353: Object literal may only specify known properties, and 'createdAt' does not exist in type 'ValueOrArray<SQL<unknown> | AnyColumn> | ((fields: { id: SQLiteColumn<{ name: "id"; tableName: "EmailLog"; dataType: "string"; columnType: "SQLiteText"; data: string; driverParam: string; ... 8 more ...; generated: undefined; }, {}, { ...; }>; ... 10 more ...; createdAt: SQLiteColumn<...>; }, operators: { ...; }) =>...'.
src/app/api/admin/notifications/route.ts(52,10): error TS2339: Property 'emailLog' does not exist on type 'DrizzleD1Database<typeof import("C:/Users/91953/OneDrive/Desktop/Full-Stack/NextJS Projects/rgi-tnp/src/lib/schema")> & { $client: D1Database; }'.
src/app/api/admin/notifications/route.ts(53,10): error TS2339: Property 'emailLog' does not exist on type 'DrizzleD1Database<typeof import("C:/Users/91953/OneDrive/Desktop/Full-Stack/NextJS Projects/rgi-tnp/src/lib/schema")> & { $client: D1Database; }'.
src/app/api/admin/notifications/route.ts(60,37): error TS7006: Parameter 'acc' implicitly has an 'any' type.
src/app/api/admin/notifications/route.ts(60,42): error TS7006: Parameter 'curr' implicitly has an 'any' type.
src/app/api/admin/notifications/route.ts(61,37): error TS7006: Parameter 's' implicitly has an 'any' type.
src/app/api/admin/notifications/route.ts(62,36): error TS7006: Parameter 's' implicitly has an 'any' type.
src/app/api/admin/published/route.ts(26,11): error TS2322: Type '{ status: string; }' is not assignable to type 'SQL<unknown> | ((fields: { id: SQLiteColumn<{ name: "id"; tableName: "Memory"; dataType: "string"; columnType: "SQLiteText"; data: string; driverParam: string; notNull: true; hasDefault: true; isPrimaryKey: true; ... 5 more ...; generated: undefined; }, {}, { ...; }>; ... 6 more ...; createdAt: SQLiteColumn<...>; },...'.
src/app/api/admin/published/route.ts(31,22): error TS2353: Object literal may only specify known properties, and 'createdAt' does not exist in type 'ValueOrArray<SQL<unknown> | AnyColumn> | ((fields: { id: SQLiteColumn<{ name: "id"; tableName: "Memory"; dataType: "string"; columnType: "SQLiteText"; data: string; driverParam: string; ... 8 more ...; generated: undefined; }, {}, { ...; }>; ... 6 more ...; createdAt: SQLiteColumn<...>; }, operators: { ...; }) => Va...'.
src/app/api/admin/published/route.ts(35,12): error TS2339: Property 'memory' does not exist on type 'DrizzleD1Database<typeof import("C:/Users/91953/OneDrive/Desktop/Full-Stack/NextJS Projects/rgi-tnp/src/lib/schema")> & { $client: D1Database; }'.
src/app/api/admin/published/route.ts(44,11): error TS2322: Type '{ status: string; }' is not assignable to type 'SQL<unknown> | ((fields: { id: SQLiteColumn<{ name: "id"; tableName: "Referral"; dataType: "string"; columnType: "SQLiteText"; data: string; driverParam: string; notNull: true; hasDefault: true; isPrimaryKey: true; ... 5 more ...; generated: undefined; }, {}, { ...; }>; ... 15 more ...; updatedAt: SQLiteColumn<...>;...'.
src/app/api/admin/published/route.ts(46,22): error TS2353: Object literal may only specify known properties, and 'createdAt' does not exist in type 'ValueOrArray<SQL<unknown> | AnyColumn> | ((fields: { id: SQLiteColumn<{ name: "id"; tableName: "Referral"; dataType: "string"; columnType: "SQLiteText"; data: string; driverParam: string; ... 8 more ...; generated: undefined; }, {}, { ...; }>; ... 15 more ...; updatedAt: SQLiteColumn<...>; }, operators: { ...; }) =>...'.
src/app/api/admin/published/route.ts(50,12): error TS2339: Property 'referral' does not exist on type 'DrizzleD1Database<typeof import("C:/Users/91953/OneDrive/Desktop/Full-Stack/NextJS Projects/rgi-tnp/src/lib/schema")> & { $client: D1Database; }'.
src/app/api/admin/published/route.ts(59,11): error TS2322: Type '{ isApproved: boolean; }' is not assignable to type 'SQL<unknown> | ((fields: { id: SQLiteColumn<{ name: "id"; tableName: "StudentFeedback"; dataType: "string"; columnType: "SQLiteText"; data: string; driverParam: string; notNull: true; hasDefault: true; isPrimaryKey: true; ... 5 more ...; generated: undefined; }, {}, { ...; }>; ... 5 more ...; studentId: SQLiteColumn...'.
src/app/api/admin/published/route.ts(61,22): error TS2353: Object literal may only specify known properties, and 'createdAt' does not exist in type 'ValueOrArray<SQL<unknown> | AnyColumn> | ((fields: { id: SQLiteColumn<{ name: "id"; tableName: "StudentFeedback"; dataType: "string"; columnType: "SQLiteText"; data: string; ... 9 more ...; generated: undefined; }, {}, { ...; }>; ... 5 more ...; studentId: SQLiteColumn<...>; }, operators: { ...; }) => ValueOrArray<....'.
src/app/api/admin/published/route.ts(65,12): error TS2339: Property 'studentFeedback' does not exist on type 'DrizzleD1Database<typeof import("C:/Users/91953/OneDrive/Desktop/Full-Stack/NextJS Projects/rgi-tnp/src/lib/schema")> & { $client: D1Database; }'.
src/app/api/admin/published/route.ts(74,11): error TS2322: Type '{ isApproved: boolean; }' is not assignable to type 'SQL<unknown> | ((fields: { id: SQLiteColumn<{ name: "id"; tableName: "AlumniFeedback"; dataType: "string"; columnType: "SQLiteText"; data: string; driverParam: string; notNull: true; hasDefault: true; isPrimaryKey: true; ... 5 more ...; generated: undefined; }, {}, { ...; }>; ... 5 more ...; alumniId: SQLiteColumn<....'.
src/app/api/admin/published/route.ts(76,22): error TS2353: Object literal may only specify known properties, and 'createdAt' does not exist in type 'ValueOrArray<SQL<unknown> | AnyColumn> | ((fields: { id: SQLiteColumn<{ name: "id"; tableName: "AlumniFeedback"; dataType: "string"; columnType: "SQLiteText"; data: string; driverParam: string; ... 8 more ...; generated: undefined; }, {}, { ...; }>; ... 5 more ...; alumniId: SQLiteColumn<...>; }, operators: { ...; }...'.
src/app/api/admin/published/route.ts(80,12): error TS2339: Property 'alumniFeedback' does not exist on type 'DrizzleD1Database<typeof import("C:/Users/91953/OneDrive/Desktop/Full-Stack/NextJS Projects/rgi-tnp/src/lib/schema")> & { $client: D1Database; }'.
src/app/api/admin/published/route.ts(89,11): error TS2322: Type '{ isApproved: boolean; }' is not assignable to type 'SQL<unknown> | ((fields: { id: SQLiteColumn<{ name: "id"; tableName: "CorporateFeedback"; dataType: "string"; columnType: "SQLiteText"; data: string; driverParam: string; notNull: true; hasDefault: true; isPrimaryKey: true; ... 5 more ...; generated: undefined; }, {}, { ...; }>; ... 5 more ...; recruiterId: SQLiteCo...'.
src/app/api/admin/published/route.ts(91,22): error TS2353: Object literal may only specify known properties, and 'createdAt' does not exist in type 'ValueOrArray<SQL<unknown> | AnyColumn> | ((fields: { id: SQLiteColumn<{ name: "id"; tableName: "CorporateFeedback"; dataType: "string"; columnType: "SQLiteText"; data: string; ... 9 more ...; generated: undefined; }, {}, { ...; }>; ... 5 more ...; recruiterId: SQLiteColumn<...>; }, operators: { ...; }) => ValueOrArr...'.
src/app/api/admin/published/route.ts(95,12): error TS2339: Property 'corporateFeedback' does not exist on type 'DrizzleD1Database<typeof import("C:/Users/91953/OneDrive/Desktop/Full-Stack/NextJS Projects/rgi-tnp/src/lib/schema")> & { $client: D1Database; }'.
src/app/api/admin/published/route.ts(127,18): error TS2339: Property 'memory' does not exist on type 'DrizzleD1Database<typeof import("C:/Users/91953/OneDrive/Desktop/Full-Stack/NextJS Projects/rgi-tnp/src/lib/schema")> & { $client: D1Database; }'.
src/app/api/admin/published/route.ts(132,18): error TS2339: Property 'memory' does not exist on type 'DrizzleD1Database<typeof import("C:/Users/91953/OneDrive/Desktop/Full-Stack/NextJS Projects/rgi-tnp/src/lib/schema")> & { $client: D1Database; }'.
src/app/api/admin/published/route.ts(138,18): error TS2339: Property 'referral' does not exist on type 'DrizzleD1Database<typeof import("C:/Users/91953/OneDrive/Desktop/Full-Stack/NextJS Projects/rgi-tnp/src/lib/schema")> & { $client: D1Database; }'.
src/app/api/admin/published/route.ts(143,18): error TS2339: Property 'referral' does not exist on type 'DrizzleD1Database<typeof import("C:/Users/91953/OneDrive/Desktop/Full-Stack/NextJS Projects/rgi-tnp/src/lib/schema")> & { $client: D1Database; }'.
src/app/api/admin/published/route.ts(149,18): error TS2339: Property 'studentFeedback' does not exist on type 'DrizzleD1Database<typeof import("C:/Users/91953/OneDrive/Desktop/Full-Stack/NextJS Projects/rgi-tnp/src/lib/schema")> & { $client: D1Database; }'.
src/app/api/admin/published/route.ts(154,18): error TS2339: Property 'studentFeedback' does not exist on type 'DrizzleD1Database<typeof import("C:/Users/91953/OneDrive/Desktop/Full-Stack/NextJS Projects/rgi-tnp/src/lib/schema")> & { $client: D1Database; }'.
src/app/api/admin/published/route.ts(160,18): error TS2339: Property 'alumniFeedback' does not exist on type 'DrizzleD1Database<typeof import("C:/Users/91953/OneDrive/Desktop/Full-Stack/NextJS Projects/rgi-tnp/src/lib/schema")> & { $client: D1Database; }'.
src/app/api/admin/published/route.ts(165,18): error TS2339: Property 'alumniFeedback' does not exist on type 'DrizzleD1Database<typeof import("C:/Users/91953/OneDrive/Desktop/Full-Stack/NextJS Projects/rgi-tnp/src/lib/schema")> & { $client: D1Database; }'.
src/app/api/admin/published/route.ts(171,18): error TS2339: Property 'corporateFeedback' does not exist on type 'DrizzleD1Database<typeof import("C:/Users/91953/OneDrive/Desktop/Full-Stack/NextJS Projects/rgi-tnp/src/lib/schema")> & { $client: D1Database; }'.
src/app/api/admin/published/route.ts(176,18): error TS2339: Property 'corporateFeedback' does not exist on type 'DrizzleD1Database<typeof import("C:/Users/91953/OneDrive/Desktop/Full-Stack/NextJS Projects/rgi-tnp/src/lib/schema")> & { $client: D1Database; }'.
src/app/api/admin/stats/route.ts(28,10): error TS2339: Property 'student' does not exist on type 'DrizzleD1Database<typeof import("C:/Users/91953/OneDrive/Desktop/Full-Stack/NextJS Projects/rgi-tnp/src/lib/schema")> & { $client: D1Database; }'.
src/app/api/admin/stats/route.ts(29,10): error TS2339: Property 'alumni' does not exist on type 'DrizzleD1Database<typeof import("C:/Users/91953/OneDrive/Desktop/Full-Stack/NextJS Projects/rgi-tnp/src/lib/schema")> & { $client: D1Database; }'.
src/app/api/admin/stats/route.ts(30,10): error TS2339: Property 'recruiter' does not exist on type 'DrizzleD1Database<typeof import("C:/Users/91953/OneDrive/Desktop/Full-Stack/NextJS Projects/rgi-tnp/src/lib/schema")> & { $client: D1Database; }'.
src/app/api/admin/stats/route.ts(31,10): error TS2339: Property 'externalStudent' does not exist on type 'DrizzleD1Database<typeof import("C:/Users/91953/OneDrive/Desktop/Full-Stack/NextJS Projects/rgi-tnp/src/lib/schema")> & { $client: D1Database; }'.
src/app/api/admin/stats/route.ts(32,10): error TS2339: Property 'placementDrive' does not exist on type 'DrizzleD1Database<typeof import("C:/Users/91953/OneDrive/Desktop/Full-Stack/NextJS Projects/rgi-tnp/src/lib/schema")> & { $client: D1Database; }'.
src/app/api/admin/stats/route.ts(33,10): error TS2339: Property 'placementDrive' does not exist on type 'DrizzleD1Database<typeof import("C:/Users/91953/OneDrive/Desktop/Full-Stack/NextJS Projects/rgi-tnp/src/lib/schema")> & { $client: D1Database; }'.
src/app/api/admin/stats/route.ts(34,10): error TS2339: Property 'referral' does not exist on type 'DrizzleD1Database<typeof import("C:/Users/91953/OneDrive/Desktop/Full-Stack/NextJS Projects/rgi-tnp/src/lib/schema")> & { $client: D1Database; }'.
src/app/api/admin/stats/route.ts(35,10): error TS2339: Property 'memory' does not exist on type 'DrizzleD1Database<typeof import("C:/Users/91953/OneDrive/Desktop/Full-Stack/NextJS Projects/rgi-tnp/src/lib/schema")> & { $client: D1Database; }'.
src/app/api/admin/stats/route.ts(36,10): error TS2339: Property 'externalStudent' does not exist on type 'DrizzleD1Database<typeof import("C:/Users/91953/OneDrive/Desktop/Full-Stack/NextJS Projects/rgi-tnp/src/lib/schema")> & { $client: D1Database; }'.
src/app/api/admin/stats/route.ts(37,10): error TS2339: Property 'volunteer' does not exist on type 'DrizzleD1Database<typeof import("C:/Users/91953/OneDrive/Desktop/Full-Stack/NextJS Projects/rgi-tnp/src/lib/schema")> & { $client: D1Database; }'.
src/app/api/admin/stats/route.ts(38,10): error TS2339: Property 'studentFeedback' does not exist on type 'DrizzleD1Database<typeof import("C:/Users/91953/OneDrive/Desktop/Full-Stack/NextJS Projects/rgi-tnp/src/lib/schema")> & { $client: D1Database; }'.
src/app/api/admin/stats/route.ts(39,10): error TS2339: Property 'alumniFeedback' does not exist on type 'DrizzleD1Database<typeof import("C:/Users/91953/OneDrive/Desktop/Full-Stack/NextJS Projects/rgi-tnp/src/lib/schema")> & { $client: D1Database; }'.
src/app/api/admin/stats/route.ts(40,10): error TS2339: Property 'corporateFeedback' does not exist on type 'DrizzleD1Database<typeof import("C:/Users/91953/OneDrive/Desktop/Full-Stack/NextJS Projects/rgi-tnp/src/lib/schema")> & { $client: D1Database; }'.
src/app/api/admin/stats/route.ts(41,10): error TS2339: Property 'student' does not exist on type 'DrizzleD1Database<typeof import("C:/Users/91953/OneDrive/Desktop/Full-Stack/NextJS Projects/rgi-tnp/src/lib/schema")> & { $client: D1Database; }'.
src/app/api/admin/stats/route.ts(42,10): error TS2339: Property 'alumni' does not exist on type 'DrizzleD1Database<typeof import("C:/Users/91953/OneDrive/Desktop/Full-Stack/NextJS Projects/rgi-tnp/src/lib/schema")> & { $client: D1Database; }'.
src/app/api/admin/stats/route.ts(43,10): error TS2339: Property 'externalStudent' does not exist on type 'DrizzleD1Database<typeof import("C:/Users/91953/OneDrive/Desktop/Full-Stack/NextJS Projects/rgi-tnp/src/lib/schema")> & { $client: D1Database; }'.
src/app/api/admin/users/route.ts(79,22): error TS2353: Object literal may only specify known properties, and 'createdAt' does not exist in type 'ValueOrArray<SQL<unknown> | AnyColumn> | ((fields: { id: SQLiteColumn<{ name: "id"; tableName: "Student"; dataType: "string"; columnType: "SQLiteText"; data: string; driverParam: string; ... 8 more ...; generated: undefined; }, {}, { ...; }>; ... 29 more ...; updatedAt: SQLiteColumn<...>; }, operators: { ...; }) => ...'.
src/app/api/admin/users/route.ts(83,12): error TS2339: Property 'student' does not exist on type 'DrizzleD1Database<typeof import("C:/Users/91953/OneDrive/Desktop/Full-Stack/NextJS Projects/rgi-tnp/src/lib/schema")> & { $client: D1Database; }'.
src/app/api/admin/users/route.ts(119,22): error TS2353: Object literal may only specify known properties, and 'createdAt' does not exist in type 'ValueOrArray<SQL<unknown> | AnyColumn> | ((fields: { id: SQLiteColumn<{ name: "id"; tableName: "Alumni"; dataType: "string"; columnType: "SQLiteText"; data: string; driverParam: string; ... 8 more ...; generated: undefined; }, {}, { ...; }>; ... 31 more ...; isTransferred: SQLiteColumn<...>; }, operators: { ...; }) ...'.
src/app/api/admin/users/route.ts(123,12): error TS2339: Property 'alumni' does not exist on type 'DrizzleD1Database<typeof import("C:/Users/91953/OneDrive/Desktop/Full-Stack/NextJS Projects/rgi-tnp/src/lib/schema")> & { $client: D1Database; }'.
src/app/api/admin/users/route.ts(142,11): error TS2322: Type '{ id: true; name: true; email: true; company: true; designation: true; phoneNumber: true; }' is not assignable to type 'never'.
src/app/api/admin/users/route.ts(150,11): error TS2322: Type 'number' is not assignable to type 'never'.
src/app/api/admin/users/route.ts(151,11): error TS2322: Type 'number' is not assignable to type 'never'.
src/app/api/admin/users/route.ts(153,12): error TS2339: Property 'recruiter' does not exist on type 'DrizzleD1Database<typeof import("C:/Users/91953/OneDrive/Desktop/Full-Stack/NextJS Projects/rgi-tnp/src/lib/schema")> & { $client: D1Database; }'.
src/app/api/admin/users/route.ts(171,11): error TS2322: Type '{ id: true; name: true; collegeName: true; enrollmentNumber: true; email: true; branch: true; cgpa: true; isVerified: true; profileImageUrl: true; phoneNumber: true; resumeUrl: true; linkedinUrl: true; githubUrl: true; course: true; batch: true; }' is not assignable to type 'never'.
src/app/api/admin/users/route.ts(189,11): error TS2322: Type 'number' is not assignable to type 'never'.
src/app/api/admin/users/route.ts(190,11): error TS2322: Type 'number' is not assignable to type 'never'.
src/app/api/admin/users/route.ts(192,12): error TS2339: Property 'externalStudent' does not exist on type 'DrizzleD1Database<typeof import("C:/Users/91953/OneDrive/Desktop/Full-Stack/NextJS Projects/rgi-tnp/src/lib/schema")> & { $client: D1Database; }'.
src/app/api/admin/users/route.ts(221,18): error TS2339: Property 'student' does not exist on type 'DrizzleD1Database<typeof import("C:/Users/91953/OneDrive/Desktop/Full-Stack/NextJS Projects/rgi-tnp/src/lib/schema")> & { $client: D1Database; }'.
src/app/api/admin/users/route.ts(232,18): error TS2339: Property 'alumni' does not exist on type 'DrizzleD1Database<typeof import("C:/Users/91953/OneDrive/Desktop/Full-Stack/NextJS Projects/rgi-tnp/src/lib/schema")> & { $client: D1Database; }'.
src/app/api/admin/users/route.ts(242,18): error TS2339: Property 'externalStudent' does not exist on type 'DrizzleD1Database<typeof import("C:/Users/91953/OneDrive/Desktop/Full-Stack/NextJS Projects/rgi-tnp/src/lib/schema")> & { $client: D1Database; }'.
src/app/api/admin/users/route.ts(274,18): error TS2769: No overload matches this call.
  Overload 1 of 3, '(left: SQLiteColumn<{ name: "id"; tableName: "Student"; dataType: "string"; columnType: "SQLiteText"; data: string; driverParam: string; notNull: true; hasDefault: true; isPrimaryKey: true; isAutoincrement: false; ... 4 more ...; generated: undefined; }, {}, { ...; }>, right: string | SQLWrapper): SQL<...>', gave the following error.
    Object literal may only specify known properties, and 'in' does not exist in type 'SQLWrapper'.
  Overload 2 of 3, '(left: Aliased<{ in: any[]; }>, right: SQLWrapper | { in: any[]; }): SQL<unknown>', gave the following error.
    Argument of type 'SQLiteColumn<{ name: "id"; tableName: "Student"; dataType: "string"; columnType: "SQLiteText"; data: string; driverParam: string; notNull: true; hasDefault: true; isPrimaryKey: true; isAutoincrement: false; ... 4 more ...; generated: undefined; }, {}, { ...; }>' is not assignable to parameter of type 'Aliased<{ in: any[]; }>'.
      Type 'SQLiteColumn<{ name: "id"; tableName: "Student"; dataType: "string"; columnType: "SQLiteText"; data: string; driverParam: string; notNull: true; hasDefault: true; isPrimaryKey: true; isAutoincrement: false; ... 4 more ...; generated: undefined; }, {}, { ...; }>' is missing the following properties from type 'Aliased<{ in: any[]; }>': sql, fieldAlias
  Overload 3 of 3, '(left: never, right: unknown): SQL<unknown>', gave the following error.
    Argument of type 'SQLiteColumn<{ name: "id"; tableName: "Student"; dataType: "string"; columnType: "SQLiteText"; data: string; driverParam: string; notNull: true; hasDefault: true; isPrimaryKey: true; isAutoincrement: false; ... 4 more ...; generated: undefined; }, {}, { ...; }>' is not assignable to parameter of type 'never'.
src/app/api/admin/users/route.ts(275,11): error TS2322: Type '{ profileImageUrl: true; resumeUrl: true; }' is not assignable to type 'never'.
src/app/api/admin/users/route.ts(281,18): error TS2339: Property 'driveRegistration' does not exist on type 'DrizzleD1Database<typeof import("C:/Users/91953/OneDrive/Desktop/Full-Stack/NextJS Projects/rgi-tnp/src/lib/schema")> & { $client: D1Database; }'.
src/app/api/admin/users/route.ts(284,18): error TS2339: Property 'student' does not exist on type 'DrizzleD1Database<typeof import("C:/Users/91953/OneDrive/Desktop/Full-Stack/NextJS Projects/rgi-tnp/src/lib/schema")> & { $client: D1Database; }'.
src/app/api/admin/users/route.ts(294,18): error TS2769: No overload matches this call.
  Overload 1 of 3, '(left: SQLiteColumn<{ name: "id"; tableName: "Alumni"; dataType: "string"; columnType: "SQLiteText"; data: string; driverParam: string; notNull: true; hasDefault: true; isPrimaryKey: true; isAutoincrement: false; ... 4 more ...; generated: undefined; }, {}, { ...; }>, right: string | SQLWrapper): SQL<...>', gave the following error.
    Object literal may only specify known properties, and 'in' does not exist in type 'SQLWrapper'.
  Overload 2 of 3, '(left: Aliased<{ in: any[]; }>, right: SQLWrapper | { in: any[]; }): SQL<unknown>', gave the following error.
    Argument of type 'SQLiteColumn<{ name: "id"; tableName: "Alumni"; dataType: "string"; columnType: "SQLiteText"; data: string; driverParam: string; notNull: true; hasDefault: true; isPrimaryKey: true; isAutoincrement: false; ... 4 more ...; generated: undefined; }, {}, { ...; }>' is not assignable to parameter of type 'Aliased<{ in: any[]; }>'.
      Type 'SQLiteColumn<{ name: "id"; tableName: "Alumni"; dataType: "string"; columnType: "SQLiteText"; data: string; driverParam: string; notNull: true; hasDefault: true; isPrimaryKey: true; isAutoincrement: false; ... 4 more ...; generated: undefined; }, {}, { ...; }>' is missing the following properties from type 'Aliased<{ in: any[]; }>': sql, fieldAlias
  Overload 3 of 3, '(left: never, right: unknown): SQL<unknown>', gave the following error.
    Argument of type 'SQLiteColumn<{ name: "id"; tableName: "Alumni"; dataType: "string"; columnType: "SQLiteText"; data: string; driverParam: string; notNull: true; hasDefault: true; isPrimaryKey: true; isAutoincrement: false; ... 4 more ...; generated: undefined; }, {}, { ...; }>' is not assignable to parameter of type 'never'.
src/app/api/admin/users/route.ts(295,11): error TS2322: Type '{ profileImageUrl: true; }' is not assignable to type 'never'.
src/app/api/admin/users/route.ts(301,18): error TS2339: Property 'alumni' does not exist on type 'DrizzleD1Database<typeof import("C:/Users/91953/OneDrive/Desktop/Full-Stack/NextJS Projects/rgi-tnp/src/lib/schema")> & { $client: D1Database; }'.
src/app/api/admin/users/route.ts(310,18): error TS2339: Property 'recruiter' does not exist on type 'DrizzleD1Database<typeof import("C:/Users/91953/OneDrive/Desktop/Full-Stack/NextJS Projects/rgi-tnp/src/lib/schema")> & { $client: D1Database; }'.
src/app/api/admin/users/route.ts(317,18): error TS2769: No overload matches this call.
  Overload 1 of 3, '(left: SQLiteColumn<{ name: "id"; tableName: "ExternalStudent"; dataType: "string"; columnType: "SQLiteText"; data: string; driverParam: string; notNull: true; hasDefault: true; isPrimaryKey: true; isAutoincrement: false; ... 4 more ...; generated: undefined; }, {}, { ...; }>, right: string | SQLWrapper): SQL<...>', gave the following error.
    Object literal may only specify known properties, and 'in' does not exist in type 'SQLWrapper'.
  Overload 2 of 3, '(left: Aliased<{ in: any[]; }>, right: SQLWrapper | { in: any[]; }): SQL<unknown>', gave the following error.
    Argument of type 'SQLiteColumn<{ name: "id"; tableName: "ExternalStudent"; dataType: "string"; columnType: "SQLiteText"; data: string; driverParam: string; notNull: true; hasDefault: true; isPrimaryKey: true; isAutoincrement: false; ... 4 more ...; generated: undefined; }, {}, { ...; }>' is not assignable to parameter of type 'Aliased<{ in: any[]; }>'.
      Type 'SQLiteColumn<{ name: "id"; tableName: "ExternalStudent"; dataType: "string"; columnType: "SQLiteText"; data: string; driverParam: string; notNull: true; hasDefault: true; isPrimaryKey: true; isAutoincrement: false; ... 4 more ...; generated: undefined; }, {}, { ...; }>' is missing the following properties from type 'Aliased<{ in: any[]; }>': sql, fieldAlias
  Overload 3 of 3, '(left: never, right: unknown): SQL<unknown>', gave the following error.
    Argument of type 'SQLiteColumn<{ name: "id"; tableName: "ExternalStudent"; dataType: "string"; columnType: "SQLiteText"; data: string; driverParam: string; notNull: true; hasDefault: true; isPrimaryKey: true; isAutoincrement: false; ... 4 more ...; generated: undefined; }, {}, { ...; }>' is not assignable to parameter of type 'never'.
src/app/api/admin/users/route.ts(318,11): error TS2322: Type '{ profileImageUrl: true; resumeUrl: true; }' is not assignable to type 'never'.
src/app/api/admin/users/route.ts(324,18): error TS2339: Property 'driveRegistration' does not exist on type 'DrizzleD1Database<typeof import("C:/Users/91953/OneDrive/Desktop/Full-Stack/NextJS Projects/rgi-tnp/src/lib/schema")> & { $client: D1Database; }'.
src/app/api/admin/users/route.ts(327,18): error TS2339: Property 'externalStudent' does not exist on type 'DrizzleD1Database<typeof import("C:/Users/91953/OneDrive/Desktop/Full-Stack/NextJS Projects/rgi-tnp/src/lib/schema")> & { $client: D1Database; }'.
src/app/api/admin/users/transfer/route.ts(92,18): error TS2339: Property '$executeRawUnsafe' does not exist on type 'DrizzleD1Database<typeof import("C:/Users/91953/OneDrive/Desktop/Full-Stack/NextJS Projects/rgi-tnp/src/lib/schema")> & { $client: D1Database; }'.
src/app/api/admin/users/transfer/route.ts(136,18): error TS2339: Property 'memory' does not exist on type 'DrizzleD1Database<typeof import("C:/Users/91953/OneDrive/Desktop/Full-Stack/NextJS Projects/rgi-tnp/src/lib/schema")> & { $client: D1Database; }'.
src/app/api/admin/users/transfer/route.ts(141,18): error TS2339: Property 'notification' does not exist on type 'DrizzleD1Database<typeof import("C:/Users/91953/OneDrive/Desktop/Full-Stack/NextJS Projects/rgi-tnp/src/lib/schema")> & { $client: D1Database; }'.
src/app/api/admin/users/transfer/route.ts(146,18): error TS2339: Property 'driveRegistration' does not exist on type 'DrizzleD1Database<typeof import("C:/Users/91953/OneDrive/Desktop/Full-Stack/NextJS Projects/rgi-tnp/src/lib/schema")> & { $client: D1Database; }'.
src/app/api/admin/users/transfer/route.ts(147,18): error TS2339: Property 'studentFeedback' does not exist on type 'DrizzleD1Database<typeof import("C:/Users/91953/OneDrive/Desktop/Full-Stack/NextJS Projects/rgi-tnp/src/lib/schema")> & { $client: D1Database; }'.
src/app/api/admin/users/transfer/route.ts(148,18): error TS2339: Property 'volunteerStudentStatus' does not exist on type 'DrizzleD1Database<typeof import("C:/Users/91953/OneDrive/Desktop/Full-Stack/NextJS Projects/rgi-tnp/src/lib/schema")> & { $client: D1Database; }'.
src/app/api/admin/users/transfer/route.ts(149,18): error TS2339: Property 'volunteer' does not exist on type 'DrizzleD1Database<typeof import("C:/Users/91953/OneDrive/Desktop/Full-Stack/NextJS Projects/rgi-tnp/src/lib/schema")> & { $client: D1Database; }'.
src/app/api/admin/volunteers/[id]/route.ts(28,16): error TS2353: Object literal may only specify known properties, and 'id' does not exist in type 'SQL<unknown> | ((fields: { id: SQLiteColumn<{ name: "id"; tableName: "Volunteer"; dataType: "string"; columnType: "SQLiteText"; data: string; driverParam: string; notNull: true; hasDefault: true; isPrimaryKey: true; ... 5 more ...; generated: undefined; }, {}, { ...; }>; ... 8 more ...; updatedAt: SQLiteColumn<...>;...'.
src/app/api/admin/volunteers/[id]/route.ts(85,16): error TS2353: Object literal may only specify known properties, and 'id' does not exist in type 'SQL<unknown> | ((fields: { id: SQLiteColumn<{ name: "id"; tableName: "Volunteer"; dataType: "string"; columnType: "SQLiteText"; data: string; driverParam: string; notNull: true; hasDefault: true; isPrimaryKey: true; ... 5 more ...; generated: undefined; }, {}, { ...; }>; ... 8 more ...; updatedAt: SQLiteColumn<...>;...'.
src/app/api/admin/volunteers/[id]/route.ts(98,39): error TS2339: Property 'volunteer' does not exist on type 'DrizzleD1Database<typeof import("C:/Users/91953/OneDrive/Desktop/Full-Stack/NextJS Projects/rgi-tnp/src/lib/schema")> & { $client: D1Database; }'.
src/app/api/admin/volunteers/[id]/route.ts(156,16): error TS2353: Object literal may only specify known properties, and 'id' does not exist in type 'SQL<unknown> | ((fields: { id: SQLiteColumn<{ name: "id"; tableName: "Volunteer"; dataType: "string"; columnType: "SQLiteText"; data: string; driverParam: string; notNull: true; hasDefault: true; isPrimaryKey: true; ... 5 more ...; generated: undefined; }, {}, { ...; }>; ... 8 more ...; updatedAt: SQLiteColumn<...>;...'.
src/app/api/admin/volunteers/[id]/route.ts(167,14): error TS2339: Property 'volunteer' does not exist on type 'DrizzleD1Database<typeof import("C:/Users/91953/OneDrive/Desktop/Full-Stack/NextJS Projects/rgi-tnp/src/lib/schema")> & { $client: D1Database; }'.
src/app/api/admin/volunteers/route.ts(42,18): error TS2353: Object literal may only specify known properties, and 'createdAt' does not exist in type 'ValueOrArray<SQL<unknown> | AnyColumn> | ((fields: { id: SQLiteColumn<{ name: "id"; tableName: "Volunteer"; dataType: "string"; columnType: "SQLiteText"; data: string; driverParam: string; ... 8 more ...; generated: undefined; }, {}, { ...; }>; ... 8 more ...; updatedAt: SQLiteColumn<...>; }, operators: { ...; }) =>...'.
src/app/api/admin/volunteers/route.ts(88,9): error TS2322: Type '{ id: true; name: true; email: true; }' is not assignable to type 'never'.
src/app/api/admin/volunteers/route.ts(96,9): error TS2322: Type '{ id: true; name: true; email: true; }' is not assignable to type 'never'.
src/app/api/alumni/alumni-network/route.ts(76,17): error TS2353: Object literal may only specify known properties, and 'id' does not exist in type 'ValueOrArray<SQL<unknown> | AnyColumn> | ((fields: { id: SQLiteColumn<{ name: "id"; tableName: "Alumni"; dataType: "string"; columnType: "SQLiteText"; data: string; driverParam: string; ... 8 more ...; generated: undefined; }, {}, { ...; }>; ... 31 more ...; isTransferred: SQLiteColumn<...>; }, operators: { ...; }) ...'.
src/app/api/alumni/alumni-network/route.ts(80,39): error TS2339: Property 'alumni' does not exist on type 'DrizzleD1Database<typeof import("C:/Users/91953/OneDrive/Desktop/Full-Stack/NextJS Projects/rgi-tnp/src/lib/schema")> & { $client: D1Database; }'.
src/app/api/alumni/dashboard/route.ts(29,7): error TS2322: Type '{ id: true; name: true; enrollmentNumber: true; personalEmail: true; currentCompany: true; jobTitle: true; city: true; country: true; linkedInUrl: true; phoneNumber: true; isProfileComplete: true; ... 8 more ...; gender: true; }' is not assignable to type 'never'.
src/app/api/alumni/dashboard/route.ts(46,20): error TS2353: Object literal may only specify known properties, and 'id' does not exist in type 'ValueOrArray<SQL<unknown> | AnyColumn> | ((fields: { id: SQLiteColumn<{ name: "id"; tableName: "Referral"; dataType: "string"; columnType: "SQLiteText"; data: string; driverParam: string; ... 8 more ...; generated: undefined; }, {}, { ...; }>; ... 15 more ...; updatedAt: SQLiteColumn<...>; }, operators: { ...; }) =>...'.
src/app/api/alumni/dashboard/route.ts(55,20): error TS2353: Object literal may only specify known properties, and 'createdAt' does not exist in type 'ValueOrArray<SQL<unknown> | AnyColumn> | ((fields: { id: SQLiteColumn<{ name: "id"; tableName: "Memory"; dataType: "string"; columnType: "SQLiteText"; data: string; driverParam: string; ... 8 more ...; generated: undefined; }, {}, { ...; }>; ... 6 more ...; createdAt: SQLiteColumn<...>; }, operators: { ...; }) => Va...'.
src/app/api/alumni/dashboard/route.ts(58,12): error TS2339: Property 'referral' does not exist on type 'DrizzleD1Database<typeof import("C:/Users/91953/OneDrive/Desktop/Full-Stack/NextJS Projects/rgi-tnp/src/lib/schema")> & { $client: D1Database; }'.
src/app/api/alumni/dashboard/route.ts(59,12): error TS2339: Property 'referral' does not exist on type 'DrizzleD1Database<typeof import("C:/Users/91953/OneDrive/Desktop/Full-Stack/NextJS Projects/rgi-tnp/src/lib/schema")> & { $client: D1Database; }'.
src/app/api/alumni/dashboard/route.ts(60,12): error TS2339: Property 'referral' does not exist on type 'DrizzleD1Database<typeof import("C:/Users/91953/OneDrive/Desktop/Full-Stack/NextJS Projects/rgi-tnp/src/lib/schema")> & { $client: D1Database; }'.
src/app/api/alumni/dashboard/route.ts(64,11): error TS2353: Object literal may only specify known properties, and 'allowAlumni' does not exist in type 'SQL<unknown> | ((fields: { id: SQLiteColumn<{ name: "id"; tableName: "PlacementDrive"; dataType: "string"; columnType: "SQLiteText"; data: string; driverParam: string; notNull: true; hasDefault: true; isPrimaryKey: true; ... 5 more ...; generated: undefined; }, {}, { ...; }>; ... 20 more ...; allowAlumni: SQLiteColu...'.
src/app/api/alumni/dashboard/route.ts(74,20): error TS2353: Object literal may only specify known properties, and 'driveDate' does not exist in type 'ValueOrArray<SQL<unknown> | AnyColumn> | ((fields: { id: SQLiteColumn<{ name: "id"; tableName: "PlacementDrive"; dataType: "string"; columnType: "SQLiteText"; data: string; driverParam: string; ... 8 more ...; generated: undefined; }, {}, { ...; }>; ... 20 more ...; allowAlumni: SQLiteColumn<...>; }, operators: { .....'.
src/app/api/alumni/dashboard/route.ts(82,20): error TS2353: Object literal may only specify known properties, and 'createdAt' does not exist in type 'ValueOrArray<SQL<unknown> | AnyColumn> | ((fields: { id: SQLiteColumn<{ name: "id"; tableName: "DriveRegistration"; dataType: "string"; columnType: "SQLiteText"; data: string; ... 9 more ...; generated: undefined; }, {}, { ...; }>; ... 6 more ...; createdAt: SQLiteColumn<...>; }, operators: { ...; }) => ValueOrArray...'.
src/app/api/alumni/dashboard/route.ts(85,18): error TS2353: Object literal may only specify known properties, and 'allowAlumni' does not exist in type 'SQL<unknown> | ((fields: { id: SQLiteColumn<{ name: "id"; tableName: "PlacementDrive"; dataType: "string"; columnType: "SQLiteText"; data: string; driverParam: string; notNull: true; hasDefault: true; isPrimaryKey: true; ... 5 more ...; generated: undefined; }, {}, { ...; }>; ... 20 more ...; allowAlumni: SQLiteColu...'.
src/app/api/alumni/dashboard/route.ts(87,20): error TS2353: Object literal may only specify known properties, and 'driveDate' does not exist in type 'ValueOrArray<SQL<unknown> | AnyColumn> | ((fields: { id: SQLiteColumn<{ name: "id"; tableName: "PlacementDrive"; dataType: "string"; columnType: "SQLiteText"; data: string; driverParam: string; ... 8 more ...; generated: undefined; }, {}, { ...; }>; ... 20 more ...; allowAlumni: SQLiteColumn<...>; }, operators: { .....'.
src/app/api/alumni/drives/route.ts(42,14): error TS2769: No overload matches this call.
  Overload 1 of 3, '(left: SQLiteColumn<{ name: "id"; tableName: "Alumni"; dataType: "string"; columnType: "SQLiteText"; data: string; driverParam: string; notNull: true; hasDefault: true; isPrimaryKey: true; isAutoincrement: false; ... 4 more ...; generated: undefined; }, {}, { ...; }>, right: string | SQLWrapper): SQL<...>', gave the following error.
    Argument of type 'string | undefined' is not assignable to parameter of type 'string | SQLWrapper'.
      Type 'undefined' is not assignable to type 'string | SQLWrapper'.
  Overload 2 of 3, '(left: Aliased<string | undefined>, right: string | SQLWrapper | undefined): SQL<unknown>', gave the following error.
    Argument of type 'SQLiteColumn<{ name: "id"; tableName: "Alumni"; dataType: "string"; columnType: "SQLiteText"; data: string; driverParam: string; notNull: true; hasDefault: true; isPrimaryKey: true; isAutoincrement: false; ... 4 more ...; generated: undefined; }, {}, { ...; }>' is not assignable to parameter of type 'Aliased<string | undefined>'.
      Type 'SQLiteColumn<{ name: "id"; tableName: "Alumni"; dataType: "string"; columnType: "SQLiteText"; data: string; driverParam: string; notNull: true; hasDefault: true; isPrimaryKey: true; isAutoincrement: false; ... 4 more ...; generated: undefined; }, {}, { ...; }>' is missing the following properties from type 'Aliased<string | undefined>': sql, fieldAlias
  Overload 3 of 3, '(left: never, right: unknown): SQL<unknown>', gave the following error.
    Argument of type 'SQLiteColumn<{ name: "id"; tableName: "Alumni"; dataType: "string"; columnType: "SQLiteText"; data: string; driverParam: string; notNull: true; hasDefault: true; isPrimaryKey: true; isAutoincrement: false; ... 4 more ...; generated: undefined; }, {}, { ...; }>' is not assignable to parameter of type 'never'.
src/app/api/alumni/drives/route.ts(43,7): error TS2322: Type '{ id: true; branch: true; course: true; batch: true; cgpa: true; gender: true; }' is not assignable to type 'never'.
src/app/api/alumni/drives/route.ts(56,9): error TS2353: Object literal may only specify known properties, and 'allowAlumni' does not exist in type 'SQL<unknown> | ((fields: { id: SQLiteColumn<{ name: "id"; tableName: "PlacementDrive"; dataType: "string"; columnType: "SQLiteText"; data: string; driverParam: string; notNull: true; hasDefault: true; isPrimaryKey: true; ... 5 more ...; generated: undefined; }, {}, { ...; }>; ... 20 more ...; allowAlumni: SQLiteColu...'.
src/app/api/alumni/drives/route.ts(68,18): error TS2353: Object literal may only specify known properties, and 'driveDate' does not exist in type 'ValueOrArray<SQL<unknown> | AnyColumn> | ((fields: { id: SQLiteColumn<{ name: "id"; tableName: "PlacementDrive"; dataType: "string"; columnType: "SQLiteText"; data: string; driverParam: string; ... 8 more ...; generated: undefined; }, {}, { ...; }>; ... 20 more ...; allowAlumni: SQLiteColumn<...>; }, operators: { .....'.
src/app/api/alumni/drives/route.ts(108,29): error TS2339: Property 'registrations' does not exist on type '{ duration: string | null; id: string; course: string; createdAt: string; updatedAt: string; companyName: string; roleName: string; jobDescription: string; ctc: string; minCGPA: number; jobType: string; ... 10 more ...; allowAlumni: boolean; }'.
src/app/api/alumni/drives/route.ts(109,34): error TS2339: Property '_count' does not exist on type '{ duration: string | null; id: string; course: string; createdAt: string; updatedAt: string; companyName: string; roleName: string; jobDescription: string; ctc: string; minCGPA: number; jobType: string; ... 10 more ...; allowAlumni: boolean; }'.
src/app/api/alumni/drives/route.ts(144,14): error TS2769: No overload matches this call.
  Overload 1 of 3, '(left: SQLiteColumn<{ name: "id"; tableName: "Alumni"; dataType: "string"; columnType: "SQLiteText"; data: string; driverParam: string; notNull: true; hasDefault: true; isPrimaryKey: true; isAutoincrement: false; ... 4 more ...; generated: undefined; }, {}, { ...; }>, right: string | SQLWrapper): SQL<...>', gave the following error.
    Argument of type 'string | undefined' is not assignable to parameter of type 'string | SQLWrapper'.
      Type 'undefined' is not assignable to type 'string | SQLWrapper'.
  Overload 2 of 3, '(left: Aliased<string | undefined>, right: string | SQLWrapper | undefined): SQL<unknown>', gave the following error.
    Argument of type 'SQLiteColumn<{ name: "id"; tableName: "Alumni"; dataType: "string"; columnType: "SQLiteText"; data: string; driverParam: string; notNull: true; hasDefault: true; isPrimaryKey: true; isAutoincrement: false; ... 4 more ...; generated: undefined; }, {}, { ...; }>' is not assignable to parameter of type 'Aliased<string | undefined>'.
      Type 'SQLiteColumn<{ name: "id"; tableName: "Alumni"; dataType: "string"; columnType: "SQLiteText"; data: string; driverParam: string; notNull: true; hasDefault: true; isPrimaryKey: true; isAutoincrement: false; ... 4 more ...; generated: undefined; }, {}, { ...; }>' is missing the following properties from type 'Aliased<string | undefined>': sql, fieldAlias
  Overload 3 of 3, '(left: never, right: unknown): SQL<unknown>', gave the following error.
    Argument of type 'SQLiteColumn<{ name: "id"; tableName: "Alumni"; dataType: "string"; columnType: "SQLiteText"; data: string; driverParam: string; notNull: true; hasDefault: true; isPrimaryKey: true; isAutoincrement: false; ... 4 more ...; generated: undefined; }, {}, { ...; }>' is not assignable to parameter of type 'never'.
src/app/api/alumni/drives/route.ts(176,16): error TS2353: Object literal may only specify known properties, and 'driveId' does not exist in type 'SQL<unknown> | ((fields: { id: SQLiteColumn<{ name: "id"; tableName: "DriveRegistration"; dataType: "string"; columnType: "SQLiteText"; data: string; driverParam: string; notNull: true; hasDefault: true; isPrimaryKey: true; ... 5 more ...; generated: undefined; }, {}, { ...; }>; ... 6 more ...; createdAt: SQLiteColu...'.
src/app/api/alumni/feedback/route.ts(19,61): error TS2769: No overload matches this call.
  Overload 1 of 2, '(value: { alumniId: string | SQL<unknown> | Placeholder<string, any>; content: string | SQL<unknown> | Placeholder<string, any>; rating: number | SQL<unknown> | Placeholder<...>; id?: string | ... 2 more ... | undefined; createdAt?: string | ... 2 more ... | undefined; updatedAt?: string | ... 2 more ... | undefined; isApproved?: boolean | ... 2 more ... | undefined; }): SQLiteInsertBase<...>', gave the following error.
    Type 'Date' is not assignable to type 'string | SQL<unknown> | Placeholder<string, any> | undefined'.
  Overload 2 of 2, '(values: { alumniId: string | SQL<unknown> | Placeholder<string, any>; content: string | SQL<unknown> | Placeholder<string, any>; rating: number | SQL<unknown> | Placeholder<...>; id?: string | ... 2 more ... | undefined; createdAt?: string | ... 2 more ... | undefined; updatedAt?: string | ... 2 more ... | undefined; isApproved?: boolean | ... 2 more ... | undefined; }[]): SQLiteInsertBase<...>', gave the following error.
    Object literal may only specify known properties, and 'content' does not exist in type '{ alumniId: string | SQL<unknown> | Placeholder<string, any>; content: string | SQL<unknown> | Placeholder<string, any>; rating: number | SQL<unknown> | Placeholder<...>; id?: string | ... 2 more ... | undefined; createdAt?: string | ... 2 more ... | undefined; updatedAt?: string | ... 2 more ... | undefined; isAppr...'.
src/app/api/alumni/memories/route.ts(22,20): error TS2769: No overload matches this call.
  Overload 1 of 3, '(left: SQLiteColumn<{ name: "enrollmentNumber"; tableName: "Alumni"; dataType: "string"; columnType: "SQLiteText"; data: string; driverParam: string; notNull: true; hasDefault: false; isPrimaryKey: false; ... 5 more ...; generated: undefined; }, {}, { ...; }>, right: string | SQLWrapper): SQL<...>', gave the following error.
    Argument of type 'string | undefined' is not assignable to parameter of type 'string | SQLWrapper'.
      Type 'undefined' is not assignable to type 'string | SQLWrapper'.
  Overload 2 of 3, '(left: Aliased<string | undefined>, right: string | SQLWrapper | undefined): SQL<unknown>', gave the following error.
    Argument of type 'SQLiteColumn<{ name: "enrollmentNumber"; tableName: "Alumni"; dataType: "string"; columnType: "SQLiteText"; data: string; driverParam: string; notNull: true; hasDefault: false; isPrimaryKey: false; isAutoincrement: false; ... 4 more ...; generated: undefined; }, {}, { ...; }>' is not assignable to parameter of type 'Aliased<string | undefined>'.
      Type 'SQLiteColumn<{ name: "enrollmentNumber"; tableName: "Alumni"; dataType: "string"; columnType: "SQLiteText"; data: string; driverParam: string; notNull: true; hasDefault: false; isPrimaryKey: false; isAutoincrement: false; ... 4 more ...; generated: undefined; }, {}, { ...; }>' is missing the following properties from type 'Aliased<string | undefined>': sql, fieldAlias
  Overload 3 of 3, '(left: never, right: unknown): SQL<unknown>', gave the following error.
    Argument of type 'SQLiteColumn<{ name: "enrollmentNumber"; tableName: "Alumni"; dataType: "string"; columnType: "SQLiteText"; data: string; driverParam: string; notNull: true; hasDefault: false; isPrimaryKey: false; isAutoincrement: false; ... 4 more ...; generated: undefined; }, {}, { ...; }>' is not assignable to parameter of type 'never'.
src/app/api/alumni/memories/route.ts(28,37): error TS2339: Property 'memory' does not exist on type 'DrizzleD1Database<typeof import("C:/Users/91953/OneDrive/Desktop/Full-Stack/NextJS Projects/rgi-tnp/src/lib/schema")> & { $client: D1Database; }'.
src/app/api/alumni/memories/route.ts(62,20): error TS2769: No overload matches this call.
  Overload 1 of 3, '(left: SQLiteColumn<{ name: "enrollmentNumber"; tableName: "Alumni"; dataType: "string"; columnType: "SQLiteText"; data: string; driverParam: string; notNull: true; hasDefault: false; isPrimaryKey: false; ... 5 more ...; generated: undefined; }, {}, { ...; }>, right: string | SQLWrapper): SQL<...>', gave the following error.
    Argument of type 'string | undefined' is not assignable to parameter of type 'string | SQLWrapper'.
      Type 'undefined' is not assignable to type 'string | SQLWrapper'.
  Overload 2 of 3, '(left: Aliased<string | undefined>, right: string | SQLWrapper | undefined): SQL<unknown>', gave the following error.
    Argument of type 'SQLiteColumn<{ name: "enrollmentNumber"; tableName: "Alumni"; dataType: "string"; columnType: "SQLiteText"; data: string; driverParam: string; notNull: true; hasDefault: false; isPrimaryKey: false; isAutoincrement: false; ... 4 more ...; generated: undefined; }, {}, { ...; }>' is not assignable to parameter of type 'Aliased<string | undefined>'.
      Type 'SQLiteColumn<{ name: "enrollmentNumber"; tableName: "Alumni"; dataType: "string"; columnType: "SQLiteText"; data: string; driverParam: string; notNull: true; hasDefault: false; isPrimaryKey: false; isAutoincrement: false; ... 4 more ...; generated: undefined; }, {}, { ...; }>' is missing the following properties from type 'Aliased<string | undefined>': sql, fieldAlias
  Overload 3 of 3, '(left: never, right: unknown): SQL<unknown>', gave the following error.
    Argument of type 'SQLiteColumn<{ name: "enrollmentNumber"; tableName: "Alumni"; dataType: "string"; columnType: "SQLiteText"; data: string; driverParam: string; notNull: true; hasDefault: false; isPrimaryKey: false; isAutoincrement: false; ... 4 more ...; generated: undefined; }, {}, { ...; }>' is not assignable to parameter of type 'never'.
src/app/api/alumni/memories/route.ts(63,13): error TS2322: Type '{ id: true; }' is not assignable to type 'never'.
src/app/api/alumni/memories/route.ts(71,22): error TS2353: Object literal may only specify known properties, and 'id' does not exist in type 'SQL<unknown> | ((fields: { id: SQLiteColumn<{ name: "id"; tableName: "Memory"; dataType: "string"; columnType: "SQLiteText"; data: string; driverParam: string; notNull: true; hasDefault: true; isPrimaryKey: true; ... 5 more ...; generated: undefined; }, {}, { ...; }>; ... 6 more ...; createdAt: SQLiteColumn<...>; },...'.
src/app/api/alumni/memories/route.ts(86,39): error TS2339: Property 'memory' does not exist on type 'DrizzleD1Database<typeof import("C:/Users/91953/OneDrive/Desktop/Full-Stack/NextJS Projects/rgi-tnp/src/lib/schema")> & { $client: D1Database; }'.
src/app/api/alumni/notifications/route.ts(37,13): error TS2322: Type '{ id: true; }' is not assignable to type 'never'.
src/app/api/alumni/notifications/route.ts(47,21): error TS2353: Object literal may only specify known properties, and 'alumniId' does not exist in type 'SQL<unknown> | ((fields: { id: SQLiteColumn<{ name: "id"; tableName: "Notification"; dataType: "string"; columnType: "SQLiteText"; data: string; driverParam: string; notNull: true; hasDefault: true; isPrimaryKey: true; ... 5 more ...; generated: undefined; }, {}, { ...; }>; ... 10 more ...; recruiterId: SQLiteColumn...'.
src/app/api/alumni/notifications/route.ts(50,28): error TS2353: Object literal may only specify known properties, and 'createdAt' does not exist in type 'ValueOrArray<SQL<unknown> | AnyColumn> | ((fields: { id: SQLiteColumn<{ name: "id"; tableName: "Notification"; dataType: "string"; columnType: "SQLiteText"; data: string; driverParam: string; ... 8 more ...; generated: undefined; }, {}, { ...; }>; ... 10 more ...; recruiterId: SQLiteColumn<...>; }, operators: { ...;...'.
src/app/api/alumni/notifications/route.ts(54,16): error TS2339: Property 'notification' does not exist on type 'DrizzleD1Database<typeof import("C:/Users/91953/OneDrive/Desktop/Full-Stack/NextJS Projects/rgi-tnp/src/lib/schema")> & { $client: D1Database; }'.
src/app/api/alumni/notifications/route.ts(60,16): error TS2339: Property 'notification' does not exist on type 'DrizzleD1Database<typeof import("C:/Users/91953/OneDrive/Desktop/Full-Stack/NextJS Projects/rgi-tnp/src/lib/schema")> & { $client: D1Database; }'.
src/app/api/alumni/notifications/route.ts(94,13): error TS2322: Type '{ id: true; }' is not assignable to type 'never'.
src/app/api/alumni/notifications/route.ts(98,22): error TS2339: Property 'notification' does not exist on type 'DrizzleD1Database<typeof import("C:/Users/91953/OneDrive/Desktop/Full-Stack/NextJS Projects/rgi-tnp/src/lib/schema")> & { $client: D1Database; }'.
src/app/api/alumni/notifications/route.ts(111,18): error TS2339: Property 'notification' does not exist on type 'DrizzleD1Database<typeof import("C:/Users/91953/OneDrive/Desktop/Full-Stack/NextJS Projects/rgi-tnp/src/lib/schema")> & { $client: D1Database; }'.
src/app/api/alumni/profile/route.ts(31,14): error TS2769: No overload matches this call.
  Overload 1 of 3, '(left: SQLiteColumn<{ name: "id"; tableName: "Alumni"; dataType: "string"; columnType: "SQLiteText"; data: string; driverParam: string; notNull: true; hasDefault: true; isPrimaryKey: true; isAutoincrement: false; ... 4 more ...; generated: undefined; }, {}, { ...; }>, right: string | SQLWrapper): SQL<...>', gave the following error.
    Argument of type 'string | undefined' is not assignable to parameter of type 'string | SQLWrapper'.
      Type 'undefined' is not assignable to type 'string | SQLWrapper'.
  Overload 2 of 3, '(left: Aliased<string | undefined>, right: string | SQLWrapper | undefined): SQL<unknown>', gave the following error.
    Argument of type 'SQLiteColumn<{ name: "id"; tableName: "Alumni"; dataType: "string"; columnType: "SQLiteText"; data: string; driverParam: string; notNull: true; hasDefault: true; isPrimaryKey: true; isAutoincrement: false; ... 4 more ...; generated: undefined; }, {}, { ...; }>' is not assignable to parameter of type 'Aliased<string | undefined>'.
      Type 'SQLiteColumn<{ name: "id"; tableName: "Alumni"; dataType: "string"; columnType: "SQLiteText"; data: string; driverParam: string; notNull: true; hasDefault: true; isPrimaryKey: true; isAutoincrement: false; ... 4 more ...; generated: undefined; }, {}, { ...; }>' is missing the following properties from type 'Aliased<string | undefined>': sql, fieldAlias
  Overload 3 of 3, '(left: never, right: unknown): SQL<unknown>', gave the following error.
    Argument of type 'SQLiteColumn<{ name: "id"; tableName: "Alumni"; dataType: "string"; columnType: "SQLiteText"; data: string; driverParam: string; notNull: true; hasDefault: true; isPrimaryKey: true; isAutoincrement: false; ... 4 more ...; generated: undefined; }, {}, { ...; }>' is not assignable to parameter of type 'never'.
src/app/api/alumni/profile/route.ts(32,7): error TS2322: Type '{ profileImageUrl: true; }' is not assignable to type 'never'.
src/app/api/alumni/profile/route.ts(45,20): error TS2769: No overload matches this call.
  Overload 1 of 3, '(left: SQLiteColumn<{ name: "id"; tableName: "Alumni"; dataType: "string"; columnType: "SQLiteText"; data: string; driverParam: string; notNull: true; hasDefault: true; isPrimaryKey: true; isAutoincrement: false; ... 4 more ...; generated: undefined; }, {}, { ...; }>, right: string | SQLWrapper): SQL<...>', gave the following error.
    Argument of type 'string | undefined' is not assignable to parameter of type 'string | SQLWrapper'.
      Type 'undefined' is not assignable to type 'string | SQLWrapper'.
  Overload 2 of 3, '(left: Aliased<string | undefined>, right: string | SQLWrapper | undefined): SQL<unknown>', gave the following error.
    Argument of type 'SQLiteColumn<{ name: "id"; tableName: "Alumni"; dataType: "string"; columnType: "SQLiteText"; data: string; driverParam: string; notNull: true; hasDefault: true; isPrimaryKey: true; isAutoincrement: false; ... 4 more ...; generated: undefined; }, {}, { ...; }>' is not assignable to parameter of type 'Aliased<string | undefined>'.
      Type 'SQLiteColumn<{ name: "id"; tableName: "Alumni"; dataType: "string"; columnType: "SQLiteText"; data: string; driverParam: string; notNull: true; hasDefault: true; isPrimaryKey: true; isAutoincrement: false; ... 4 more ...; generated: undefined; }, {}, { ...; }>' is missing the following properties from type 'Aliased<string | undefined>': sql, fieldAlias
  Overload 3 of 3, '(left: never, right: unknown): SQL<unknown>', gave the following error.
    Argument of type 'SQLiteColumn<{ name: "id"; tableName: "Alumni"; dataType: "string"; columnType: "SQLiteText"; data: string; driverParam: string; notNull: true; hasDefault: true; isPrimaryKey: true; isAutoincrement: false; ... 4 more ...; generated: undefined; }, {}, { ...; }>' is not assignable to parameter of type 'never'.
src/app/api/auth/forgot-password/route.ts(40,67): error TS2353: Object literal may only specify known properties, and 'email' does not exist in type 'SQL<unknown> | ((fields: { id: SQLiteColumn<{ name: "id"; tableName: "Student"; dataType: "string"; columnType: "SQLiteText"; data: string; driverParam: string; notNull: true; hasDefault: true; isPrimaryKey: true; ... 5 more ...; generated: undefined; }, {}, { ...; }>; ... 29 more ...; updatedAt: SQLiteColumn<...>; ...'.
src/app/api/auth/forgot-password/route.ts(45,16): error TS2339: Property 'student' does not exist on type 'DrizzleD1Database<typeof import("C:/Users/91953/OneDrive/Desktop/Full-Stack/NextJS Projects/rgi-tnp/src/lib/schema")> & { $client: D1Database; }'.
src/app/api/auth/forgot-password/route.ts(53,83): error TS2353: Object literal may only specify known properties, and 'email' does not exist in type 'SQL<unknown> | ((fields: { id: SQLiteColumn<{ name: "id"; tableName: "ExternalStudent"; dataType: "string"; columnType: "SQLiteText"; data: string; driverParam: string; notNull: true; hasDefault: true; isPrimaryKey: true; ... 5 more ...; generated: undefined; }, {}, { ...; }>; ... 29 more ...; updatedAt: SQLiteColum...'.
src/app/api/auth/forgot-password/route.ts(58,16): error TS2339: Property 'externalStudent' does not exist on type 'DrizzleD1Database<typeof import("C:/Users/91953/OneDrive/Desktop/Full-Stack/NextJS Projects/rgi-tnp/src/lib/schema")> & { $client: D1Database; }'.
src/app/api/auth/forgot-password/route.ts(76,70): error TS2353: Object literal may only specify known properties, and 'email' does not exist in type 'SQL<unknown> | ((fields: { id: SQLiteColumn<{ name: "id"; tableName: "Recruiter"; dataType: "string"; columnType: "SQLiteText"; data: string; driverParam: string; notNull: true; hasDefault: true; isPrimaryKey: true; ... 5 more ...; generated: undefined; }, {}, { ...; }>; ... 10 more ...; updatedAt: SQLiteColumn<...>...'.
src/app/api/auth/forgot-password/route.ts(81,16): error TS2339: Property 'recruiter' does not exist on type 'DrizzleD1Database<typeof import("C:/Users/91953/OneDrive/Desktop/Full-Stack/NextJS Projects/rgi-tnp/src/lib/schema")> & { $client: D1Database; }'.
src/app/api/auth/resend-otp/route.ts(27,73): error TS2353: Object literal may only specify known properties, and 'email' does not exist in type 'SQL<unknown> | ((fields: { id: SQLiteColumn<{ name: "id"; tableName: "Student"; dataType: "string"; columnType: "SQLiteText"; data: string; driverParam: string; notNull: true; hasDefault: true; isPrimaryKey: true; ... 5 more ...; generated: undefined; }, {}, { ...; }>; ... 29 more ...; updatedAt: SQLiteColumn<...>; ...'.
src/app/api/auth/resend-otp/route.ts(38,22): error TS2339: Property 'student' does not exist on type 'DrizzleD1Database<typeof import("C:/Users/91953/OneDrive/Desktop/Full-Stack/NextJS Projects/rgi-tnp/src/lib/schema")> & { $client: D1Database; }'.
src/app/api/auth/resend-otp/route.ts(68,84): error TS2353: Object literal may only specify known properties, and 'email' does not exist in type 'SQL<unknown> | ((fields: { id: SQLiteColumn<{ name: "id"; tableName: "ExternalStudent"; dataType: "string"; columnType: "SQLiteText"; data: string; driverParam: string; notNull: true; hasDefault: true; isPrimaryKey: true; ... 5 more ...; generated: undefined; }, {}, { ...; }>; ... 29 more ...; updatedAt: SQLiteColum...'.
src/app/api/auth/resend-otp/route.ts(80,22): error TS2339: Property 'externalStudent' does not exist on type 'DrizzleD1Database<typeof import("C:/Users/91953/OneDrive/Desktop/Full-Stack/NextJS Projects/rgi-tnp/src/lib/schema")> & { $client: D1Database; }'.
src/app/api/auth/reset-password/route.ts(41,11): error TS2353: Object literal may only specify known properties, and 'resetPasswordToken' does not exist in type 'SQL<unknown> | ((fields: { id: SQLiteColumn<{ name: "id"; tableName: "Student"; dataType: "string"; columnType: "SQLiteText"; data: string; driverParam: string; notNull: true; hasDefault: true; isPrimaryKey: true; ... 5 more ...; generated: undefined; }, {}, { ...; }>; ... 29 more ...; updatedAt: SQLiteColumn<...>; ...'.
src/app/api/auth/reset-password/route.ts(59,11): error TS2353: Object literal may only specify known properties, and 'resetPasswordToken' does not exist in type 'SQL<unknown> | ((fields: { id: SQLiteColumn<{ name: "id"; tableName: "ExternalStudent"; dataType: "string"; columnType: "SQLiteText"; data: string; driverParam: string; notNull: true; hasDefault: true; isPrimaryKey: true; ... 5 more ...; generated: undefined; }, {}, { ...; }>; ... 29 more ...; updatedAt: SQLiteColum...'.
src/app/api/auth/reset-password/route.ts(77,11): error TS2353: Object literal may only specify known properties, and 'resetPasswordToken' does not exist in type 'SQL<unknown> | ((fields: { id: SQLiteColumn<{ name: "id"; tableName: "Alumni"; dataType: "string"; columnType: "SQLiteText"; data: string; driverParam: string; notNull: true; hasDefault: true; isPrimaryKey: true; ... 5 more ...; generated: undefined; }, {}, { ...; }>; ... 31 more ...; isTransferred: SQLiteColumn<......'.
src/app/api/auth/reset-password/route.ts(95,11): error TS2353: Object literal may only specify known properties, and 'resetPasswordToken' does not exist in type 'SQL<unknown> | ((fields: { id: SQLiteColumn<{ name: "id"; tableName: "Recruiter"; dataType: "string"; columnType: "SQLiteText"; data: string; driverParam: string; notNull: true; hasDefault: true; isPrimaryKey: true; ... 5 more ...; generated: undefined; }, {}, { ...; }>; ... 10 more ...; updatedAt: SQLiteColumn<...>...'.
src/app/api/auth/verify-email/route.ts(70,61): error TS2353: Object literal may only specify known properties, and 'email' does not exist in type 'SQL<unknown> | ((fields: { id: SQLiteColumn<{ name: "id"; tableName: "Student"; dataType: "string"; columnType: "SQLiteText"; data: string; driverParam: string; notNull: true; hasDefault: true; isPrimaryKey: true; ... 5 more ...; generated: undefined; }, {}, { ...; }>; ... 29 more ...; updatedAt: SQLiteColumn<...>; ...'.
src/app/api/auth/verify-email/route.ts(72,44): error TS2339: Property 'student' does not exist on type 'DrizzleD1Database<typeof import("C:/Users/91953/OneDrive/Desktop/Full-Stack/NextJS Projects/rgi-tnp/src/lib/schema")> & { $client: D1Database; }'.
src/app/api/auth/verify-email/route.ts(77,69): error TS2353: Object literal may only specify known properties, and 'email' does not exist in type 'SQL<unknown> | ((fields: { id: SQLiteColumn<{ name: "id"; tableName: "ExternalStudent"; dataType: "string"; columnType: "SQLiteText"; data: string; driverParam: string; notNull: true; hasDefault: true; isPrimaryKey: true; ... 5 more ...; generated: undefined; }, {}, { ...; }>; ... 29 more ...; updatedAt: SQLiteColum...'.
src/app/api/auth/verify-email/route.ts(79,44): error TS2339: Property 'externalStudent' does not exist on type 'DrizzleD1Database<typeof import("C:/Users/91953/OneDrive/Desktop/Full-Stack/NextJS Projects/rgi-tnp/src/lib/schema")> & { $client: D1Database; }'.
src/app/api/auth/verify-email/route.ts(86,44): error TS2339: Property 'alumni' does not exist on type 'DrizzleD1Database<typeof import("C:/Users/91953/OneDrive/Desktop/Full-Stack/NextJS Projects/rgi-tnp/src/lib/schema")> & { $client: D1Database; }'.
src/app/api/auth/verify-email/route.ts(96,47): error TS2353: Object literal may only specify known properties, and 'email' does not exist in type 'SQL<unknown> | ((fields: { id: SQLiteColumn<{ name: "id"; tableName: "Student"; dataType: "string"; columnType: "SQLiteText"; data: string; driverParam: string; notNull: true; hasDefault: true; isPrimaryKey: true; ... 5 more ...; generated: undefined; }, {}, { ...; }>; ... 29 more ...; updatedAt: SQLiteColumn<...>; ...'.
src/app/api/auth/verify-email/route.ts(97,55): error TS2353: Object literal may only specify known properties, and 'email' does not exist in type 'SQL<unknown> | ((fields: { id: SQLiteColumn<{ name: "id"; tableName: "ExternalStudent"; dataType: "string"; columnType: "SQLiteText"; data: string; driverParam: string; notNull: true; hasDefault: true; isPrimaryKey: true; ... 5 more ...; generated: undefined; }, {}, { ...; }>; ... 29 more ...; updatedAt: SQLiteColum...'.
src/app/api/auth/verify-email/route.ts(102,50): error TS2339: Property 'student' does not exist on type 'DrizzleD1Database<typeof import("C:/Users/91953/OneDrive/Desktop/Full-Stack/NextJS Projects/rgi-tnp/src/lib/schema")> & { $client: D1Database; }'.
src/app/api/auth/verify-email/route.ts(108,51): error TS2339: Property 'externalStudent' does not exist on type 'DrizzleD1Database<typeof import("C:/Users/91953/OneDrive/Desktop/Full-Stack/NextJS Projects/rgi-tnp/src/lib/schema")> & { $client: D1Database; }'.
src/app/api/auth/verify-email/route.ts(114,49): error TS2339: Property 'alumni' does not exist on type 'DrizzleD1Database<typeof import("C:/Users/91953/OneDrive/Desktop/Full-Stack/NextJS Projects/rgi-tnp/src/lib/schema")> & { $client: D1Database; }'.
src/app/api/drive-images/[driveId]/route.ts(20,16): error TS2353: Object literal may only specify known properties, and 'driveId' does not exist in type 'SQL<unknown> | ((fields: { id: SQLiteColumn<{ name: "id"; tableName: "DriveImage"; dataType: "string"; columnType: "SQLiteText"; data: string; driverParam: string; notNull: true; hasDefault: true; isPrimaryKey: true; ... 5 more ...; generated: undefined; }, {}, { ...; }>; ... 4 more ...; createdAt: SQLiteColumn<...>...'.
src/app/api/drive-images/[driveId]/route.ts(29,18): error TS2353: Object literal may only specify known properties, and 'createdAt' does not exist in type 'ValueOrArray<SQL<unknown> | AnyColumn> | ((fields: { id: SQLiteColumn<{ name: "id"; tableName: "DriveImage"; dataType: "string"; columnType: "SQLiteText"; data: string; driverParam: string; ... 8 more ...; generated: undefined; }, {}, { ...; }>; ... 4 more ...; createdAt: SQLiteColumn<...>; }, operators: { ...; }) =...'.
src/app/api/external/dashboard/route.ts(36,11): error TS2353: Object literal may only specify known properties, and 'status' does not exist in type 'SQL<unknown> | ((fields: { id: SQLiteColumn<{ name: "id"; tableName: "PlacementDrive"; dataType: "string"; columnType: "SQLiteText"; data: string; driverParam: string; notNull: true; hasDefault: true; isPrimaryKey: true; ... 5 more ...; generated: undefined; }, {}, { ...; }>; ... 20 more ...; allowAlumni: SQLiteColu...'.
src/app/api/external/dashboard/route.ts(41,20): error TS2353: Object literal may only specify known properties, and 'driveDate' does not exist in type 'ValueOrArray<SQL<unknown> | AnyColumn> | ((fields: { id: SQLiteColumn<{ name: "id"; tableName: "PlacementDrive"; dataType: "string"; columnType: "SQLiteText"; data: string; driverParam: string; ... 8 more ...; generated: undefined; }, {}, { ...; }>; ... 20 more ...; allowAlumni: SQLiteColumn<...>; }, operators: { .....'.
src/app/api/external/dashboard/route.ts(46,11): error TS2353: Object literal may only specify known properties, and 'status' does not exist in type 'SQL<unknown> | ((fields: { id: SQLiteColumn<{ name: "id"; tableName: "PlacementDrive"; dataType: "string"; columnType: "SQLiteText"; data: string; driverParam: string; notNull: true; hasDefault: true; isPrimaryKey: true; ... 5 more ...; generated: undefined; }, {}, { ...; }>; ... 20 more ...; allowAlumni: SQLiteColu...'.
src/app/api/external/dashboard/route.ts(50,20): error TS2353: Object literal may only specify known properties, and 'driveDate' does not exist in type 'ValueOrArray<SQL<unknown> | AnyColumn> | ((fields: { id: SQLiteColumn<{ name: "id"; tableName: "PlacementDrive"; dataType: "string"; columnType: "SQLiteText"; data: string; driverParam: string; ... 8 more ...; generated: undefined; }, {}, { ...; }>; ... 20 more ...; allowAlumni: SQLiteColumn<...>; }, operators: { .....'.
src/app/api/external/dashboard/route.ts(60,20): error TS2353: Object literal may only specify known properties, and 'createdAt' does not exist in type 'ValueOrArray<SQL<unknown> | AnyColumn> | ((fields: { id: SQLiteColumn<{ name: "id"; tableName: "DriveRegistration"; dataType: "string"; columnType: "SQLiteText"; data: string; ... 9 more ...; generated: undefined; }, {}, { ...; }>; ... 6 more ...; createdAt: SQLiteColumn<...>; }, operators: { ...; }) => ValueOrArray...'.
src/app/api/external/dashboard/route.ts(63,10): error TS2339: Property 'placementDrive' does not exist on type 'DrizzleD1Database<typeof import("C:/Users/91953/OneDrive/Desktop/Full-Stack/NextJS Projects/rgi-tnp/src/lib/schema")> & { $client: D1Database; }'.
src/app/api/external/dashboard/route.ts(70,10): error TS2339: Property 'driveRegistration' does not exist on type 'DrizzleD1Database<typeof import("C:/Users/91953/OneDrive/Desktop/Full-Stack/NextJS Projects/rgi-tnp/src/lib/schema")> & { $client: D1Database; }'.
src/app/api/external/dashboard/route.ts(126,16): error TS2353: Object literal may only specify known properties, and 'driveId' does not exist in type 'SQL<unknown> | ((fields: { id: SQLiteColumn<{ name: "id"; tableName: "DriveRegistration"; dataType: "string"; columnType: "SQLiteText"; data: string; driverParam: string; notNull: true; hasDefault: true; isPrimaryKey: true; ... 5 more ...; generated: undefined; }, {}, { ...; }>; ... 6 more ...; createdAt: SQLiteColu...'.
src/app/api/external/notifications/route.ts(22,20): error TS2769: No overload matches this call.
  Overload 1 of 3, '(left: SQLiteColumn<{ name: "enrollmentNumber"; tableName: "ExternalStudent"; dataType: "string"; columnType: "SQLiteText"; data: string; driverParam: string; notNull: true; hasDefault: false; isPrimaryKey: false; ... 5 more ...; generated: undefined; }, {}, { ...; }>, right: string | SQLWrapper): SQL<...>', gave the following error.
    Argument of type 'string | undefined' is not assignable to parameter of type 'string | SQLWrapper'.
      Type 'undefined' is not assignable to type 'string | SQLWrapper'.
  Overload 2 of 3, '(left: Aliased<string | undefined>, right: string | SQLWrapper | undefined): SQL<unknown>', gave the following error.
    Argument of type 'SQLiteColumn<{ name: "enrollmentNumber"; tableName: "ExternalStudent"; dataType: "string"; columnType: "SQLiteText"; data: string; driverParam: string; notNull: true; hasDefault: false; isPrimaryKey: false; ... 5 more ...; generated: undefined; }, {}, { ...; }>' is not assignable to parameter of type 'Aliased<string | undefined>'.
      Type 'SQLiteColumn<{ name: "enrollmentNumber"; tableName: "ExternalStudent"; dataType: "string"; columnType: "SQLiteText"; data: string; driverParam: string; notNull: true; hasDefault: false; isPrimaryKey: false; ... 5 more ...; generated: undefined; }, {}, { ...; }>' is missing the following properties from type 'Aliased<string | undefined>': sql, fieldAlias
  Overload 3 of 3, '(left: never, right: unknown): SQL<unknown>', gave the following error.
    Argument of type 'SQLiteColumn<{ name: "enrollmentNumber"; tableName: "ExternalStudent"; dataType: "string"; columnType: "SQLiteText"; data: string; driverParam: string; notNull: true; hasDefault: false; isPrimaryKey: false; ... 5 more ...; generated: undefined; }, {}, { ...; }>' is not assignable to parameter of type 'never'.
src/app/api/external/notifications/route.ts(23,13): error TS2322: Type '{ id: true; }' is not assignable to type 'never'.
src/app/api/external/notifications/route.ts(33,21): error TS2353: Object literal may only specify known properties, and 'externalStudentId' does not exist in type 'SQL<unknown> | ((fields: { id: SQLiteColumn<{ name: "id"; tableName: "Notification"; dataType: "string"; columnType: "SQLiteText"; data: string; driverParam: string; notNull: true; hasDefault: true; isPrimaryKey: true; ... 5 more ...; generated: undefined; }, {}, { ...; }>; ... 10 more ...; recruiterId: SQLiteColumn...'.
src/app/api/external/notifications/route.ts(36,28): error TS2353: Object literal may only specify known properties, and 'createdAt' does not exist in type 'ValueOrArray<SQL<unknown> | AnyColumn> | ((fields: { id: SQLiteColumn<{ name: "id"; tableName: "Notification"; dataType: "string"; columnType: "SQLiteText"; data: string; driverParam: string; ... 8 more ...; generated: undefined; }, {}, { ...; }>; ... 10 more ...; recruiterId: SQLiteColumn<...>; }, operators: { ...;...'.
src/app/api/external/notifications/route.ts(40,16): error TS2339: Property 'notification' does not exist on type 'DrizzleD1Database<typeof import("C:/Users/91953/OneDrive/Desktop/Full-Stack/NextJS Projects/rgi-tnp/src/lib/schema")> & { $client: D1Database; }'.
src/app/api/external/notifications/route.ts(46,16): error TS2339: Property 'notification' does not exist on type 'DrizzleD1Database<typeof import("C:/Users/91953/OneDrive/Desktop/Full-Stack/NextJS Projects/rgi-tnp/src/lib/schema")> & { $client: D1Database; }'.
src/app/api/external/notifications/route.ts(78,20): error TS2769: No overload matches this call.
  Overload 1 of 3, '(left: SQLiteColumn<{ name: "enrollmentNumber"; tableName: "ExternalStudent"; dataType: "string"; columnType: "SQLiteText"; data: string; driverParam: string; notNull: true; hasDefault: false; isPrimaryKey: false; ... 5 more ...; generated: undefined; }, {}, { ...; }>, right: string | SQLWrapper): SQL<...>', gave the following error.
    Argument of type 'string | undefined' is not assignable to parameter of type 'string | SQLWrapper'.
      Type 'undefined' is not assignable to type 'string | SQLWrapper'.
  Overload 2 of 3, '(left: Aliased<string | undefined>, right: string | SQLWrapper | undefined): SQL<unknown>', gave the following error.
    Argument of type 'SQLiteColumn<{ name: "enrollmentNumber"; tableName: "ExternalStudent"; dataType: "string"; columnType: "SQLiteText"; data: string; driverParam: string; notNull: true; hasDefault: false; isPrimaryKey: false; ... 5 more ...; generated: undefined; }, {}, { ...; }>' is not assignable to parameter of type 'Aliased<string | undefined>'.
      Type 'SQLiteColumn<{ name: "enrollmentNumber"; tableName: "ExternalStudent"; dataType: "string"; columnType: "SQLiteText"; data: string; driverParam: string; notNull: true; hasDefault: false; isPrimaryKey: false; ... 5 more ...; generated: undefined; }, {}, { ...; }>' is missing the following properties from type 'Aliased<string | undefined>': sql, fieldAlias
  Overload 3 of 3, '(left: never, right: unknown): SQL<unknown>', gave the following error.
    Argument of type 'SQLiteColumn<{ name: "enrollmentNumber"; tableName: "ExternalStudent"; dataType: "string"; columnType: "SQLiteText"; data: string; driverParam: string; notNull: true; hasDefault: false; isPrimaryKey: false; ... 5 more ...; generated: undefined; }, {}, { ...; }>' is not assignable to parameter of type 'never'.
src/app/api/external/notifications/route.ts(79,13): error TS2322: Type '{ id: true; }' is not assignable to type 'never'.
src/app/api/external/notifications/route.ts(83,22): error TS2339: Property 'notification' does not exist on type 'DrizzleD1Database<typeof import("C:/Users/91953/OneDrive/Desktop/Full-Stack/NextJS Projects/rgi-tnp/src/lib/schema")> & { $client: D1Database; }'.
src/app/api/external/notifications/route.ts(96,18): error TS2339: Property 'notification' does not exist on type 'DrizzleD1Database<typeof import("C:/Users/91953/OneDrive/Desktop/Full-Stack/NextJS Projects/rgi-tnp/src/lib/schema")> & { $client: D1Database; }'.
src/app/api/external/public-drives/route.ts(14,9): error TS2353: Object literal may only specify known properties, and 'status' does not exist in type 'SQL<unknown> | ((fields: { id: SQLiteColumn<{ name: "id"; tableName: "PlacementDrive"; dataType: "string"; columnType: "SQLiteText"; data: string; driverParam: string; notNull: true; hasDefault: true; isPrimaryKey: true; ... 5 more ...; generated: undefined; }, {}, { ...; }>; ... 20 more ...; allowAlumni: SQLiteColu...'.
src/app/api/external/public-drives/route.ts(17,18): error TS2353: Object literal may only specify known properties, and 'driveDate' does not exist in type 'ValueOrArray<SQL<unknown> | AnyColumn> | ((fields: { id: SQLiteColumn<{ name: "id"; tableName: "PlacementDrive"; dataType: "string"; columnType: "SQLiteText"; data: string; driverParam: string; ... 8 more ...; generated: undefined; }, {}, { ...; }>; ... 20 more ...; allowAlumni: SQLiteColumn<...>; }, operators: { .....'.
src/app/api/external/update-profile/route.ts(69,7): error TS2322: Type '{ name: true; profileImageUrl: true; resumeUrl: true; tenthPercentage: true; twelfthPercentage: true; activeBacklog: true; linkedinUrl: true; githubUrl: true; semester: true; cgpa: true; }' is not assignable to type 'never'.
src/app/api/feedback/route.ts(24,28): error TS2353: Object literal may only specify known properties, and 'createdAt' does not exist in type 'ValueOrArray<SQL<unknown> | AnyColumn> | ((fields: { id: SQLiteColumn<{ name: "id"; tableName: "StudentFeedback"; dataType: "string"; columnType: "SQLiteText"; data: string; ... 9 more ...; generated: undefined; }, {}, { ...; }>; ... 5 more ...; studentId: SQLiteColumn<...>; }, operators: { ...; }) => ValueOrArray<....'.
src/app/api/feedback/route.ts(41,28): error TS2353: Object literal may only specify known properties, and 'createdAt' does not exist in type 'ValueOrArray<SQL<unknown> | AnyColumn> | ((fields: { id: SQLiteColumn<{ name: "id"; tableName: "AlumniFeedback"; dataType: "string"; columnType: "SQLiteText"; data: string; driverParam: string; ... 8 more ...; generated: undefined; }, {}, { ...; }>; ... 5 more ...; alumniId: SQLiteColumn<...>; }, operators: { ...; }...'.
src/app/api/feedback/route.ts(58,28): error TS2353: Object literal may only specify known properties, and 'createdAt' does not exist in type 'ValueOrArray<SQL<unknown> | AnyColumn> | ((fields: { id: SQLiteColumn<{ name: "id"; tableName: "CorporateFeedback"; dataType: "string"; columnType: "SQLiteText"; data: string; ... 9 more ...; generated: undefined; }, {}, { ...; }>; ... 5 more ...; recruiterId: SQLiteColumn<...>; }, operators: { ...; }) => ValueOrArr...'.
src/app/api/feedback/route.ts(69,16): error TS2339: Property 'studentFeedback' does not exist on type 'DrizzleD1Database<typeof import("C:/Users/91953/OneDrive/Desktop/Full-Stack/NextJS Projects/rgi-tnp/src/lib/schema")> & { $client: D1Database; }'.
src/app/api/feedback/route.ts(70,16): error TS2339: Property 'alumniFeedback' does not exist on type 'DrizzleD1Database<typeof import("C:/Users/91953/OneDrive/Desktop/Full-Stack/NextJS Projects/rgi-tnp/src/lib/schema")> & { $client: D1Database; }'.
src/app/api/feedback/route.ts(71,16): error TS2339: Property 'corporateFeedback' does not exist on type 'DrizzleD1Database<typeof import("C:/Users/91953/OneDrive/Desktop/Full-Stack/NextJS Projects/rgi-tnp/src/lib/schema")> & { $client: D1Database; }'.
src/app/api/home/driveImages/route.ts(17,9): error TS2353: Object literal may only specify known properties, and 'status' does not exist in type 'SQL<unknown> | ((fields: { id: SQLiteColumn<{ name: "id"; tableName: "PlacementDrive"; dataType: "string"; columnType: "SQLiteText"; data: string; driverParam: string; notNull: true; hasDefault: true; isPrimaryKey: true; ... 5 more ...; generated: undefined; }, {}, { ...; }>; ... 20 more ...; allowAlumni: SQLiteColu...'.
src/app/api/home/driveImages/route.ts(36,18): error TS2353: Object literal may only specify known properties, and 'driveDate' does not exist in type 'ValueOrArray<SQL<unknown> | AnyColumn> | ((fields: { id: SQLiteColumn<{ name: "id"; tableName: "PlacementDrive"; dataType: "string"; columnType: "SQLiteText"; data: string; driverParam: string; ... 8 more ...; generated: undefined; }, {}, { ...; }>; ... 20 more ...; allowAlumni: SQLiteColumn<...>; }, operators: { .....'.
src/app/api/home/testimonial/route.ts(8,33): error TS2339: Property '$queryRaw' does not exist on type 'DrizzleD1Database<typeof import("C:/Users/91953/OneDrive/Desktop/Full-Stack/NextJS Projects/rgi-tnp/src/lib/schema")> & { $client: D1Database; }'.
src/app/api/home/volunteerCards/route.ts(14,13): error TS2353: Object literal may only specify known properties, and 'isActive' does not exist in type 'SQL<unknown> | ((fields: { id: SQLiteColumn<{ name: "id"; tableName: "Volunteer"; dataType: "string"; columnType: "SQLiteText"; data: string; driverParam: string; notNull: true; hasDefault: true; isPrimaryKey: true; ... 5 more ...; generated: undefined; }, {}, { ...; }>; ... 8 more ...; updatedAt: SQLiteColumn<...>;...'.
src/app/api/home/volunteerCards/route.ts(30,13): error TS2353: Object literal may only specify known properties, and 'createdAt' does not exist in type 'ValueOrArray<SQL<unknown> | AnyColumn> | ((fields: { id: SQLiteColumn<{ name: "id"; tableName: "Volunteer"; dataType: "string"; columnType: "SQLiteText"; data: string; driverParam: string; ... 8 more ...; generated: undefined; }, {}, { ...; }>; ... 8 more ...; updatedAt: SQLiteColumn<...>; }, operators: { ...; }) =>...'.
src/app/api/memories/route.ts(22,17): error TS2322: Type '{ status: string; }' is not assignable to type 'SQL<unknown> | ((fields: { id: SQLiteColumn<{ name: "id"; tableName: "Memory"; dataType: "string"; columnType: "SQLiteText"; data: string; driverParam: string; notNull: true; hasDefault: true; isPrimaryKey: true; ... 5 more ...; generated: undefined; }, {}, { ...; }>; ... 6 more ...; createdAt: SQLiteColumn<...>; },...'.
src/app/api/memories/route.ts(23,28): error TS2353: Object literal may only specify known properties, and 'createdAt' does not exist in type 'ValueOrArray<SQL<unknown> | AnyColumn> | ((fields: { id: SQLiteColumn<{ name: "id"; tableName: "Memory"; dataType: "string"; columnType: "SQLiteText"; data: string; driverParam: string; ... 8 more ...; generated: undefined; }, {}, { ...; }>; ... 6 more ...; createdAt: SQLiteColumn<...>; }, operators: { ...; }) => Va...'.
src/app/api/memories/route.ts(27,16): error TS2339: Property 'memory' does not exist on type 'DrizzleD1Database<typeof import("C:/Users/91953/OneDrive/Desktop/Full-Stack/NextJS Projects/rgi-tnp/src/lib/schema")> & { $client: D1Database; }'.
src/app/api/recruiter/dashboard/route.ts(25,9): error TS2353: Object literal may only specify known properties, and 'recruiterId' does not exist in type 'SQL<unknown> | ((fields: { id: SQLiteColumn<{ name: "id"; tableName: "PlacementDrive"; dataType: "string"; columnType: "SQLiteText"; data: string; driverParam: string; notNull: true; hasDefault: true; isPrimaryKey: true; ... 5 more ...; generated: undefined; }, {}, { ...; }>; ... 20 more ...; allowAlumni: SQLiteColu...'.
src/app/api/recruiter/dashboard/route.ts(49,18): error TS2353: Object literal may only specify known properties, and 'driveDate' does not exist in type 'ValueOrArray<SQL<unknown> | AnyColumn> | ((fields: { id: SQLiteColumn<{ name: "id"; tableName: "PlacementDrive"; dataType: "string"; columnType: "SQLiteText"; data: string; driverParam: string; ... 8 more ...; generated: undefined; }, {}, { ...; }>; ... 20 more ...; allowAlumni: SQLiteColumn<...>; }, operators: { .....'.
src/app/api/recruiter/dashboard/route.ts(55,12): error TS2339: Property 'driveRegistration' does not exist on type 'DrizzleD1Database<typeof import("C:/Users/91953/OneDrive/Desktop/Full-Stack/NextJS Projects/rgi-tnp/src/lib/schema")> & { $client: D1Database; }'.
src/app/api/recruiter/dashboard/route.ts(99,22): error TS2353: Object literal may only specify known properties, and 'createdAt' does not exist in type 'ValueOrArray<SQL<unknown> | AnyColumn> | ((fields: { id: SQLiteColumn<{ name: "id"; tableName: "DriveRegistration"; dataType: "string"; columnType: "SQLiteText"; data: string; ... 9 more ...; generated: undefined; }, {}, { ...; }>; ... 6 more ...; createdAt: SQLiteColumn<...>; }, operators: { ...; }) => ValueOrArray...'.
src/app/api/recruiter/dashboard/route.ts(101,12): error TS2339: Property 'driveRegistration' does not exist on type 'DrizzleD1Database<typeof import("C:/Users/91953/OneDrive/Desktop/Full-Stack/NextJS Projects/rgi-tnp/src/lib/schema")> & { $client: D1Database; }'.
src/app/api/recruiter/dashboard/route.ts(113,22): error TS2769: No overload matches this call.
  Overload 1 of 3, '(left: SQLiteColumn<{ name: "id"; tableName: "Student"; dataType: "string"; columnType: "SQLiteText"; data: string; driverParam: string; notNull: true; hasDefault: true; isPrimaryKey: true; isAutoincrement: false; ... 4 more ...; generated: undefined; }, {}, { ...; }>, right: string | SQLWrapper): SQL<...>', gave the following error.
    Object literal may only specify known properties, and 'in' does not exist in type 'SQLWrapper'.
  Overload 2 of 3, '(left: Aliased<{ in: any[]; }>, right: SQLWrapper | { in: any[]; }): SQL<unknown>', gave the following error.
    Argument of type 'SQLiteColumn<{ name: "id"; tableName: "Student"; dataType: "string"; columnType: "SQLiteText"; data: string; driverParam: string; notNull: true; hasDefault: true; isPrimaryKey: true; isAutoincrement: false; ... 4 more ...; generated: undefined; }, {}, { ...; }>' is not assignable to parameter of type 'Aliased<{ in: any[]; }>'.
      Type 'SQLiteColumn<{ name: "id"; tableName: "Student"; dataType: "string"; columnType: "SQLiteText"; data: string; driverParam: string; notNull: true; hasDefault: true; isPrimaryKey: true; isAutoincrement: false; ... 4 more ...; generated: undefined; }, {}, { ...; }>' is missing the following properties from type 'Aliased<{ in: any[]; }>': sql, fieldAlias
  Overload 3 of 3, '(left: never, right: unknown): SQL<unknown>', gave the following error.
    Argument of type 'SQLiteColumn<{ name: "id"; tableName: "Student"; dataType: "string"; columnType: "SQLiteText"; data: string; driverParam: string; notNull: true; hasDefault: true; isPrimaryKey: true; isAutoincrement: false; ... 4 more ...; generated: undefined; }, {}, { ...; }>' is not assignable to parameter of type 'never'.
src/app/api/recruiter/dashboard/route.ts(114,15): error TS2322: Type '{ id: true; name: true; enrollmentNumber: true; branch: true; cgpa: true; email: true; profileImageUrl: true; }' is not assignable to type 'never'.
src/app/api/recruiter/dashboard/route.ts(119,22): error TS2769: No overload matches this call.
  Overload 1 of 3, '(left: SQLiteColumn<{ name: "id"; tableName: "ExternalStudent"; dataType: "string"; columnType: "SQLiteText"; data: string; driverParam: string; notNull: true; hasDefault: true; isPrimaryKey: true; isAutoincrement: false; ... 4 more ...; generated: undefined; }, {}, { ...; }>, right: string | SQLWrapper): SQL<...>', gave the following error.
    Object literal may only specify known properties, and 'in' does not exist in type 'SQLWrapper'.
  Overload 2 of 3, '(left: Aliased<{ in: any[]; }>, right: SQLWrapper | { in: any[]; }): SQL<unknown>', gave the following error.
    Argument of type 'SQLiteColumn<{ name: "id"; tableName: "ExternalStudent"; dataType: "string"; columnType: "SQLiteText"; data: string; driverParam: string; notNull: true; hasDefault: true; isPrimaryKey: true; isAutoincrement: false; ... 4 more ...; generated: undefined; }, {}, { ...; }>' is not assignable to parameter of type 'Aliased<{ in: any[]; }>'.
      Type 'SQLiteColumn<{ name: "id"; tableName: "ExternalStudent"; dataType: "string"; columnType: "SQLiteText"; data: string; driverParam: string; notNull: true; hasDefault: true; isPrimaryKey: true; isAutoincrement: false; ... 4 more ...; generated: undefined; }, {}, { ...; }>' is missing the following properties from type 'Aliased<{ in: any[]; }>': sql, fieldAlias
  Overload 3 of 3, '(left: never, right: unknown): SQL<unknown>', gave the following error.
    Argument of type 'SQLiteColumn<{ name: "id"; tableName: "ExternalStudent"; dataType: "string"; columnType: "SQLiteText"; data: string; driverParam: string; notNull: true; hasDefault: true; isPrimaryKey: true; isAutoincrement: false; ... 4 more ...; generated: undefined; }, {}, { ...; }>' is not assignable to parameter of type 'never'.
src/app/api/recruiter/dashboard/route.ts(120,15): error TS2322: Type '{ id: true; name: true; collegeName: true; branch: true; cgpa: true; email: true; profileImageUrl: true; }' is not assignable to type 'never'.
src/app/api/recruiter/dashboard/route.ts(172,56): error TS7006: Parameter 'sum' implicitly has an 'any' type.
src/app/api/recruiter/dashboard/route.ts(172,61): error TS7006: Parameter 'count' implicitly has an 'any' type.
src/app/api/recruiter/drives/route.ts(39,58): error TS2769: No overload matches this call.
  Overload 1 of 2, '(value: { course: string | SQL<unknown> | Placeholder<string, any>; companyName: string | SQL<unknown> | Placeholder<string, any>; roleName: string | SQL<unknown> | Placeholder<...>; ... 18 more ...; allowAlumni?: boolean | ... 2 more ... | undefined; }): SQLiteInsertBase<...>', gave the following error.
    Object literal may only specify known properties, but 'recruiter' does not exist in type '{ course: string | SQL<unknown> | Placeholder<string, any>; companyName: string | SQL<unknown> | Placeholder<string, any>; roleName: string | SQL<unknown> | Placeholder<...>; ... 18 more ...; allowAlumni?: boolean | ... 2 more ... | undefined; }'. Did you mean to write 'recruiterId'?
  Overload 2 of 2, '(values: { course: string | SQL<unknown> | Placeholder<string, any>; companyName: string | SQL<unknown> | Placeholder<string, any>; roleName: string | SQL<unknown> | Placeholder<...>; ... 18 more ...; allowAlumni?: boolean | ... 2 more ... | undefined; }[]): SQLiteInsertBase<...>', gave the following error.
    Object literal may only specify known properties, and 'companyName' does not exist in type '{ course: string | SQL<unknown> | Placeholder<string, any>; companyName: string | SQL<unknown> | Placeholder<string, any>; roleName: string | SQL<unknown> | Placeholder<...>; ... 18 more ...; allowAlumni?: boolean | ... 2 more ... | undefined; }[]'.
src/app/api/recruiter/feedback/route.ts(19,68): error TS2769: No overload matches this call.
  Overload 1 of 2, '(value: { recruiterId: string | SQL<unknown> | Placeholder<string, any>; content: string | SQL<unknown> | Placeholder<string, any>; rating: number | SQL<unknown> | Placeholder<...>; id?: string | ... 2 more ... | undefined; createdAt?: string | ... 2 more ... | undefined; updatedAt?: string | ... 2 more ... | undefined; isApproved?: boolean | ... 2 more ... | undefined; }): SQLiteInsertBase<...>', gave the following error.
    Type 'Date' is not assignable to type 'string | SQL<unknown> | Placeholder<string, any> | undefined'.
  Overload 2 of 2, '(values: { recruiterId: string | SQL<unknown> | Placeholder<string, any>; content: string | SQL<unknown> | Placeholder<string, any>; rating: number | SQL<unknown> | Placeholder<...>; id?: string | ... 2 more ... | undefined; createdAt?: string | ... 2 more ... | undefined; updatedAt?: string | ... 2 more ... | undefined; isApproved?: boolean | ... 2 more ... | undefined; }[]): SQLiteInsertBase<...>', gave the following error.
    Object literal may only specify known properties, and 'content' does not exist in type '{ recruiterId: string | SQL<unknown> | Placeholder<string, any>; content: string | SQL<unknown> | Placeholder<string, any>; rating: number | SQL<unknown> | Placeholder<...>; id?: string | ... 2 more ... | undefined; createdAt?: string | ... 2 more ... | undefined; updatedAt?: string | ... 2 more ... | undefined; isA...'.
src/app/api/recruiter/notifications/route.ts(23,20): error TS2769: No overload matches this call.
  Overload 1 of 3, '(left: SQLiteColumn<{ name: "email"; tableName: "Recruiter"; dataType: "string"; columnType: "SQLiteText"; data: string; driverParam: string; notNull: true; hasDefault: false; isPrimaryKey: false; isAutoincrement: false; ... 4 more ...; generated: undefined; }, {}, { ...; }>, right: string | SQLWrapper): SQL<...>', gave the following error.
    Argument of type 'string | undefined' is not assignable to parameter of type 'string | SQLWrapper'.
      Type 'undefined' is not assignable to type 'string | SQLWrapper'.
  Overload 2 of 3, '(left: Aliased<string | undefined>, right: string | SQLWrapper | undefined): SQL<unknown>', gave the following error.
    Argument of type 'SQLiteColumn<{ name: "email"; tableName: "Recruiter"; dataType: "string"; columnType: "SQLiteText"; data: string; driverParam: string; notNull: true; hasDefault: false; isPrimaryKey: false; isAutoincrement: false; ... 4 more ...; generated: undefined; }, {}, { ...; }>' is not assignable to parameter of type 'Aliased<string | undefined>'.
      Type 'SQLiteColumn<{ name: "email"; tableName: "Recruiter"; dataType: "string"; columnType: "SQLiteText"; data: string; driverParam: string; notNull: true; hasDefault: false; isPrimaryKey: false; isAutoincrement: false; ... 4 more ...; generated: undefined; }, {}, { ...; }>' is missing the following properties from type 'Aliased<string | undefined>': sql, fieldAlias
  Overload 3 of 3, '(left: never, right: unknown): SQL<unknown>', gave the following error.
    Argument of type 'SQLiteColumn<{ name: "email"; tableName: "Recruiter"; dataType: "string"; columnType: "SQLiteText"; data: string; driverParam: string; notNull: true; hasDefault: false; isPrimaryKey: false; isAutoincrement: false; ... 4 more ...; generated: undefined; }, {}, { ...; }>' is not assignable to parameter of type 'never'.
src/app/api/recruiter/notifications/route.ts(24,13): error TS2322: Type '{ id: true; }' is not assignable to type 'never'.
src/app/api/recruiter/notifications/route.ts(34,21): error TS2353: Object literal may only specify known properties, and 'recruiterId' does not exist in type 'SQL<unknown> | ((fields: { id: SQLiteColumn<{ name: "id"; tableName: "Notification"; dataType: "string"; columnType: "SQLiteText"; data: string; driverParam: string; notNull: true; hasDefault: true; isPrimaryKey: true; ... 5 more ...; generated: undefined; }, {}, { ...; }>; ... 10 more ...; recruiterId: SQLiteColumn...'.
src/app/api/recruiter/notifications/route.ts(37,28): error TS2353: Object literal may only specify known properties, and 'createdAt' does not exist in type 'ValueOrArray<SQL<unknown> | AnyColumn> | ((fields: { id: SQLiteColumn<{ name: "id"; tableName: "Notification"; dataType: "string"; columnType: "SQLiteText"; data: string; driverParam: string; ... 8 more ...; generated: undefined; }, {}, { ...; }>; ... 10 more ...; recruiterId: SQLiteColumn<...>; }, operators: { ...;...'.
src/app/api/recruiter/notifications/route.ts(41,16): error TS2339: Property 'notification' does not exist on type 'DrizzleD1Database<typeof import("C:/Users/91953/OneDrive/Desktop/Full-Stack/NextJS Projects/rgi-tnp/src/lib/schema")> & { $client: D1Database; }'.
src/app/api/recruiter/notifications/route.ts(47,16): error TS2339: Property 'notification' does not exist on type 'DrizzleD1Database<typeof import("C:/Users/91953/OneDrive/Desktop/Full-Stack/NextJS Projects/rgi-tnp/src/lib/schema")> & { $client: D1Database; }'.
src/app/api/recruiter/notifications/route.ts(81,20): error TS2769: No overload matches this call.
  Overload 1 of 3, '(left: SQLiteColumn<{ name: "email"; tableName: "Recruiter"; dataType: "string"; columnType: "SQLiteText"; data: string; driverParam: string; notNull: true; hasDefault: false; isPrimaryKey: false; isAutoincrement: false; ... 4 more ...; generated: undefined; }, {}, { ...; }>, right: string | SQLWrapper): SQL<...>', gave the following error.
    Argument of type 'string | undefined' is not assignable to parameter of type 'string | SQLWrapper'.
      Type 'undefined' is not assignable to type 'string | SQLWrapper'.
  Overload 2 of 3, '(left: Aliased<string | undefined>, right: string | SQLWrapper | undefined): SQL<unknown>', gave the following error.
    Argument of type 'SQLiteColumn<{ name: "email"; tableName: "Recruiter"; dataType: "string"; columnType: "SQLiteText"; data: string; driverParam: string; notNull: true; hasDefault: false; isPrimaryKey: false; isAutoincrement: false; ... 4 more ...; generated: undefined; }, {}, { ...; }>' is not assignable to parameter of type 'Aliased<string | undefined>'.
      Type 'SQLiteColumn<{ name: "email"; tableName: "Recruiter"; dataType: "string"; columnType: "SQLiteText"; data: string; driverParam: string; notNull: true; hasDefault: false; isPrimaryKey: false; isAutoincrement: false; ... 4 more ...; generated: undefined; }, {}, { ...; }>' is missing the following properties from type 'Aliased<string | undefined>': sql, fieldAlias
  Overload 3 of 3, '(left: never, right: unknown): SQL<unknown>', gave the following error.
    Argument of type 'SQLiteColumn<{ name: "email"; tableName: "Recruiter"; dataType: "string"; columnType: "SQLiteText"; data: string; driverParam: string; notNull: true; hasDefault: false; isPrimaryKey: false; isAutoincrement: false; ... 4 more ...; generated: undefined; }, {}, { ...; }>' is not assignable to parameter of type 'never'.
src/app/api/recruiter/notifications/route.ts(82,13): error TS2322: Type '{ id: true; }' is not assignable to type 'never'.
src/app/api/recruiter/notifications/route.ts(89,22): error TS2339: Property 'notification' does not exist on type 'DrizzleD1Database<typeof import("C:/Users/91953/OneDrive/Desktop/Full-Stack/NextJS Projects/rgi-tnp/src/lib/schema")> & { $client: D1Database; }'.
src/app/api/recruiter/notifications/route.ts(106,18): error TS2339: Property 'notification' does not exist on type 'DrizzleD1Database<typeof import("C:/Users/91953/OneDrive/Desktop/Full-Stack/NextJS Projects/rgi-tnp/src/lib/schema")> & { $client: D1Database; }'.
src/app/api/student/attendance/route.ts(65,16): error TS2769: No overload matches this call.
  Overload 1 of 3, '(left: SQLiteColumn<{ name: "email"; tableName: "ExternalStudent"; dataType: "string"; columnType: "SQLiteText"; data: string; driverParam: string; notNull: true; hasDefault: false; isPrimaryKey: false; isAutoincrement: false; ... 4 more ...; generated: undefined; }, {}, { ...; }>, right: string | SQLWrapper): SQL<...>', gave the following error.
    Argument of type 'string | undefined' is not assignable to parameter of type 'string | SQLWrapper'.
      Type 'undefined' is not assignable to type 'string | SQLWrapper'.
  Overload 2 of 3, '(left: Aliased<string | undefined>, right: string | SQLWrapper | undefined): SQL<unknown>', gave the following error.
    Argument of type 'SQLiteColumn<{ name: "email"; tableName: "ExternalStudent"; dataType: "string"; columnType: "SQLiteText"; data: string; driverParam: string; notNull: true; hasDefault: false; isPrimaryKey: false; isAutoincrement: false; ... 4 more ...; generated: undefined; }, {}, { ...; }>' is not assignable to parameter of type 'Aliased<string | undefined>'.
      Type 'SQLiteColumn<{ name: "email"; tableName: "ExternalStudent"; dataType: "string"; columnType: "SQLiteText"; data: string; driverParam: string; notNull: true; hasDefault: false; isPrimaryKey: false; isAutoincrement: false; ... 4 more ...; generated: undefined; }, {}, { ...; }>' is missing the following properties from type 'Aliased<string | undefined>': sql, fieldAlias
  Overload 3 of 3, '(left: never, right: unknown): SQL<unknown>', gave the following error.
    Argument of type 'SQLiteColumn<{ name: "email"; tableName: "ExternalStudent"; dataType: "string"; columnType: "SQLiteText"; data: string; driverParam: string; notNull: true; hasDefault: false; isPrimaryKey: false; isAutoincrement: false; ... 4 more ...; generated: undefined; }, {}, { ...; }>' is not assignable to parameter of type 'never'.
src/app/api/student/attendance/route.ts(66,9): error TS2322: Type '{ id: true; name: true; }' is not assignable to type 'never'.
src/app/api/student/attendance/route.ts(78,11): error TS2353: Object literal may only specify known properties, and 'driveId' does not exist in type 'SQL<unknown> | ((fields: { id: SQLiteColumn<{ name: "id"; tableName: "DriveRegistration"; dataType: "string"; columnType: "SQLiteText"; data: string; driverParam: string; notNull: true; hasDefault: true; isPrimaryKey: true; ... 5 more ...; generated: undefined; }, {}, { ...; }>; ... 6 more ...; createdAt: SQLiteColu...'.
src/app/api/student/attendance/route.ts(86,16): error TS2769: No overload matches this call.
  Overload 1 of 3, '(left: SQLiteColumn<{ name: "enrollmentNumber"; tableName: "Student"; dataType: "string"; columnType: "SQLiteText"; data: string; driverParam: string; notNull: true; hasDefault: false; isPrimaryKey: false; ... 5 more ...; generated: undefined; }, {}, { ...; }>, right: string | SQLWrapper): SQL<...>', gave the following error.
    Argument of type 'string | undefined' is not assignable to parameter of type 'string | SQLWrapper'.
      Type 'undefined' is not assignable to type 'string | SQLWrapper'.
  Overload 2 of 3, '(left: Aliased<string | undefined>, right: string | SQLWrapper | undefined): SQL<unknown>', gave the following error.
    Argument of type 'SQLiteColumn<{ name: "enrollmentNumber"; tableName: "Student"; dataType: "string"; columnType: "SQLiteText"; data: string; driverParam: string; notNull: true; hasDefault: false; isPrimaryKey: false; isAutoincrement: false; ... 4 more ...; generated: undefined; }, {}, { ...; }>' is not assignable to parameter of type 'Aliased<string | undefined>'.
      Type 'SQLiteColumn<{ name: "enrollmentNumber"; tableName: "Student"; dataType: "string"; columnType: "SQLiteText"; data: string; driverParam: string; notNull: true; hasDefault: false; isPrimaryKey: false; isAutoincrement: false; ... 4 more ...; generated: undefined; }, {}, { ...; }>' is missing the following properties from type 'Aliased<string | undefined>': sql, fieldAlias
  Overload 3 of 3, '(left: never, right: unknown): SQL<unknown>', gave the following error.
    Argument of type 'SQLiteColumn<{ name: "enrollmentNumber"; tableName: "Student"; dataType: "string"; columnType: "SQLiteText"; data: string; driverParam: string; notNull: true; hasDefault: false; isPrimaryKey: false; isAutoincrement: false; ... 4 more ...; generated: undefined; }, {}, { ...; }>' is not assignable to parameter of type 'never'.
src/app/api/student/attendance/route.ts(87,9): error TS2322: Type '{ id: true; name: true; }' is not assignable to type 'never'.
src/app/api/student/attendance/route.ts(99,11): error TS2353: Object literal may only specify known properties, and 'driveId' does not exist in type 'SQL<unknown> | ((fields: { id: SQLiteColumn<{ name: "id"; tableName: "DriveRegistration"; dataType: "string"; columnType: "SQLiteText"; data: string; driverParam: string; notNull: true; hasDefault: true; isPrimaryKey: true; ... 5 more ...; generated: undefined; }, {}, { ...; }>; ... 6 more ...; createdAt: SQLiteColu...'.
src/app/api/student/attendance/route.ts(119,9): error TS2322: Type '{ companyName: true; }' is not assignable to type 'never'.
src/app/api/student/attendance/route.ts(134,7): error TS2322: Type '{ companyName: true; roleName: true; }' is not assignable to type 'never'.
src/app/api/student/dashboard/route.ts(25,14): error TS2769: No overload matches this call.
  Overload 1 of 3, '(left: SQLiteColumn<{ name: "enrollmentNumber"; tableName: "Student"; dataType: "string"; columnType: "SQLiteText"; data: string; driverParam: string; notNull: true; hasDefault: false; isPrimaryKey: false; ... 5 more ...; generated: undefined; }, {}, { ...; }>, right: string | SQLWrapper): SQL<...>', gave the following error.
    Argument of type 'string | undefined' is not assignable to parameter of type 'string | SQLWrapper'.
      Type 'undefined' is not assignable to type 'string | SQLWrapper'.
  Overload 2 of 3, '(left: Aliased<string | undefined>, right: string | SQLWrapper | undefined): SQL<unknown>', gave the following error.
    Argument of type 'SQLiteColumn<{ name: "enrollmentNumber"; tableName: "Student"; dataType: "string"; columnType: "SQLiteText"; data: string; driverParam: string; notNull: true; hasDefault: false; isPrimaryKey: false; isAutoincrement: false; ... 4 more ...; generated: undefined; }, {}, { ...; }>' is not assignable to parameter of type 'Aliased<string | undefined>'.
      Type 'SQLiteColumn<{ name: "enrollmentNumber"; tableName: "Student"; dataType: "string"; columnType: "SQLiteText"; data: string; driverParam: string; notNull: true; hasDefault: false; isPrimaryKey: false; isAutoincrement: false; ... 4 more ...; generated: undefined; }, {}, { ...; }>' is missing the following properties from type 'Aliased<string | undefined>': sql, fieldAlias
  Overload 3 of 3, '(left: never, right: unknown): SQL<unknown>', gave the following error.
    Argument of type 'SQLiteColumn<{ name: "enrollmentNumber"; tableName: "Student"; dataType: "string"; columnType: "SQLiteText"; data: string; driverParam: string; notNull: true; hasDefault: false; isPrimaryKey: false; isAutoincrement: false; ... 4 more ...; generated: undefined; }, {}, { ...; }>' is not assignable to parameter of type 'never'.
src/app/api/student/dashboard/route.ts(26,7): error TS2322: Type '{ id: true; name: true; enrollmentNumber: true; email: true; branch: true; semester: true; cgpa: true; isEmailVerified: true; isVerified: true; profileImageUrl: true; phoneNumber: true; course: true; ... 7 more ...; isProfileComplete: true; }' is not assignable to type 'never'.
src/app/api/student/dashboard/route.ts(47,20): error TS2353: Object literal may only specify known properties, and 'driveDate' does not exist in type 'ValueOrArray<SQL<unknown> | AnyColumn> | ((fields: { id: SQLiteColumn<{ name: "id"; tableName: "PlacementDrive"; dataType: "string"; columnType: "SQLiteText"; data: string; driverParam: string; ... 8 more ...; generated: undefined; }, {}, { ...; }>; ... 20 more ...; allowAlumni: SQLiteColumn<...>; }, operators: { .....'.
src/app/api/student/dashboard/route.ts(53,20): error TS2353: Object literal may only specify known properties, and 'driveDate' does not exist in type 'ValueOrArray<SQL<unknown> | AnyColumn> | ((fields: { id: SQLiteColumn<{ name: "id"; tableName: "PlacementDrive"; dataType: "string"; columnType: "SQLiteText"; data: string; driverParam: string; ... 8 more ...; generated: undefined; }, {}, { ...; }>; ... 20 more ...; allowAlumni: SQLiteColumn<...>; }, operators: { .....'.
src/app/api/student/dashboard/route.ts(57,44): error TS2551: Property 'student' does not exist on type 'SQLiteTableWithColumns<{ name: "DriveRegistration"; schema: undefined; columns: { id: SQLiteColumn<{ name: "id"; tableName: "DriveRegistration"; dataType: "string"; columnType: "SQLiteText"; data: string; driverParam: string; ... 8 more ...; generated: undefined; }, {}, { ...; }>; ... 6 more ...; createdAt: SQLiteCo...'. Did you mean 'studentId'?
src/app/api/student/dashboard/route.ts(63,20): error TS2353: Object literal may only specify known properties, and 'createdAt' does not exist in type 'ValueOrArray<SQL<unknown> | AnyColumn> | ((fields: { id: SQLiteColumn<{ name: "id"; tableName: "DriveRegistration"; dataType: "string"; columnType: "SQLiteText"; data: string; ... 9 more ...; generated: undefined; }, {}, { ...; }>; ... 6 more ...; createdAt: SQLiteColumn<...>; }, operators: { ...; }) => ValueOrArray...'.
src/app/api/student/dashboard/route.ts(69,20): error TS2353: Object literal may only specify known properties, and 'createdAt' does not exist in type 'ValueOrArray<SQL<unknown> | AnyColumn> | ((fields: { id: SQLiteColumn<{ name: "id"; tableName: "Memory"; dataType: "string"; columnType: "SQLiteText"; data: string; driverParam: string; ... 8 more ...; generated: undefined; }, {}, { ...; }>; ... 6 more ...; createdAt: SQLiteColumn<...>; }, operators: { ...; }) => Va...'.
src/app/api/student/dashboard/route.ts(72,10): error TS2339: Property 'placementDrive' does not exist on type 'DrizzleD1Database<typeof import("C:/Users/91953/OneDrive/Desktop/Full-Stack/NextJS Projects/rgi-tnp/src/lib/schema")> & { $client: D1Database; }'.
src/app/api/student/dashboard/route.ts(74,10): error TS2339: Property 'driveRegistration' does not exist on type 'DrizzleD1Database<typeof import("C:/Users/91953/OneDrive/Desktop/Full-Stack/NextJS Projects/rgi-tnp/src/lib/schema")> & { $client: D1Database; }'.
src/app/api/student/drives/route.ts(39,67): error TS2769: No overload matches this call.
  Overload 1 of 3, '(left: SQLiteColumn<{ name: "enrollmentNumber"; tableName: "Student"; dataType: "string"; columnType: "SQLiteText"; data: string; driverParam: string; notNull: true; hasDefault: false; isPrimaryKey: false; ... 5 more ...; generated: undefined; }, {}, { ...; }>, right: string | SQLWrapper): SQL<...>', gave the following error.
    Argument of type 'string | undefined' is not assignable to parameter of type 'string | SQLWrapper'.
      Type 'undefined' is not assignable to type 'string | SQLWrapper'.
  Overload 2 of 3, '(left: Aliased<string | undefined>, right: string | SQLWrapper | undefined): SQL<unknown>', gave the following error.
    Argument of type 'SQLiteColumn<{ name: "enrollmentNumber"; tableName: "Student"; dataType: "string"; columnType: "SQLiteText"; data: string; driverParam: string; notNull: true; hasDefault: false; isPrimaryKey: false; isAutoincrement: false; ... 4 more ...; generated: undefined; }, {}, { ...; }>' is not assignable to parameter of type 'Aliased<string | undefined>'.
      Type 'SQLiteColumn<{ name: "enrollmentNumber"; tableName: "Student"; dataType: "string"; columnType: "SQLiteText"; data: string; driverParam: string; notNull: true; hasDefault: false; isPrimaryKey: false; isAutoincrement: false; ... 4 more ...; generated: undefined; }, {}, { ...; }>' is missing the following properties from type 'Aliased<string | undefined>': sql, fieldAlias
  Overload 3 of 3, '(left: never, right: unknown): SQL<unknown>', gave the following error.
    Argument of type 'SQLiteColumn<{ name: "enrollmentNumber"; tableName: "Student"; dataType: "string"; columnType: "SQLiteText"; data: string; driverParam: string; notNull: true; hasDefault: false; isPrimaryKey: false; isAutoincrement: false; ... 4 more ...; generated: undefined; }, {}, { ...; }>' is not assignable to parameter of type 'never'.
src/app/api/student/drives/route.ts(51,16): error TS2353: Object literal may only specify known properties, and 'driveId' does not exist in type 'SQL<unknown> | ((fields: { id: SQLiteColumn<{ name: "id"; tableName: "DriveRegistration"; dataType: "string"; columnType: "SQLiteText"; data: string; driverParam: string; notNull: true; hasDefault: true; isPrimaryKey: true; ... 5 more ...; generated: undefined; }, {}, { ...; }>; ... 6 more ...; createdAt: SQLiteColu...'.
src/app/api/student/feedback/route.ts(21,66): error TS2769: No overload matches this call.
  Overload 1 of 2, '(value: { studentId: string | SQL<unknown> | Placeholder<string, any>; content: string | SQL<unknown> | Placeholder<string, any>; rating: number | SQL<unknown> | Placeholder<...>; id?: string | ... 2 more ... | undefined; createdAt?: string | ... 2 more ... | undefined; updatedAt?: string | ... 2 more ... | undefined; isApproved?: boolean | ... 2 more ... | undefined; }): SQLiteInsertBase<...>', gave the following error.
    Type 'Date' is not assignable to type 'string | SQL<unknown> | Placeholder<string, any> | undefined'.
  Overload 2 of 2, '(values: { studentId: string | SQL<unknown> | Placeholder<string, any>; content: string | SQL<unknown> | Placeholder<string, any>; rating: number | SQL<unknown> | Placeholder<...>; id?: string | ... 2 more ... | undefined; createdAt?: string | ... 2 more ... | undefined; updatedAt?: string | ... 2 more ... | undefined; isApproved?: boolean | ... 2 more ... | undefined; }[]): SQLiteInsertBase<...>', gave the following error.
    Object literal may only specify known properties, and 'content' does not exist in type '{ studentId: string | SQL<unknown> | Placeholder<string, any>; content: string | SQL<unknown> | Placeholder<string, any>; rating: number | SQL<unknown> | Placeholder<...>; id?: string | ... 2 more ... | undefined; createdAt?: string | ... 2 more ... | undefined; updatedAt?: string | ... 2 more ... | undefined; isApp...'.
src/app/api/student/memories/route.ts(26,14): error TS2769: No overload matches this call.
  Overload 1 of 3, '(left: SQLiteColumn<{ name: "enrollmentNumber"; tableName: "Student"; dataType: "string"; columnType: "SQLiteText"; data: string; driverParam: string; notNull: true; hasDefault: false; isPrimaryKey: false; ... 5 more ...; generated: undefined; }, {}, { ...; }>, right: string | SQLWrapper): SQL<...>', gave the following error.
    Argument of type 'string | undefined' is not assignable to parameter of type 'string | SQLWrapper'.
      Type 'undefined' is not assignable to type 'string | SQLWrapper'.
  Overload 2 of 3, '(left: Aliased<string | undefined>, right: string | SQLWrapper | undefined): SQL<unknown>', gave the following error.
    Argument of type 'SQLiteColumn<{ name: "enrollmentNumber"; tableName: "Student"; dataType: "string"; columnType: "SQLiteText"; data: string; driverParam: string; notNull: true; hasDefault: false; isPrimaryKey: false; isAutoincrement: false; ... 4 more ...; generated: undefined; }, {}, { ...; }>' is not assignable to parameter of type 'Aliased<string | undefined>'.
      Type 'SQLiteColumn<{ name: "enrollmentNumber"; tableName: "Student"; dataType: "string"; columnType: "SQLiteText"; data: string; driverParam: string; notNull: true; hasDefault: false; isPrimaryKey: false; isAutoincrement: false; ... 4 more ...; generated: undefined; }, {}, { ...; }>' is missing the following properties from type 'Aliased<string | undefined>': sql, fieldAlias
  Overload 3 of 3, '(left: never, right: unknown): SQL<unknown>', gave the following error.
    Argument of type 'SQLiteColumn<{ name: "enrollmentNumber"; tableName: "Student"; dataType: "string"; columnType: "SQLiteText"; data: string; driverParam: string; notNull: true; hasDefault: false; isPrimaryKey: false; isAutoincrement: false; ... 4 more ...; generated: undefined; }, {}, { ...; }>' is not assignable to parameter of type 'never'.
src/app/api/student/memories/route.ts(27,7): error TS2322: Type '{ id: true; name: true; }' is not assignable to type 'never'.
src/app/api/student/memories/route.ts(35,33): error TS2339: Property 'memory' does not exist on type 'DrizzleD1Database<typeof import("C:/Users/91953/OneDrive/Desktop/Full-Stack/NextJS Projects/rgi-tnp/src/lib/schema")> & { $client: D1Database; }'.
src/app/api/student/memories/route.ts(73,14): error TS2769: No overload matches this call.
  Overload 1 of 3, '(left: SQLiteColumn<{ name: "enrollmentNumber"; tableName: "Student"; dataType: "string"; columnType: "SQLiteText"; data: string; driverParam: string; notNull: true; hasDefault: false; isPrimaryKey: false; ... 5 more ...; generated: undefined; }, {}, { ...; }>, right: string | SQLWrapper): SQL<...>', gave the following error.
    Argument of type 'string | undefined' is not assignable to parameter of type 'string | SQLWrapper'.
      Type 'undefined' is not assignable to type 'string | SQLWrapper'.
  Overload 2 of 3, '(left: Aliased<string | undefined>, right: string | SQLWrapper | undefined): SQL<unknown>', gave the following error.
    Argument of type 'SQLiteColumn<{ name: "enrollmentNumber"; tableName: "Student"; dataType: "string"; columnType: "SQLiteText"; data: string; driverParam: string; notNull: true; hasDefault: false; isPrimaryKey: false; isAutoincrement: false; ... 4 more ...; generated: undefined; }, {}, { ...; }>' is not assignable to parameter of type 'Aliased<string | undefined>'.
      Type 'SQLiteColumn<{ name: "enrollmentNumber"; tableName: "Student"; dataType: "string"; columnType: "SQLiteText"; data: string; driverParam: string; notNull: true; hasDefault: false; isPrimaryKey: false; isAutoincrement: false; ... 4 more ...; generated: undefined; }, {}, { ...; }>' is missing the following properties from type 'Aliased<string | undefined>': sql, fieldAlias
  Overload 3 of 3, '(left: never, right: unknown): SQL<unknown>', gave the following error.
    Argument of type 'SQLiteColumn<{ name: "enrollmentNumber"; tableName: "Student"; dataType: "string"; columnType: "SQLiteText"; data: string; driverParam: string; notNull: true; hasDefault: false; isPrimaryKey: false; isAutoincrement: false; ... 4 more ...; generated: undefined; }, {}, { ...; }>' is not assignable to parameter of type 'never'.
src/app/api/student/memories/route.ts(74,7): error TS2322: Type '{ id: true; }' is not assignable to type 'never'.
src/app/api/student/memories/route.ts(83,9): error TS2353: Object literal may only specify known properties, and 'id' does not exist in type 'SQL<unknown> | ((fields: { id: SQLiteColumn<{ name: "id"; tableName: "Memory"; dataType: "string"; columnType: "SQLiteText"; data: string; driverParam: string; notNull: true; hasDefault: true; isPrimaryKey: true; ... 5 more ...; generated: undefined; }, {}, { ...; }>; ... 6 more ...; createdAt: SQLiteColumn<...>; },...'.
src/app/api/student/memories/route.ts(95,36): error TS2339: Property 'memory' does not exist on type 'DrizzleD1Database<typeof import("C:/Users/91953/OneDrive/Desktop/Full-Stack/NextJS Projects/rgi-tnp/src/lib/schema")> & { $client: D1Database; }'.
src/app/api/student/notifications/route.ts(29,14): error TS2769: No overload matches this call.
  Overload 1 of 3, '(left: SQLiteColumn<{ name: "enrollmentNumber"; tableName: "Student"; dataType: "string"; columnType: "SQLiteText"; data: string; driverParam: string; notNull: true; hasDefault: false; isPrimaryKey: false; ... 5 more ...; generated: undefined; }, {}, { ...; }>, right: string | SQLWrapper): SQL<...>', gave the following error.
    Argument of type 'string | undefined' is not assignable to parameter of type 'string | SQLWrapper'.
      Type 'undefined' is not assignable to type 'string | SQLWrapper'.
  Overload 2 of 3, '(left: Aliased<string | undefined>, right: string | SQLWrapper | undefined): SQL<unknown>', gave the following error.
    Argument of type 'SQLiteColumn<{ name: "enrollmentNumber"; tableName: "Student"; dataType: "string"; columnType: "SQLiteText"; data: string; driverParam: string; notNull: true; hasDefault: false; isPrimaryKey: false; isAutoincrement: false; ... 4 more ...; generated: undefined; }, {}, { ...; }>' is not assignable to parameter of type 'Aliased<string | undefined>'.
      Type 'SQLiteColumn<{ name: "enrollmentNumber"; tableName: "Student"; dataType: "string"; columnType: "SQLiteText"; data: string; driverParam: string; notNull: true; hasDefault: false; isPrimaryKey: false; isAutoincrement: false; ... 4 more ...; generated: undefined; }, {}, { ...; }>' is missing the following properties from type 'Aliased<string | undefined>': sql, fieldAlias
  Overload 3 of 3, '(left: never, right: unknown): SQL<unknown>', gave the following error.
    Argument of type 'SQLiteColumn<{ name: "enrollmentNumber"; tableName: "Student"; dataType: "string"; columnType: "SQLiteText"; data: string; driverParam: string; notNull: true; hasDefault: false; isPrimaryKey: false; isAutoincrement: false; ... 4 more ...; generated: undefined; }, {}, { ...; }>' is not assignable to parameter of type 'never'.
src/app/api/student/notifications/route.ts(30,7): error TS2322: Type '{ id: true; }' is not assignable to type 'never'.
src/app/api/student/notifications/route.ts(41,11): error TS2353: Object literal may only specify known properties, and 'studentId' does not exist in type 'SQL<unknown> | ((fields: { id: SQLiteColumn<{ name: "id"; tableName: "Notification"; dataType: "string"; columnType: "SQLiteText"; data: string; driverParam: string; notNull: true; hasDefault: true; isPrimaryKey: true; ... 5 more ...; generated: undefined; }, {}, { ...; }>; ... 10 more ...; recruiterId: SQLiteColumn...'.
src/app/api/student/notifications/route.ts(44,20): error TS2353: Object literal may only specify known properties, and 'createdAt' does not exist in type 'ValueOrArray<SQL<unknown> | AnyColumn> | ((fields: { id: SQLiteColumn<{ name: "id"; tableName: "Notification"; dataType: "string"; columnType: "SQLiteText"; data: string; driverParam: string; ... 8 more ...; generated: undefined; }, {}, { ...; }>; ... 10 more ...; recruiterId: SQLiteColumn<...>; }, operators: { ...;...'.
src/app/api/student/notifications/route.ts(48,10): error TS2339: Property 'notification' does not exist on type 'DrizzleD1Database<typeof import("C:/Users/91953/OneDrive/Desktop/Full-Stack/NextJS Projects/rgi-tnp/src/lib/schema")> & { $client: D1Database; }'.
src/app/api/student/notifications/route.ts(54,10): error TS2339: Property 'notification' does not exist on type 'DrizzleD1Database<typeof import("C:/Users/91953/OneDrive/Desktop/Full-Stack/NextJS Projects/rgi-tnp/src/lib/schema")> & { $client: D1Database; }'.
src/app/api/student/notifications/route.ts(91,14): error TS2769: No overload matches this call.
  Overload 1 of 3, '(left: SQLiteColumn<{ name: "enrollmentNumber"; tableName: "Student"; dataType: "string"; columnType: "SQLiteText"; data: string; driverParam: string; notNull: true; hasDefault: false; isPrimaryKey: false; ... 5 more ...; generated: undefined; }, {}, { ...; }>, right: string | SQLWrapper): SQL<...>', gave the following error.
    Argument of type 'string | undefined' is not assignable to parameter of type 'string | SQLWrapper'.
      Type 'undefined' is not assignable to type 'string | SQLWrapper'.
  Overload 2 of 3, '(left: Aliased<string | undefined>, right: string | SQLWrapper | undefined): SQL<unknown>', gave the following error.
    Argument of type 'SQLiteColumn<{ name: "enrollmentNumber"; tableName: "Student"; dataType: "string"; columnType: "SQLiteText"; data: string; driverParam: string; notNull: true; hasDefault: false; isPrimaryKey: false; isAutoincrement: false; ... 4 more ...; generated: undefined; }, {}, { ...; }>' is not assignable to parameter of type 'Aliased<string | undefined>'.
      Type 'SQLiteColumn<{ name: "enrollmentNumber"; tableName: "Student"; dataType: "string"; columnType: "SQLiteText"; data: string; driverParam: string; notNull: true; hasDefault: false; isPrimaryKey: false; isAutoincrement: false; ... 4 more ...; generated: undefined; }, {}, { ...; }>' is missing the following properties from type 'Aliased<string | undefined>': sql, fieldAlias
  Overload 3 of 3, '(left: never, right: unknown): SQL<unknown>', gave the following error.
    Argument of type 'SQLiteColumn<{ name: "enrollmentNumber"; tableName: "Student"; dataType: "string"; columnType: "SQLiteText"; data: string; driverParam: string; notNull: true; hasDefault: false; isPrimaryKey: false; isAutoincrement: false; ... 4 more ...; generated: undefined; }, {}, { ...; }>' is not assignable to parameter of type 'never'.
src/app/api/student/notifications/route.ts(92,7): error TS2322: Type '{ id: true; }' is not assignable to type 'never'.
src/app/api/student/notifications/route.ts(101,16): error TS2339: Property 'notification' does not exist on type 'DrizzleD1Database<typeof import("C:/Users/91953/OneDrive/Desktop/Full-Stack/NextJS Projects/rgi-tnp/src/lib/schema")> & { $client: D1Database; }'.
src/app/api/student/notifications/route.ts(118,14): error TS2339: Property 'notification' does not exist on type 'DrizzleD1Database<typeof import("C:/Users/91953/OneDrive/Desktop/Full-Stack/NextJS Projects/rgi-tnp/src/lib/schema")> & { $client: D1Database; }'.
src/app/api/student/update-profile/route.ts(69,7): error TS2322: Type '{ name: true; profileImageUrl: true; phoneNumber: true; resumeUrl: true; tenthPercentage: true; twelfthPercentage: true; activeBacklog: true; linkedinUrl: true; githubUrl: true; cgpa: true; }' is not assignable to type 'never'.
src/app/api/student/update-semester/route.ts(32,7): error TS2322: Type '{ batch: true; semester: true; course: true; }' is not assignable to type 'never'.
src/app/api/upload/presigned-url/route.ts(54,14): error TS2353: Object literal may only specify known properties, and 'enrollmentNumber' does not exist in type 'SQL<unknown> | ((fields: { id: SQLiteColumn<{ name: "id"; tableName: "Student"; dataType: "string"; columnType: "SQLiteText"; data: string; driverParam: string; notNull: true; hasDefault: true; isPrimaryKey: true; ... 5 more ...; generated: undefined; }, {}, { ...; }>; ... 29 more ...; updatedAt: SQLiteColumn<...>; ...'.
src/app/api/upload/presigned-url/route.ts(64,5): error TS2322: Type '{ isActive: true; isVerified: true; }' is not assignable to type 'never'.
src/app/api/volunteer/dashboard/route.ts(24,14): error TS2769: No overload matches this call.
  Overload 1 of 3, '(left: SQLiteColumn<{ name: "enrollmentNumber"; tableName: "Student"; dataType: "string"; columnType: "SQLiteText"; data: string; driverParam: string; notNull: true; hasDefault: false; isPrimaryKey: false; ... 5 more ...; generated: undefined; }, {}, { ...; }>, right: string | SQLWrapper): SQL<...>', gave the following error.
    Argument of type 'string | undefined' is not assignable to parameter of type 'string | SQLWrapper'.
      Type 'undefined' is not assignable to type 'string | SQLWrapper'.
  Overload 2 of 3, '(left: Aliased<string | undefined>, right: string | SQLWrapper | undefined): SQL<unknown>', gave the following error.
    Argument of type 'SQLiteColumn<{ name: "enrollmentNumber"; tableName: "Student"; dataType: "string"; columnType: "SQLiteText"; data: string; driverParam: string; notNull: true; hasDefault: false; isPrimaryKey: false; isAutoincrement: false; ... 4 more ...; generated: undefined; }, {}, { ...; }>' is not assignable to parameter of type 'Aliased<string | undefined>'.
      Type 'SQLiteColumn<{ name: "enrollmentNumber"; tableName: "Student"; dataType: "string"; columnType: "SQLiteText"; data: string; driverParam: string; notNull: true; hasDefault: false; isPrimaryKey: false; isAutoincrement: false; ... 4 more ...; generated: undefined; }, {}, { ...; }>' is missing the following properties from type 'Aliased<string | undefined>': sql, fieldAlias
  Overload 3 of 3, '(left: never, right: unknown): SQL<unknown>', gave the following error.
    Argument of type 'SQLiteColumn<{ name: "enrollmentNumber"; tableName: "Student"; dataType: "string"; columnType: "SQLiteText"; data: string; driverParam: string; notNull: true; hasDefault: false; isPrimaryKey: false; isAutoincrement: false; ... 4 more ...; generated: undefined; }, {}, { ...; }>' is not assignable to parameter of type 'never'.
src/app/api/volunteer/dashboard/route.ts(25,7): error TS2322: Type '{ id: true; name: true; enrollmentNumber: true; email: true; branch: true; semester: true; cgpa: true; profileImageUrl: true; course: true; batch: true; linkedinUrl: true; githubUrl: true; isVerified: true; isEmailVerified: true; }' is not assignable to type 'never'.
src/app/api/volunteer/dashboard/route.ts(53,7): error TS2322: Type '{ id: true; studentId: true; designation: true; isVerified: true; isActive: true; assignedBy: true; assignedAt: true; verificationNotes: true; createdAt: true; updatedAt: true; }' is not assignable to type 'never'.
src/app/api/volunteer/dashboard/route.ts(88,10): error TS2339: Property 'driveImage' does not exist on type 'DrizzleD1Database<typeof import("C:/Users/91953/OneDrive/Desktop/Full-Stack/NextJS Projects/rgi-tnp/src/lib/schema")> & { $client: D1Database; }'.
src/app/api/volunteer/dashboard/route.ts(91,10): error TS2339: Property 'placementDrive' does not exist on type 'DrizzleD1Database<typeof import("C:/Users/91953/OneDrive/Desktop/Full-Stack/NextJS Projects/rgi-tnp/src/lib/schema")> & { $client: D1Database; }'.
src/app/api/volunteer/dashboard/route.ts(94,10): error TS2339: Property 'student' does not exist on type 'DrizzleD1Database<typeof import("C:/Users/91953/OneDrive/Desktop/Full-Stack/NextJS Projects/rgi-tnp/src/lib/schema")> & { $client: D1Database; }'.
src/app/api/volunteer/dashboard/route.ts(95,10): error TS2339: Property 'driveRegistration' does not exist on type 'DrizzleD1Database<typeof import("C:/Users/91953/OneDrive/Desktop/Full-Stack/NextJS Projects/rgi-tnp/src/lib/schema")> & { $client: D1Database; }'.
src/app/api/volunteer/drive-images/[id]/route.ts(28,14): error TS2769: No overload matches this call.
  Overload 1 of 3, '(left: SQLiteColumn<{ name: "enrollmentNumber"; tableName: "Student"; dataType: "string"; columnType: "SQLiteText"; data: string; driverParam: string; notNull: true; hasDefault: false; isPrimaryKey: false; ... 5 more ...; generated: undefined; }, {}, { ...; }>, right: string | SQLWrapper): SQL<...>', gave the following error.
    Argument of type 'string | undefined' is not assignable to parameter of type 'string | SQLWrapper'.
      Type 'undefined' is not assignable to type 'string | SQLWrapper'.
  Overload 2 of 3, '(left: Aliased<string | undefined>, right: string | SQLWrapper | undefined): SQL<unknown>', gave the following error.
    Argument of type 'SQLiteColumn<{ name: "enrollmentNumber"; tableName: "Student"; dataType: "string"; columnType: "SQLiteText"; data: string; driverParam: string; notNull: true; hasDefault: false; isPrimaryKey: false; isAutoincrement: false; ... 4 more ...; generated: undefined; }, {}, { ...; }>' is not assignable to parameter of type 'Aliased<string | undefined>'.
      Type 'SQLiteColumn<{ name: "enrollmentNumber"; tableName: "Student"; dataType: "string"; columnType: "SQLiteText"; data: string; driverParam: string; notNull: true; hasDefault: false; isPrimaryKey: false; isAutoincrement: false; ... 4 more ...; generated: undefined; }, {}, { ...; }>' is missing the following properties from type 'Aliased<string | undefined>': sql, fieldAlias
  Overload 3 of 3, '(left: never, right: unknown): SQL<unknown>', gave the following error.
    Argument of type 'SQLiteColumn<{ name: "enrollmentNumber"; tableName: "Student"; dataType: "string"; columnType: "SQLiteText"; data: string; driverParam: string; notNull: true; hasDefault: false; isPrimaryKey: false; isAutoincrement: false; ... 4 more ...; generated: undefined; }, {}, { ...; }>' is not assignable to parameter of type 'never'.
src/app/api/volunteer/drive-images/[id]/route.ts(29,7): error TS2322: Type '{ id: true; email: true; }' is not assignable to type 'never'.
src/app/api/volunteer/drive-images/[id]/route.ts(52,16): error TS2353: Object literal may only specify known properties, and 'id' does not exist in type 'SQL<unknown> | ((fields: { id: SQLiteColumn<{ name: "id"; tableName: "DriveImage"; dataType: "string"; columnType: "SQLiteText"; data: string; driverParam: string; notNull: true; hasDefault: true; isPrimaryKey: true; ... 5 more ...; generated: undefined; }, {}, { ...; }>; ... 4 more ...; createdAt: SQLiteColumn<...>...'.
src/app/api/volunteer/drive-images/[id]/route.ts(72,14): error TS2339: Property 'driveImage' does not exist on type 'DrizzleD1Database<typeof import("C:/Users/91953/OneDrive/Desktop/Full-Stack/NextJS Projects/rgi-tnp/src/lib/schema")> & { $client: D1Database; }'.
src/app/api/volunteer/drive-images/route.ts(64,14): error TS2769: No overload matches this call.
  Overload 1 of 3, '(left: SQLiteColumn<{ name: "enrollmentNumber"; tableName: "Student"; dataType: "string"; columnType: "SQLiteText"; data: string; driverParam: string; notNull: true; hasDefault: false; isPrimaryKey: false; ... 5 more ...; generated: undefined; }, {}, { ...; }>, right: string | SQLWrapper): SQL<...>', gave the following error.
    Argument of type 'string | undefined' is not assignable to parameter of type 'string | SQLWrapper'.
      Type 'undefined' is not assignable to type 'string | SQLWrapper'.
  Overload 2 of 3, '(left: Aliased<string | undefined>, right: string | SQLWrapper | undefined): SQL<unknown>', gave the following error.
    Argument of type 'SQLiteColumn<{ name: "enrollmentNumber"; tableName: "Student"; dataType: "string"; columnType: "SQLiteText"; data: string; driverParam: string; notNull: true; hasDefault: false; isPrimaryKey: false; isAutoincrement: false; ... 4 more ...; generated: undefined; }, {}, { ...; }>' is not assignable to parameter of type 'Aliased<string | undefined>'.
      Type 'SQLiteColumn<{ name: "enrollmentNumber"; tableName: "Student"; dataType: "string"; columnType: "SQLiteText"; data: string; driverParam: string; notNull: true; hasDefault: false; isPrimaryKey: false; isAutoincrement: false; ... 4 more ...; generated: undefined; }, {}, { ...; }>' is missing the following properties from type 'Aliased<string | undefined>': sql, fieldAlias
  Overload 3 of 3, '(left: never, right: unknown): SQL<unknown>', gave the following error.
    Argument of type 'SQLiteColumn<{ name: "enrollmentNumber"; tableName: "Student"; dataType: "string"; columnType: "SQLiteText"; data: string; driverParam: string; notNull: true; hasDefault: false; isPrimaryKey: false; isAutoincrement: false; ... 4 more ...; generated: undefined; }, {}, { ...; }>' is not assignable to parameter of type 'never'.
src/app/api/volunteer/drive-images/route.ts(65,7): error TS2322: Type '{ id: true; email: true; }' is not assignable to type 'never'.
src/app/api/volunteer/drive-images/route.ts(99,36): error TS2339: Property 'driveImage' does not exist on type 'DrizzleD1Database<typeof import("C:/Users/91953/OneDrive/Desktop/Full-Stack/NextJS Projects/rgi-tnp/src/lib/schema")> & { $client: D1Database; }'.
src/app/api/volunteer/drive-images/route.ts(114,36): error TS2551: Property '$transaction' does not exist on type 'DrizzleD1Database<typeof import("C:/Users/91953/OneDrive/Desktop/Full-Stack/NextJS Projects/rgi-tnp/src/lib/schema")> & { $client: D1Database; }'. Did you mean 'transaction'?
src/app/api/volunteer/drive-images/route.ts(153,14): error TS2769: No overload matches this call.
  Overload 1 of 3, '(left: SQLiteColumn<{ name: "enrollmentNumber"; tableName: "Student"; dataType: "string"; columnType: "SQLiteText"; data: string; driverParam: string; notNull: true; hasDefault: false; isPrimaryKey: false; ... 5 more ...; generated: undefined; }, {}, { ...; }>, right: string | SQLWrapper): SQL<...>', gave the following error.
    Argument of type 'string | undefined' is not assignable to parameter of type 'string | SQLWrapper'.
      Type 'undefined' is not assignable to type 'string | SQLWrapper'.
  Overload 2 of 3, '(left: Aliased<string | undefined>, right: string | SQLWrapper | undefined): SQL<unknown>', gave the following error.
    Argument of type 'SQLiteColumn<{ name: "enrollmentNumber"; tableName: "Student"; dataType: "string"; columnType: "SQLiteText"; data: string; driverParam: string; notNull: true; hasDefault: false; isPrimaryKey: false; isAutoincrement: false; ... 4 more ...; generated: undefined; }, {}, { ...; }>' is not assignable to parameter of type 'Aliased<string | undefined>'.
      Type 'SQLiteColumn<{ name: "enrollmentNumber"; tableName: "Student"; dataType: "string"; columnType: "SQLiteText"; data: string; driverParam: string; notNull: true; hasDefault: false; isPrimaryKey: false; isAutoincrement: false; ... 4 more ...; generated: undefined; }, {}, { ...; }>' is missing the following properties from type 'Aliased<string | undefined>': sql, fieldAlias
  Overload 3 of 3, '(left: never, right: unknown): SQL<unknown>', gave the following error.
    Argument of type 'SQLiteColumn<{ name: "enrollmentNumber"; tableName: "Student"; dataType: "string"; columnType: "SQLiteText"; data: string; driverParam: string; notNull: true; hasDefault: false; isPrimaryKey: false; isAutoincrement: false; ... 4 more ...; generated: undefined; }, {}, { ...; }>' is not assignable to parameter of type 'never'.
src/app/api/volunteer/drive-images/route.ts(154,7): error TS2322: Type '{ id: true; email: true; }' is not assignable to type 'never'.
src/app/api/volunteer/drive-images/route.ts(195,20): error TS2353: Object literal may only specify known properties, and 'createdAt' does not exist in type 'ValueOrArray<SQL<unknown> | AnyColumn> | ((fields: { id: SQLiteColumn<{ name: "id"; tableName: "DriveImage"; dataType: "string"; columnType: "SQLiteText"; data: string; driverParam: string; ... 8 more ...; generated: undefined; }, {}, { ...; }>; ... 4 more ...; createdAt: SQLiteColumn<...>; }, operators: { ...; }) =...'.
src/app/api/volunteer/drive-images/route.ts(197,10): error TS2339: Property 'driveImage' does not exist on type 'DrizzleD1Database<typeof import("C:/Users/91953/OneDrive/Desktop/Full-Stack/NextJS Projects/rgi-tnp/src/lib/schema")> & { $client: D1Database; }'.
src/app/api/volunteer/drives/[id]/attendance-qr/route.ts(25,14): error TS2769: No overload matches this call.
  Overload 1 of 3, '(left: SQLiteColumn<{ name: "enrollmentNumber"; tableName: "Student"; dataType: "string"; columnType: "SQLiteText"; data: string; driverParam: string; notNull: true; hasDefault: false; isPrimaryKey: false; ... 5 more ...; generated: undefined; }, {}, { ...; }>, right: string | SQLWrapper): SQL<...>', gave the following error.
    Argument of type 'string | undefined' is not assignable to parameter of type 'string | SQLWrapper'.
      Type 'undefined' is not assignable to type 'string | SQLWrapper'.
  Overload 2 of 3, '(left: Aliased<string | undefined>, right: string | SQLWrapper | undefined): SQL<unknown>', gave the following error.
    Argument of type 'SQLiteColumn<{ name: "enrollmentNumber"; tableName: "Student"; dataType: "string"; columnType: "SQLiteText"; data: string; driverParam: string; notNull: true; hasDefault: false; isPrimaryKey: false; isAutoincrement: false; ... 4 more ...; generated: undefined; }, {}, { ...; }>' is not assignable to parameter of type 'Aliased<string | undefined>'.
      Type 'SQLiteColumn<{ name: "enrollmentNumber"; tableName: "Student"; dataType: "string"; columnType: "SQLiteText"; data: string; driverParam: string; notNull: true; hasDefault: false; isPrimaryKey: false; isAutoincrement: false; ... 4 more ...; generated: undefined; }, {}, { ...; }>' is missing the following properties from type 'Aliased<string | undefined>': sql, fieldAlias
  Overload 3 of 3, '(left: never, right: unknown): SQL<unknown>', gave the following error.
    Argument of type 'SQLiteColumn<{ name: "enrollmentNumber"; tableName: "Student"; dataType: "string"; columnType: "SQLiteText"; data: string; driverParam: string; notNull: true; hasDefault: false; isPrimaryKey: false; isAutoincrement: false; ... 4 more ...; generated: undefined; }, {}, { ...; }>' is not assignable to parameter of type 'never'.
src/app/api/volunteer/drives/[id]/attendance-qr/route.ts(45,7): error TS2322: Type '{ id: true; companyName: true; status: true; }' is not assignable to type 'never'.
src/app/api/volunteer/drives/route.ts(24,14): error TS2769: No overload matches this call.
  Overload 1 of 3, '(left: SQLiteColumn<{ name: "enrollmentNumber"; tableName: "Student"; dataType: "string"; columnType: "SQLiteText"; data: string; driverParam: string; notNull: true; hasDefault: false; isPrimaryKey: false; ... 5 more ...; generated: undefined; }, {}, { ...; }>, right: string | SQLWrapper): SQL<...>', gave the following error.
    Argument of type 'string | undefined' is not assignable to parameter of type 'string | SQLWrapper'.
      Type 'undefined' is not assignable to type 'string | SQLWrapper'.
  Overload 2 of 3, '(left: Aliased<string | undefined>, right: string | SQLWrapper | undefined): SQL<unknown>', gave the following error.
    Argument of type 'SQLiteColumn<{ name: "enrollmentNumber"; tableName: "Student"; dataType: "string"; columnType: "SQLiteText"; data: string; driverParam: string; notNull: true; hasDefault: false; isPrimaryKey: false; isAutoincrement: false; ... 4 more ...; generated: undefined; }, {}, { ...; }>' is not assignable to parameter of type 'Aliased<string | undefined>'.
      Type 'SQLiteColumn<{ name: "enrollmentNumber"; tableName: "Student"; dataType: "string"; columnType: "SQLiteText"; data: string; driverParam: string; notNull: true; hasDefault: false; isPrimaryKey: false; isAutoincrement: false; ... 4 more ...; generated: undefined; }, {}, { ...; }>' is missing the following properties from type 'Aliased<string | undefined>': sql, fieldAlias
  Overload 3 of 3, '(left: never, right: unknown): SQL<unknown>', gave the following error.
    Argument of type 'SQLiteColumn<{ name: "enrollmentNumber"; tableName: "Student"; dataType: "string"; columnType: "SQLiteText"; data: string; driverParam: string; notNull: true; hasDefault: false; isPrimaryKey: false; isAutoincrement: false; ... 4 more ...; generated: undefined; }, {}, { ...; }>' is not assignable to parameter of type 'never'.
src/app/api/volunteer/drives/route.ts(25,7): error TS2322: Type '{ id: true; }' is not assignable to type 'never'.
src/app/api/volunteer/drives/route.ts(62,18): error TS2353: Object literal may only specify known properties, and 'driveDate' does not exist in type 'ValueOrArray<SQL<unknown> | AnyColumn> | ((fields: { id: SQLiteColumn<{ name: "id"; tableName: "PlacementDrive"; dataType: "string"; columnType: "SQLiteText"; data: string; driverParam: string; ... 8 more ...; generated: undefined; }, {}, { ...; }>; ... 20 more ...; allowAlumni: SQLiteColumn<...>; }, operators: { .....'.
src/app/api/volunteer/students-overview/route.ts(24,14): error TS2769: No overload matches this call.
  Overload 1 of 3, '(left: SQLiteColumn<{ name: "enrollmentNumber"; tableName: "Student"; dataType: "string"; columnType: "SQLiteText"; data: string; driverParam: string; notNull: true; hasDefault: false; isPrimaryKey: false; ... 5 more ...; generated: undefined; }, {}, { ...; }>, right: string | SQLWrapper): SQL<...>', gave the following error.
    Argument of type 'string | undefined' is not assignable to parameter of type 'string | SQLWrapper'.
      Type 'undefined' is not assignable to type 'string | SQLWrapper'.
  Overload 2 of 3, '(left: Aliased<string | undefined>, right: string | SQLWrapper | undefined): SQL<unknown>', gave the following error.
    Argument of type 'SQLiteColumn<{ name: "enrollmentNumber"; tableName: "Student"; dataType: "string"; columnType: "SQLiteText"; data: string; driverParam: string; notNull: true; hasDefault: false; isPrimaryKey: false; isAutoincrement: false; ... 4 more ...; generated: undefined; }, {}, { ...; }>' is not assignable to parameter of type 'Aliased<string | undefined>'.
      Type 'SQLiteColumn<{ name: "enrollmentNumber"; tableName: "Student"; dataType: "string"; columnType: "SQLiteText"; data: string; driverParam: string; notNull: true; hasDefault: false; isPrimaryKey: false; isAutoincrement: false; ... 4 more ...; generated: undefined; }, {}, { ...; }>' is missing the following properties from type 'Aliased<string | undefined>': sql, fieldAlias
  Overload 3 of 3, '(left: never, right: unknown): SQL<unknown>', gave the following error.
    Argument of type 'SQLiteColumn<{ name: "enrollmentNumber"; tableName: "Student"; dataType: "string"; columnType: "SQLiteText"; data: string; driverParam: string; notNull: true; hasDefault: false; isPrimaryKey: false; isAutoincrement: false; ... 4 more ...; generated: undefined; }, {}, { ...; }>' is not assignable to parameter of type 'never'.
src/app/api/volunteer/students-overview/route.ts(25,7): error TS2322: Type '{ id: true; }' is not assignable to type 'never'.
src/app/api/volunteer/students-overview/route.ts(37,7): error TS2322: Type '{ id: true; isActive: true; }' is not assignable to type 'never'.
src/app/api/volunteer/students-overview/route.ts(50,7): error TS2322: Type '{ id: true; companyName: true; roleName: true; ctc: true; minCGPA: true; driveDate: true; jobType: true; }' is not assignable to type 'never'.
src/app/api/volunteer/students-overview/route.ts(67,9): error TS2322: Type '{ student: { select: { id: true; name: true; enrollmentNumber: true; email: true; branch: true; semester: true; cgpa: true; profileImageUrl: true; batch: true; }; }; externalStudent: { select: { id: true; name: true; ... 6 more ...; collegeName: true; }; }; alumni: { ...; }; }' is not assignable to type 'never'.
src/app/api/volunteer/students-overview/route.ts(110,33): error TS2551: Property 'student' does not exist on type '{ id: string; createdAt: string; status: string; driveId: string; studentId: string | null; externalStudentId: string | null; alumniId: string | null; attended: boolean; }'. Did you mean 'studentId'?
src/app/api/volunteer/students-overview/route.ts(110,48): error TS2551: Property 'externalStudent' does not exist on type '{ id: string; createdAt: string; status: string; driveId: string; studentId: string | null; externalStudentId: string | null; alumniId: string | null; attended: boolean; }'. Did you mean 'externalStudentId'?
src/app/api/volunteer/students-overview/route.ts(110,71): error TS2551: Property 'alumni' does not exist on type '{ id: string; createdAt: string; status: string; driveId: string; studentId: string | null; externalStudentId: string | null; alumniId: string | null; attended: boolean; }'. Did you mean 'alumniId'?
src/app/api/volunteer/students-overview/route.ts(113,33): error TS2551: Property 'student' does not exist on type '{ id: string; createdAt: string; status: string; driveId: string; studentId: string | null; externalStudentId: string | null; alumniId: string | null; attended: boolean; }'. Did you mean 'studentId'?
src/app/api/volunteer/students-overview/route.ts(113,60): error TS2551: Property 'externalStudent' does not exist on type '{ id: string; createdAt: string; status: string; driveId: string; studentId: string | null; externalStudentId: string | null; alumniId: string | null; attended: boolean; }'. Did you mean 'externalStudentId'?
src/app/api/volunteer/students-overview/route.ts(114,27): error TS2551: Property 'student' does not exist on type '{ id: string; createdAt: string; status: string; driveId: string; studentId: string | null; externalStudentId: string | null; alumniId: string | null; attended: boolean; }'. Did you mean 'studentId'?
src/app/api/volunteer/students-overview/route.ts(114,49): error TS2551: Property 'externalStudent' does not exist on type '{ id: string; createdAt: string; status: string; driveId: string; studentId: string | null; externalStudentId: string | null; alumniId: string | null; attended: boolean; }'. Did you mean 'externalStudentId'?
src/app/api/volunteer/students-overview/route.ts(114,79): error TS2551: Property 'alumni' does not exist on type '{ id: string; createdAt: string; status: string; driveId: string; studentId: string | null; externalStudentId: string | null; alumniId: string | null; attended: boolean; }'. Did you mean 'alumniId'?
src/app/api/volunteer/students-overview/route.ts(115,27): error TS2551: Property 'student' does not exist on type '{ id: string; createdAt: string; status: string; driveId: string; studentId: string | null; externalStudentId: string | null; alumniId: string | null; attended: boolean; }'. Did you mean 'studentId'?
src/app/api/volunteer/students-overview/route.ts(115,49): error TS2551: Property 'alumni' does not exist on type '{ id: string; createdAt: string; status: string; driveId: string; studentId: string | null; externalStudentId: string | null; alumniId: string | null; attended: boolean; }'. Did you mean 'alumniId'?
src/app/api/volunteer/students-overview/route.ts(116,26): error TS2551: Property 'student' does not exist on type '{ id: string; createdAt: string; status: string; driveId: string; studentId: string | null; externalStudentId: string | null; alumniId: string | null; attended: boolean; }'. Did you mean 'studentId'?
src/app/api/volunteer/students-overview/route.ts(116,47): error TS2551: Property 'externalStudent' does not exist on type '{ id: string; createdAt: string; status: string; driveId: string; studentId: string | null; externalStudentId: string | null; alumniId: string | null; attended: boolean; }'. Did you mean 'externalStudentId'?
src/app/api/volunteer/students-overview/route.ts(116,76): error TS2551: Property 'alumni' does not exist on type '{ id: string; createdAt: string; status: string; driveId: string; studentId: string | null; externalStudentId: string | null; alumniId: string | null; attended: boolean; }'. Did you mean 'alumniId'?
src/app/api/volunteer/students-overview/route.ts(117,30): error TS2551: Property 'student' does not exist on type '{ id: string; createdAt: string; status: string; driveId: string; studentId: string | null; externalStudentId: string | null; alumniId: string | null; attended: boolean; }'. Did you mean 'studentId'?
src/app/api/volunteer/students-overview/route.ts(117,55): error TS2551: Property 'externalStudent' does not exist on type '{ id: string; createdAt: string; status: string; driveId: string; studentId: string | null; externalStudentId: string | null; alumniId: string | null; attended: boolean; }'. Did you mean 'externalStudentId'?
src/app/api/volunteer/students-overview/route.ts(118,37): error TS2551: Property 'student' does not exist on type '{ id: string; createdAt: string; status: string; driveId: string; studentId: string | null; externalStudentId: string | null; alumniId: string | null; attended: boolean; }'. Did you mean 'studentId'?
src/app/api/volunteer/students-overview/route.ts(118,69): error TS2551: Property 'externalStudent' does not exist on type '{ id: string; createdAt: string; status: string; driveId: string; studentId: string | null; externalStudentId: string | null; alumniId: string | null; attended: boolean; }'. Did you mean 'externalStudentId'?
src/app/api/volunteer/students-overview/route.ts(118,109): error TS2551: Property 'alumni' does not exist on type '{ id: string; createdAt: string; status: string; driveId: string; studentId: string | null; externalStudentId: string | null; alumniId: string | null; attended: boolean; }'. Did you mean 'alumniId'?
src/app/api/volunteer/students-overview/route.ts(119,33): error TS2551: Property 'externalStudent' does not exist on type '{ id: string; createdAt: string; status: string; driveId: string; studentId: string | null; externalStudentId: string | null; alumniId: string | null; attended: boolean; }'. Did you mean 'externalStudentId'?
src/app/api/volunteer/students-overview/route.ts(119,70): error TS2551: Property 'alumni' does not exist on type '{ id: string; createdAt: string; status: string; driveId: string; studentId: string | null; externalStudentId: string | null; alumniId: string | null; attended: boolean; }'. Did you mean 'alumniId'?
src/app/api/volunteer/validate/route.ts(24,14): error TS2769: No overload matches this call.
  Overload 1 of 3, '(left: SQLiteColumn<{ name: "enrollmentNumber"; tableName: "Student"; dataType: "string"; columnType: "SQLiteText"; data: string; driverParam: string; notNull: true; hasDefault: false; isPrimaryKey: false; ... 5 more ...; generated: undefined; }, {}, { ...; }>, right: string | SQLWrapper): SQL<...>', gave the following error.
    Argument of type 'string | undefined' is not assignable to parameter of type 'string | SQLWrapper'.
      Type 'undefined' is not assignable to type 'string | SQLWrapper'.
  Overload 2 of 3, '(left: Aliased<string | undefined>, right: string | SQLWrapper | undefined): SQL<unknown>', gave the following error.
    Argument of type 'SQLiteColumn<{ name: "enrollmentNumber"; tableName: "Student"; dataType: "string"; columnType: "SQLiteText"; data: string; driverParam: string; notNull: true; hasDefault: false; isPrimaryKey: false; isAutoincrement: false; ... 4 more ...; generated: undefined; }, {}, { ...; }>' is not assignable to parameter of type 'Aliased<string | undefined>'.
      Type 'SQLiteColumn<{ name: "enrollmentNumber"; tableName: "Student"; dataType: "string"; columnType: "SQLiteText"; data: string; driverParam: string; notNull: true; hasDefault: false; isPrimaryKey: false; isAutoincrement: false; ... 4 more ...; generated: undefined; }, {}, { ...; }>' is missing the following properties from type 'Aliased<string | undefined>': sql, fieldAlias
  Overload 3 of 3, '(left: never, right: unknown): SQL<unknown>', gave the following error.
    Argument of type 'SQLiteColumn<{ name: "enrollmentNumber"; tableName: "Student"; dataType: "string"; columnType: "SQLiteText"; data: string; driverParam: string; notNull: true; hasDefault: false; isPrimaryKey: false; isAutoincrement: false; ... 4 more ...; generated: undefined; }, {}, { ...; }>' is not assignable to parameter of type 'never'.
src/app/api/volunteer/validate/route.ts(25,7): error TS2322: Type '{ id: true; email: true; name: true; }' is not assignable to type 'never'.
src/app/api/volunteer/validate/route.ts(38,7): error TS2322: Type '{ id: true; isVerified: true; isActive: true; designation: true; assignedAt: true; verificationNotes: true; assignedBy: true; }' is not assignable to type 'never'.
src/lib/home-data.ts(10,9): error TS2353: Object literal may only specify known properties, and 'status' does not exist in type 'SQL<unknown> | ((fields: { id: SQLiteColumn<{ name: "id"; tableName: "PlacementDrive"; dataType: "string"; columnType: "SQLiteText"; data: string; driverParam: string; notNull: true; hasDefault: true; isPrimaryKey: true; ... 5 more ...; generated: undefined; }, {}, { ...; }>; ... 20 more ...; allowAlumni: SQLiteColu...'.
src/lib/home-data.ts(29,18): error TS2353: Object literal may only specify known properties, and 'driveDate' does not exist in type 'ValueOrArray<SQL<unknown> | AnyColumn> | ((fields: { id: SQLiteColumn<{ name: "id"; tableName: "PlacementDrive"; dataType: "string"; columnType: "SQLiteText"; data: string; driverParam: string; ... 8 more ...; generated: undefined; }, {}, { ...; }>; ... 20 more ...; allowAlumni: SQLiteColumn<...>; }, operators: { .....'.
src/lib/home-data.ts(42,35): error TS2339: Property '$queryRaw' does not exist on type 'DrizzleD1Database<typeof import("C:/Users/91953/OneDrive/Desktop/Full-Stack/NextJS Projects/rgi-tnp/src/lib/schema")> & { $client: D1Database; }'.
src/lib/home-data.ts(69,18): error TS2353: Object literal may only specify known properties, and 'createdAt' does not exist in type 'ValueOrArray<SQL<unknown> | AnyColumn> | ((fields: { id: SQLiteColumn<{ name: "id"; tableName: "Memory"; dataType: "string"; columnType: "SQLiteText"; data: string; driverParam: string; ... 8 more ...; generated: undefined; }, {}, { ...; }>; ... 6 more ...; createdAt: SQLiteColumn<...>; }, operators: { ...; }) => Va...'.
src/lib/home-data.ts(114,18): error TS2353: Object literal may only specify known properties, and 'createdAt' does not exist in type 'ValueOrArray<SQL<unknown> | AnyColumn> | ((fields: { id: SQLiteColumn<{ name: "id"; tableName: "Volunteer"; dataType: "string"; columnType: "SQLiteText"; data: string; driverParam: string; ... 8 more ...; generated: undefined; }, {}, { ...; }>; ... 8 more ...; updatedAt: SQLiteColumn<...>; }, operators: { ...; }) =>...'.
src/lib/notification-service.ts(242,9): error TS2322: Type '{ id: true; name: true; email: true; }' is not assignable to type 'never'.
src/lib/notification-service.ts(252,9): error TS2322: Type '{ id: true; name: true; email: true; }' is not assignable to type 'never'.
src/lib/notification-service.ts(258,11): error TS2353: Object literal may only specify known properties, and 'isEmailVerified' does not exist in type 'SQL<unknown> | ((fields: { id: SQLiteColumn<{ name: "id"; tableName: "Student"; dataType: "string"; columnType: "SQLiteText"; data: string; driverParam: string; notNull: true; hasDefault: true; isPrimaryKey: true; ... 5 more ...; generated: undefined; }, {}, { ...; }>; ... 29 more ...; updatedAt: SQLiteColumn<...>; ...'.
src/lib/notification-service.ts(267,11): error TS2353: Object literal may only specify known properties, and 'isEmailVerified' does not exist in type 'SQL<unknown> | ((fields: { id: SQLiteColumn<{ name: "id"; tableName: "Student"; dataType: "string"; columnType: "SQLiteText"; data: string; driverParam: string; notNull: true; hasDefault: true; isPrimaryKey: true; ... 5 more ...; generated: undefined; }, {}, { ...; }>; ... 29 more ...; updatedAt: SQLiteColumn<...>; ...'.
src/lib/notification-service.ts(276,9): error TS2322: Type '{ id: true; name: true; personalEmail: true; }' is not assignable to type 'never'.
src/lib/notification-service.ts(281,9): error TS2353: Object literal may only specify known properties, and 'select' does not exist in type 'KnownKeysOnly<DBQueryConfig<"many", true, ExtractTablesWithRelations<typeof import("C:/Users/91953/OneDrive/Desktop/Full-Stack/NextJS Projects/rgi-tnp/src/lib/schema")>, { ...; }>, DBQueryConfig<...>>'.
src/lib/notification-service.ts(287,18): error TS2353: Object literal may only specify known properties, and 'isEmailVerified' does not exist in type 'SQL<unknown> | ((fields: { id: SQLiteColumn<{ name: "id"; tableName: "Student"; dataType: "string"; columnType: "SQLiteText"; data: string; driverParam: string; notNull: true; hasDefault: true; isPrimaryKey: true; ... 5 more ...; generated: undefined; }, {}, { ...; }>; ... 29 more ...; updatedAt: SQLiteColumn<...>; ...'.
src/lib/notification-service.ts(298,11): error TS2353: Object literal may only specify known properties, and 'driveId' does not exist in type 'SQL<unknown> | ((fields: { id: SQLiteColumn<{ name: "id"; tableName: "DriveRegistration"; dataType: "string"; columnType: "SQLiteText"; data: string; driverParam: string; notNull: true; hasDefault: true; isPrimaryKey: true; ... 5 more ...; generated: undefined; }, {}, { ...; }>; ... 6 more ...; createdAt: SQLiteColu...'.
src/lib/notification-service.ts(308,17): error TS2551: Property 'student' does not exist on type '{ id: string; createdAt: string; status: string; driveId: string; studentId: string | null; externalStudentId: string | null; alumniId: string | null; attended: boolean; }'. Did you mean 'studentId'?
src/lib/notification-service.ts(308,42): error TS2551: Property 'student' does not exist on type '{ id: string; createdAt: string; status: string; driveId: string; studentId: string | null; externalStudentId: string | null; alumniId: string | null; attended: boolean; }'. Did you mean 'studentId'?
src/lib/notification-service.ts(309,17): error TS2551: Property 'externalStudent' does not exist on type '{ id: string; createdAt: string; status: string; driveId: string; studentId: string | null; externalStudentId: string | null; alumniId: string | null; attended: boolean; }'. Did you mean 'externalStudentId'?
src/lib/notification-service.ts(309,50): error TS2551: Property 'externalStudent' does not exist on type '{ id: string; createdAt: string; status: string; driveId: string; studentId: string | null; externalStudentId: string | null; alumniId: string | null; attended: boolean; }'. Did you mean 'externalStudentId'?
src/lib/notification-service.ts(310,17): error TS2551: Property 'alumni' does not exist on type '{ id: string; createdAt: string; status: string; driveId: string; studentId: string | null; externalStudentId: string | null; alumniId: string | null; attended: boolean; }'. Did you mean 'alumniId'?
src/lib/notification-service.ts(310,42): error TS2551: Property 'alumni' does not exist on type '{ id: string; createdAt: string; status: string; driveId: string; studentId: string | null; externalStudentId: string | null; alumniId: string | null; attended: boolean; }'. Did you mean 'alumniId'?
src/lib/notification-service.ts(310,63): error TS2551: Property 'alumni' does not exist on type '{ id: string; createdAt: string; status: string; driveId: string; studentId: string | null; externalStudentId: string | null; alumniId: string | null; attended: boolean; }'. Did you mean 'alumniId'?
src/lib/notification-service.ts(310,87): error TS2551: Property 'alumni' does not exist on type '{ id: string; createdAt: string; status: string; driveId: string; studentId: string | null; externalStudentId: string | null; alumniId: string | null; attended: boolean; }'. Did you mean 'alumniId'?
src/lib/notification-service.ts(324,16): error TS2769: No overload matches this call.
  Overload 1 of 3, '(left: SQLiteColumn<{ name: "driveId"; tableName: "DriveRegistration"; dataType: "string"; columnType: "SQLiteText"; data: string; driverParam: string; notNull: true; hasDefault: false; isPrimaryKey: false; ... 5 more ...; generated: undefined; }, {}, { ...; }>, right: string | SQLWrapper): SQL<...>', gave the following error.
    Argument of type 'string | undefined' is not assignable to parameter of type 'string | SQLWrapper'.
      Type 'undefined' is not assignable to type 'string | SQLWrapper'.
  Overload 2 of 3, '(left: Aliased<string | undefined>, right: string | SQLWrapper | undefined): SQL<unknown>', gave the following error.
    Argument of type 'SQLiteColumn<{ name: "driveId"; tableName: "DriveRegistration"; dataType: "string"; columnType: "SQLiteText"; data: string; driverParam: string; notNull: true; hasDefault: false; isPrimaryKey: false; isAutoincrement: false; ... 4 more ...; generated: undefined; }, {}, { ...; }>' is not assignable to parameter of type 'Aliased<string | undefined>'.
      Type 'SQLiteColumn<{ name: "driveId"; tableName: "DriveRegistration"; dataType: "string"; columnType: "SQLiteText"; data: string; driverParam: string; notNull: true; hasDefault: false; isPrimaryKey: false; isAutoincrement: false; ... 4 more ...; generated: undefined; }, {}, { ...; }>' is missing the following properties from type 'Aliased<string | undefined>': sql, fieldAlias
  Overload 3 of 3, '(left: never, right: unknown): SQL<unknown>', gave the following error.
    Argument of type 'SQLiteColumn<{ name: "driveId"; tableName: "DriveRegistration"; dataType: "string"; columnType: "SQLiteText"; data: string; driverParam: string; notNull: true; hasDefault: false; isPrimaryKey: false; isAutoincrement: false; ... 4 more ...; generated: undefined; }, {}, { ...; }>' is not assignable to parameter of type 'never'.
src/lib/notification-service.ts(325,9): error TS2322: Type '{ student: { select: { id: true; name: true; email: true; }; }; externalStudent: { select: { id: true; name: true; email: true; }; }; alumni: { select: { id: true; name: true; personalEmail: true; }; }; }' is not assignable to type 'never'.
src/lib/notification-service.ts(332,17): error TS2551: Property 'student' does not exist on type '{ id: string; createdAt: string; status: string; driveId: string; studentId: string | null; externalStudentId: string | null; alumniId: string | null; attended: boolean; }'. Did you mean 'studentId'?
src/lib/notification-service.ts(332,42): error TS2551: Property 'student' does not exist on type '{ id: string; createdAt: string; status: string; driveId: string; studentId: string | null; externalStudentId: string | null; alumniId: string | null; attended: boolean; }'. Did you mean 'studentId'?
src/lib/notification-service.ts(333,17): error TS2551: Property 'externalStudent' does not exist on type '{ id: string; createdAt: string; status: string; driveId: string; studentId: string | null; externalStudentId: string | null; alumniId: string | null; attended: boolean; }'. Did you mean 'externalStudentId'?
src/lib/notification-service.ts(333,50): error TS2551: Property 'externalStudent' does not exist on type '{ id: string; createdAt: string; status: string; driveId: string; studentId: string | null; externalStudentId: string | null; alumniId: string | null; attended: boolean; }'. Did you mean 'externalStudentId'?
src/lib/notification-service.ts(334,17): error TS2551: Property 'alumni' does not exist on type '{ id: string; createdAt: string; status: string; driveId: string; studentId: string | null; externalStudentId: string | null; alumniId: string | null; attended: boolean; }'. Did you mean 'alumniId'?
src/lib/notification-service.ts(334,42): error TS2551: Property 'alumni' does not exist on type '{ id: string; createdAt: string; status: string; driveId: string; studentId: string | null; externalStudentId: string | null; alumniId: string | null; attended: boolean; }'. Did you mean 'alumniId'?
src/lib/notification-service.ts(334,63): error TS2551: Property 'alumni' does not exist on type '{ id: string; createdAt: string; status: string; driveId: string; studentId: string | null; externalStudentId: string | null; alumniId: string | null; attended: boolean; }'. Did you mean 'alumniId'?
src/lib/notification-service.ts(334,87): error TS2551: Property 'alumni' does not exist on type '{ id: string; createdAt: string; status: string; driveId: string; studentId: string | null; externalStudentId: string | null; alumniId: string | null; attended: boolean; }'. Did you mean 'alumniId'?
src/lib/notification-service.ts(348,16): error TS2769: No overload matches this call.
  Overload 1 of 3, '(left: SQLiteColumn<{ name: "driveId"; tableName: "DriveRegistration"; dataType: "string"; columnType: "SQLiteText"; data: string; driverParam: string; notNull: true; hasDefault: false; isPrimaryKey: false; ... 5 more ...; generated: undefined; }, {}, { ...; }>, right: string | SQLWrapper): SQL<...>', gave the following error.
    Argument of type 'string | undefined' is not assignable to parameter of type 'string | SQLWrapper'.
      Type 'undefined' is not assignable to type 'string | SQLWrapper'.
  Overload 2 of 3, '(left: Aliased<string | undefined>, right: string | SQLWrapper | undefined): SQL<unknown>', gave the following error.
    Argument of type 'SQLiteColumn<{ name: "driveId"; tableName: "DriveRegistration"; dataType: "string"; columnType: "SQLiteText"; data: string; driverParam: string; notNull: true; hasDefault: false; isPrimaryKey: false; isAutoincrement: false; ... 4 more ...; generated: undefined; }, {}, { ...; }>' is not assignable to parameter of type 'Aliased<string | undefined>'.
      Type 'SQLiteColumn<{ name: "driveId"; tableName: "DriveRegistration"; dataType: "string"; columnType: "SQLiteText"; data: string; driverParam: string; notNull: true; hasDefault: false; isPrimaryKey: false; isAutoincrement: false; ... 4 more ...; generated: undefined; }, {}, { ...; }>' is missing the following properties from type 'Aliased<string | undefined>': sql, fieldAlias
  Overload 3 of 3, '(left: never, right: unknown): SQL<unknown>', gave the following error.
    Argument of type 'SQLiteColumn<{ name: "driveId"; tableName: "DriveRegistration"; dataType: "string"; columnType: "SQLiteText"; data: string; driverParam: string; notNull: true; hasDefault: false; isPrimaryKey: false; isAutoincrement: false; ... 4 more ...; generated: undefined; }, {}, { ...; }>' is not assignable to parameter of type 'never'.
src/lib/notification-service.ts(349,9): error TS2322: Type '{ student: { select: { id: true; name: true; email: true; }; }; }' is not assignable to type 'never'.
src/lib/notification-service.ts(360,17): error TS2551: Property 'student' does not exist on type '{ id: string; createdAt: string; status: string; driveId: string; studentId: string | null; externalStudentId: string | null; alumniId: string | null; attended: boolean; }'. Did you mean 'studentId'?
src/lib/notification-service.ts(360,42): error TS2551: Property 'student' does not exist on type '{ id: string; createdAt: string; status: string; driveId: string; studentId: string | null; externalStudentId: string | null; alumniId: string | null; attended: boolean; }'. Did you mean 'studentId'?
src/lib/notification-service.ts(375,18): error TS2353: Object literal may only specify known properties, and 'driveId' does not exist in type 'SQL<unknown> | ((fields: { id: SQLiteColumn<{ name: "id"; tableName: "DriveRegistration"; dataType: "string"; columnType: "SQLiteText"; data: string; driverParam: string; notNull: true; hasDefault: true; isPrimaryKey: true; ... 5 more ...; generated: undefined; }, {}, { ...; }>; ... 6 more ...; createdAt: SQLiteColu...'.
src/lib/notification-service.ts(387,17): error TS2551: Property 'externalStudent' does not exist on type '{ id: string; createdAt: string; status: string; driveId: string; studentId: string | null; externalStudentId: string | null; alumniId: string | null; attended: boolean; }'. Did you mean 'externalStudentId'?
src/lib/notification-service.ts(387,50): error TS2551: Property 'externalStudent' does not exist on type '{ id: string; createdAt: string; status: string; driveId: string; studentId: string | null; externalStudentId: string | null; alumniId: string | null; attended: boolean; }'. Did you mean 'externalStudentId'?
src/lib/notification-service.ts(401,18): error TS2353: Object literal may only specify known properties, and 'driveId' does not exist in type 'SQL<unknown> | ((fields: { id: SQLiteColumn<{ name: "id"; tableName: "DriveRegistration"; dataType: "string"; columnType: "SQLiteText"; data: string; driverParam: string; notNull: true; hasDefault: true; isPrimaryKey: true; ... 5 more ...; generated: undefined; }, {}, { ...; }>; ... 6 more ...; createdAt: SQLiteColu...'.
src/lib/notification-service.ts(413,17): error TS2551: Property 'alumni' does not exist on type '{ id: string; createdAt: string; status: string; driveId: string; studentId: string | null; externalStudentId: string | null; alumniId: string | null; attended: boolean; }'. Did you mean 'alumniId'?
src/lib/notification-service.ts(415,21): error TS2551: Property 'alumni' does not exist on type '{ id: string; createdAt: string; status: string; driveId: string; studentId: string | null; externalStudentId: string | null; alumniId: string | null; attended: boolean; }'. Did you mean 'alumniId'?
src/lib/notification-service.ts(416,23): error TS2551: Property 'alumni' does not exist on type '{ id: string; createdAt: string; status: string; driveId: string; studentId: string | null; externalStudentId: string | null; alumniId: string | null; attended: boolean; }'. Did you mean 'alumniId'?
src/lib/notification-service.ts(417,24): error TS2551: Property 'alumni' does not exist on type '{ id: string; createdAt: string; status: string; driveId: string; studentId: string | null; externalStudentId: string | null; alumniId: string | null; attended: boolean; }'. Did you mean 'alumniId'?
